Component: ARM Compiler 5.06 update 4 (build 422) Tool: armlink [4d35d2]

==============================================================================

Section Cross References

    main.o(i.CPU_CACHE_Enable) refers to main.o(i.SCB_EnableICache) for SCB_EnableICache
    main.o(i.CPU_CACHE_Enable) refers to main.o(i.SCB_EnableDCache) for SCB_EnableDCache
    main.o(i.HAL_GetTick) refers to rt_time.o(.data) for os_time
    main.o(i.MainTask) refers to main.o(i.CPU_CACHE_Enable) for CPU_CACHE_Enable
    main.o(i.MainTask) refers to stm32f7xx_hal.o(i.HAL_Init) for HAL_Init
    main.o(i.MainTask) refers to stm32746g_discovery_sdram.o(i.BSP_SDRAM_Init) for BSP_SDRAM_Init
    main.o(i.MainTask) refers to main.o(i.SystemClock_Config) for SystemClock_Config
    main.o(i.MainTask) refers to gui_core.o(i.GUI_Init) for GUI_Init
    main.o(i.MainTask) refers to main.o(i.initPipes) for initPipes
    main.o(i.MainTask) refers to main.o(i.initBird) for initBird
    main.o(i.MainTask) refers to touch_746g_discovery.o(i.Touch_Initialize) for Touch_Initialize
    main.o(i.MainTask) refers to main.o(i.updateAllPipes) for updateAllPipes
    main.o(i.MainTask) refers to main.o(i.updateBirdy) for updateBirdy
    main.o(i.MainTask) refers to guidev_banding.o(i.GUI_MEMDEV_Draw) for GUI_MEMDEV_Draw
    main.o(i.MainTask) refers to main.o(.constdata) for .constdata
    main.o(i.MainTask) refers to main.o(.bss) for gameInfo
    main.o(i.MainTask) refers to main.o(.data) for pipeQueue
    main.o(i.MainTask) refers to main.o(i.drawRectangle) for drawRectangle
    main.o(i.SystemClock_Config) refers to stm32f7xx_hal_rcc.o(i.HAL_RCC_OscConfig) for HAL_RCC_OscConfig
    main.o(i.SystemClock_Config) refers to stm32f7xx_hal_pwr_ex.o(i.HAL_PWREx_EnableOverDrive) for HAL_PWREx_EnableOverDrive
    main.o(i.SystemClock_Config) refers to stm32f7xx_hal_rcc.o(i.HAL_RCC_ClockConfig) for HAL_RCC_ClockConfig
    main.o(i.drawRectangle) refers to _printf_percent.o(.ARM.Collect$$_printf_percent$$00000000) for _printf_percent
    main.o(i.drawRectangle) refers to _printf_d.o(.ARM.Collect$$_printf_percent$$00000009) for _printf_d
    main.o(i.drawRectangle) refers to _printf_dec.o(.text) for _printf_int_dec
    main.o(i.drawRectangle) refers to noretval__2sprintf.o(.text) for __2sprintf
    main.o(i.drawRectangle) refers to gui_core.o(i.GUI_Clear) for GUI_Clear
    main.o(i.drawRectangle) refers to gui_setcolor.o(i.GUI_SetColor) for GUI_SetColor
    main.o(i.drawRectangle) refers to gui_setfont.o(i.GUI_SetFont) for GUI_SetFont
    main.o(i.drawRectangle) refers to lcd_getex.o(i.LCD_GetXSize) for LCD_GetXSize
    main.o(i.drawRectangle) refers to gui_dispstringhcenter.o(i.GUI_DispStringHCenterAt) for GUI_DispStringHCenterAt
    main.o(i.drawRectangle) refers to gui_setcolor.o(i.GUI_SetBkColor) for GUI_SetBkColor
    main.o(i.drawRectangle) refers to gui_fillrect.o(i.GUI_FillRect) for GUI_FillRect
    main.o(i.drawRectangle) refers to gui_drawbitmap.o(i.GUI_DrawBitmap) for GUI_DrawBitmap
    main.o(i.drawRectangle) refers to main.o(.bss) for gameInfo
    main.o(i.drawRectangle) refers to f8x16.o(.constdata) for GUI_Font8x16x1x2
    main.o(i.drawRectangle) refers to main.o(.data) for pipeQueue
    main.o(i.drawRectangle) refers to bluebird.o(.constdata) for bmBlueBird
    main.o(i.hits) refers to main.o(.bss) for bird
    main.o(i.initBird) refers to main.o(.bss) for bird
    main.o(i.initPipes) refers to h1_alloc_mt.o(.text) for malloc
    main.o(i.initPipes) refers to rand.o(.emb_text) for rand
    main.o(i.initPipes) refers to pipeline.o(i.enq) for enq
    main.o(i.initPipes) refers to main.o(.data) for pipeQueue
    main.o(i.main) refers to main.o(i.MainTask) for MainTask
    main.o(i.upBirdy) refers to main.o(.bss) for bird
    main.o(i.updateAllPipes) refers to pipeline.o(i.deq) for deq
    main.o(i.updateAllPipes) refers to main.o(i.hits) for hits
    main.o(i.updateAllPipes) refers to main.o(.data) for pipeQueue
    main.o(i.updateAllPipes) refers to main.o(.bss) for gameInfo
    main.o(i.updateBirdy) refers to touch_746g_discovery.o(i.Touch_GetState) for Touch_GetState
    main.o(i.updateBirdy) refers to main.o(i.upBirdy) for upBirdy
    main.o(i.updateBirdy) refers to dflt_clz.o(x$fpl$dflt) for __aeabi_i2d
    main.o(i.updateBirdy) refers to dmul.o(x$fpl$dmul) for __aeabi_dmul
    main.o(i.updateBirdy) refers to dfix.o(x$fpl$dfix) for __aeabi_d2iz
    main.o(i.updateBirdy) refers to main.o(.bss) for bird
    pipeline.o(i.deq) refers to pipeline.o(i.queueEmpty) for queueEmpty
    pipeline.o(i.deq) refers to assert.o(.text) for __aeabi_assert
    pipeline.o(i.deq) refers to h1_free_mt.o(.text) for free
    pipeline.o(i.enq) refers to assert.o(.text) for __aeabi_assert
    pipeline.o(i.queueCreate) refers to h1_alloc_mt.o(.text) for malloc
    pipeline.o(i.queueDestroy) refers to pipeline.o(i.deq) for deq
    pipeline.o(i.queueDestroy) refers to pipeline.o(i.queueEmpty) for queueEmpty
[...]
    0x08001b70   0x00000040   Code   RO         4691    i.GUI_ALLOC_GetMaxSize  GUI_CM4F_L.lib(gui_alloc.o)
    0x08001bb0   0x0000001c   Code   RO         4700    i.GUI_ALLOC_LockH   GUI_CM4F_L.lib(gui_alloc.o)
    0x08001bcc   0x00000034   Code   RO         4701    i.GUI_ALLOC_RequestSize  GUI_CM4F_L.lib(gui_alloc.o)
    0x08001c00   0x00000030   Code   RO         4706    i.GUI_ALLOC_UnlockH  GUI_CM4F_L.lib(gui_alloc.o)
    0x08001c30   0x00000018   Code   RO         4707    i.GUI_ALLOC_h2p     GUI_CM4F_L.lib(gui_alloc.o)
    0x08001c48   0x0000003c   Code   RO         6421    i.GUI_CalcColorDist  GUI_CM4F_L.lib(gui_calccolordist.o)
    0x08001c84   0x0000001c   Code   RO         4764    i.GUI_Clear         GUI_CM4F_L.lib(gui_core.o)
    0x08001ca0   0x00000068   Code   RO         4765    i.GUI_ClearRect     GUI_CM4F_L.lib(gui_core.o)
    0x08001d08   0x00000050   Code   RO         4809    i.GUI_DEVICE_Create  GUI_CM4F_L.lib(gui_device.o)
    0x08001d58   0x00000028   Code   RO         4810    i.GUI_DEVICE_CreateAndLink  GUI_CM4F_L.lib(gui_device.o)
    0x08001d80   0x00000004   Code   RO         4811    i.GUI_DEVICE_Delete  GUI_CM4F_L.lib(gui_device.o)
    0x08001d84   0x00000088   Code   RO         4812    i.GUI_DEVICE_Link   GUI_CM4F_L.lib(gui_device.o)
    0x08001e0c   0x00000012   Code   RO         4813    i.GUI_DEVICE_LinkDevices  GUI_CM4F_L.lib(gui_device.o)
    0x08001e1e   0x00000002   PAD
    0x08001e20   0x00000034   Code   RO         4814    i.GUI_DEVICE_Unlink  GUI_CM4F_L.lib(gui_device.o)
    0x08001e54   0x00000004   Code   RO         4815    i.GUI_DEVICE_UnlinkTaskDevices  GUI_CM4F_L.lib(gui_device.o)
    0x08001e58   0x00000024   Code   RO         4817    i.GUI_DEVICE__GetpDriver  GUI_CM4F_L.lib(gui_device.o)
    0x08001e7c   0x00000108   Code   RO         6429    i.GUI_DispString    GUI_CM4F_L.lib(gui_dispstring.o)
    0x08001f84   0x00000028   Code   RO         5875    i.GUI_DispStringAt  GUI_CM4F_L.lib(gui_dispstringat.o)
    0x08001fac   0x00000034   Code   RO         4833    i.GUI_DispStringHCenterAt  GUI_CM4F_L.lib(gui_dispstringhcenter.o)
    0x08001fe0   0x00000058   Code   RO         4842    i.GUI_DrawBitmap    GUI_CM4F_L.lib(gui_drawbitmap.o)
    0x08002038   0x00000058   Code   RO         4880    i.GUI_FillRect      GUI_CM4F_L.lib(gui_fillrect.o)
    0x08002090   0x00000014   Code   RO         5082    i.GUI_GetBitsPerPixelEx  GUI_CM4F_L.lib(lcd_getex.o)
    0x080020a4   0x00000024   Code   RO         6793    i.GUI_GetCharDistX  GUI_CM4F_L.lib(gui_char.o)
    0x080020c8   0x00000028   Code   RO         6794    i.GUI_GetCharDistXEx  GUI_CM4F_L.lib(gui_char.o)
    0x080020f0   0x00000018   Code   RO         5885    i.GUI_GetColor      GUI_CM4F_L.lib(gui_getcolor.o)
    0x08002108   0x00000018   Code   RO         4888    i.GUI_GetDrawMode   GUI_CM4F_L.lib(gui_getdrawmode.o)
    0x08002120   0x0000001c   Code   RO         6795    i.GUI_GetFontDistY  GUI_CM4F_L.lib(gui_char.o)
    0x0800213c   0x00000028   Code   RO         4938    i.GUI_GetLayerPosEx  GUI_CM4F_L.lib(gui_selectlayer.o)
    0x08002164   0x0000001a   Code   RO         5897    i.GUI_GetOrg        GUI_CM4F_L.lib(gui_getorg.o)
    0x0800217e   0x00000002   PAD
    0x08002180   0x0000003c   Code   RO         6796    i.GUI_GetYAdjust    GUI_CM4F_L.lib(gui_char.o)
    0x080021bc   0x00000010   Code   RO         5083    i.GUI_GetpfColor2IndexEx  GUI_CM4F_L.lib(lcd_getex.o)
    0x080021cc   0x00000010   Code   RO         5084    i.GUI_GetpfIndex2ColorEx  GUI_CM4F_L.lib(lcd_getex.o)
    0x080021dc   0x00000022   Code   RO         5908    i.GUI_GotoXY        GUI_CM4F_L.lib(gui_goto.o)
    0x080021fe   0x00000002   PAD
    0x08002200   0x00000060   Code   RO         4767    i.GUI_Init          GUI_CM4F_L.lib(gui_core.o)
    0x08002260   0x0000006c   Code   RO         5970    i.GUI_Lock          GUI_CM4F_L.lib(gui_task.o)
    0x080022cc   0x00000044   Code   RO         6203    i.GUI_MEMDEV_Clear  GUI_CM4F_L.lib(guidev_clear.o)
    0x08002310   0x0000000c   Code   RO         6136    i.GUI_MEMDEV_CopyToLCD  GUI_CM4F_L.lib(guidev.o)
    0x0800231c   0x000000a8   Code   RO         6137    i.GUI_MEMDEV_CopyToLCDAt  GUI_CM4F_L.lib(guidev.o)
    0x080023c4   0x00000084   Code   RO         6139    i.GUI_MEMDEV_CreateEx  GUI_CM4F_L.lib(guidev.o)
    0x08002448   0x00000048   Code   RO         6140    i.GUI_MEMDEV_Delete  GUI_CM4F_L.lib(guidev.o)
    0x08002490   0x00000158   Code   RO         5338    i.GUI_MEMDEV_Draw   GUI_CM4F_L.lib(guidev_banding.o)
    0x080025e8   0x00000032   Code   RO         6141    i.GUI_MEMDEV_GetBitsPerPixel  GUI_CM4F_L.lib(guidev.o)
    0x0800261a   0x00000028   Code   RO         7083    i.GUI_MEMDEV_GetDataPtr  GUI_CM4F_L.lib(guidev_getdataptr.o)
    0x08002642   0x00000002   PAD
    0x08002644   0x00000034   Code   RO         6211    i.GUI_MEMDEV_GetYSize  GUI_CM4F_L.lib(guidev_getysize.o)
    0x08002678   0x00000038   Code   RO         6219    i.GUI_MEMDEV_ReduceYSize  GUI_CM4F_L.lib(guidev_reduceysize.o)
    0x080026b0   0x00000050   Code   RO         6143    i.GUI_MEMDEV_Select  GUI_CM4F_L.lib(guidev.o)
    0x08002700   0x00000064   Code   RO         6227    i.GUI_MEMDEV_SetOrg  GUI_CM4F_L.lib(guidev_setorg.o)
    0x08002764   0x000000f4   Code   RO         6144    i.GUI_MEMDEV__CreateFixed  GUI_CM4F_L.lib(guidev.o)
    0x08002858   0x00000020   Code   RO         6637    i.GUI_MEMDEV__WriteToActiveAlpha  GUI_CM4F_L.lib(guidev_writetoactivealpha.o)
    0x08002878   0x0000003e   Code   RO         6647    i.GUI_MEMDEV__WriteToActiveOpaque  GUI_CM4F_L.lib(guidev_writetoactiveopaque.o)
    0x080028b6   0x00000002   PAD
    0x080028b8   0x0000002c   Code   RO         4901    i.GUI_MULTIBUF_ConfirmEx  GUI_CM4F_L.lib(gui_multibuf.o)
    0x080028e4   0x00000058   Code   RO         6437    i.GUI_MergeRect     GUI_CM4F_L.lib(gui_mergerect.o)
    0x0800293c   0x0000001e   Code   RO         6445    i.GUI_MoveRect      GUI_CM4F_L.lib(gui_moverect.o)
    0x0800295a   0x00000002   PAD
    0x0800295c   0x00000060   Code   RO         6121    i.GUI_ReadRectEx    GUI_CM4F_L.lib(lcd_readrect.o)
    0x080029bc   0x00000038   Code   RO         6481    i.GUI_RectsIntersect  GUI_CM4F_L.lib(gui_rectsintersect.o)
    0x080029f4   0x0000001a   Code   RO         5923    i.GUI_SelectLCD     GUI_CM4F_L.lib(gui_selectlcd.o)
    0x08002a0e   0x00000002   PAD
    0x08002a10   0x00000038   Code   RO         4940    i.GUI_SelectLayer   GUI_CM4F_L.lib(gui_selectlayer.o)
    0x08002a48   0x00000016   Code   RO         4961    i.GUI_SetBkColor    GUI_CM4F_L.lib(gui_setcolor.o)
    0x08002a5e   0x00000016   Code   RO         4962    i.GUI_SetColor      GUI_CM4F_L.lib(gui_setcolor.o)
    0x08002a74   0x00000024   Code   RO         5932    i.GUI_SetColorIndex  GUI_CM4F_L.lib(gui_setcolorindex.o)
    0x08002a98   0x0000000c   Code   RO         4770    i.GUI_SetDefaultFont  GUI_CM4F_L.lib(gui_core.o)
    0x08002aa4   0x00000018   Code   RO         5941    i.GUI_SetDrawMode   GUI_CM4F_L.lib(gui_setdrawmode.o)
    0x08002abc   0x00000020   Code   RO         4971    i.GUI_SetFont       GUI_CM4F_L.lib(gui_setfont.o)
    0x08002adc   0x0000000c   Code   RO         4654    i.GUI_SetFuncAlphaBlending  GUI_CM4F_L.lib(gui__alpha.o)
    0x08002ae8   0x0000000c   Code   RO         4771    i.GUI_SetFuncGetpPalConvTable  GUI_CM4F_L.lib(gui_core.o)
    0x08002af4   0x0000000c   Code   RO         4656    i.GUI_SetFuncMixColors  GUI_CM4F_L.lib(gui__alpha.o)
    0x08002b00   0x0000000c   Code   RO         4657    i.GUI_SetFuncMixColorsBulk  GUI_CM4F_L.lib(gui__alpha.o)
    0x08002b0c   0x00000040   Code   RO         5949    i.GUI_SetOrg        GUI_CM4F_L.lib(gui_setorg.o)
    0x08002b4c   0x00000020   Code   RO         5957    i.GUI_SetTextAlign  GUI_CM4F_L.lib(gui_settextalign.o)
    0x08002b6c   0x00000010   Code   RO         6512    i.GUI_SignalEvent   GUI_CM4F_L.lib(gui_waitevent.o)
    0x08002b7c   0x00000010   Code   RO         6459    i.GUI_StoreKey      GUI_CM4F_L.lib(gui_onkey.o)
    0x08002b8c   0x00000010   Code   RO         3368    i.GUI_Tick          gui_x_rte.o
    0x08002b9c   0x0000002c   Code   RO         7057    i.GUI_UC__GetCharCodeInc  GUI_CM4F_L.lib(gui_uc.o)
    0x08002bc8   0x00000028   Code   RO         7059    i.GUI_UC__NumChars2NumBytes  GUI_CM4F_L.lib(gui_uc.o)
    0x08002bf0   0x00000028   Code   RO         6606    i.GUI_USAGE_AddRect  GUI_CM4F_L.lib(guidev_usage.o)
    0x08002c18   0x00000074   Code   RO         6618    i.GUI_USAGE_BM_AddHLine  GUI_CM4F_L.lib(guidev_usagebm.o)
    0x08002c8c   0x0000002c   Code   RO         6619    i.GUI_USAGE_BM_AddPixel  GUI_CM4F_L.lib(guidev_usagebm.o)
    0x08002cb8   0x0000000e   Code   RO         6620    i.GUI_USAGE_BM_Clear  GUI_CM4F_L.lib(guidev_usagebm.o)
    0x08002cc6   0x00000002   PAD
    0x08002cc8   0x0000005c   Code   RO         6621    i.GUI_USAGE_BM_Create  GUI_CM4F_L.lib(guidev_usagebm.o)
    0x08002d24   0x0000009a   Code   RO         6622    i.GUI_USAGE_BM_GetNextDirty  GUI_CM4F_L.lib(guidev_usagebm.o)
    0x08002dbe   0x0000002c   Code   RO         6607    i.GUI_USAGE_DecUseCnt  GUI_CM4F_L.lib(guidev_usage.o)
    0x08002dea   0x00000002   PAD
    0x08002dec   0x00000014   Code   RO         5971    i.GUI_Unlock        GUI_CM4F_L.lib(gui_task.o)
    0x08002e00   0x0000001c   Code   RO         3472    i.GUI_X_Config      guiconf.o
    0x08002e1c   0x0000000a   Code   RO         3371    i.GUI_X_ExecIdle    gui_x_rte.o
    0x08002e26   0x00000008   Code   RO         3372    i.GUI_X_GetTaskId   gui_x_rte.o
    0x08002e2e   0x00000002   PAD
    0x08002e30   0x00000024   Code   RO         3374    i.GUI_X_Init        gui_x_rte.o
    0x08002e54   0x00000018   Code   RO         3375    i.GUI_X_InitOS      gui_x_rte.o
    0x08002e6c   0x00000014   Code   RO         3376    i.GUI_X_Lock        gui_x_rte.o
    0x08002e80   0x00000010   Code   RO         3379    i.GUI_X_Unlock      gui_x_rte.o
    0x08002e90   0x00000016   Code   RO         4658    i.GUI__AllocAlphaBuffer  GUI_CM4F_L.lib(gui__alpha.o)
    0x08002ea6   0x00000002   PAD
    0x08002ea8   0x00000124   Code   RO         6779    i.GUI__CompactPixelIndices  GUI_CM4F_L.lib(gui__compactpixelindices.o)
    0x08002fcc   0x0000000c   Code   RO         6780    i.GUI__CompactPixelIndicesEx  GUI_CM4F_L.lib(gui__compactpixelindices.o)
    0x08002fd8   0x00000038   Code   RO         4772    i.GUI__Config       GUI_CM4F_L.lib(gui_core.o)
    0x08003010   0x00000168   Code   RO         6781    i.GUI__ConvertColor2Index  GUI_CM4F_L.lib(gui__compactpixelindices.o)
    0x08003178   0x000000b0   Code   RO         6809    i.GUI__DispLine     GUI_CM4F_L.lib(gui_charline.o)
    0x08003228   0x000001d0   Code   RO         4659    i.GUI__DoAlphaBlending  GUI_CM4F_L.lib(gui__alpha.o)
    0x080033f8   0x00000142   Code   RO         5844    i.GUI__ExpandPixelIndicesEx  GUI_CM4F_L.lib(gui__expandpixelindices.o)
    0x0800353a   0x00000002   PAD
    0x0800353c   0x0000009c   Code   RO         4660    i.GUI__GetAlphaBuffer  GUI_CM4F_L.lib(gui__alpha.o)
    0x080035d8   0x00000054   Code   RO         6810    i.GUI__GetLineDistX  GUI_CM4F_L.lib(gui_charline.o)
    0x0800362c   0x00000038   Code   RO         6811    i.GUI__GetLineNumChars  GUI_CM4F_L.lib(gui_charline.o)
    0x08003664   0x0000001c   Code   RO         5898    i.GUI__GetOrg       GUI_CM4F_L.lib(gui_getorg.o)
    0x08003680   0x00000018   Code   RO         6812    i.GUI__GetOverlap   GUI_CM4F_L.lib(gui_charline.o)
    0x08003698   0x0000003a   Code   RO         6378    i.GUI__IntersectRect  GUI_CM4F_L.lib(gui__intersectrect.o)
    0x080036d2   0x00000052   Code   RO         6386    i.GUI__IntersectRects  GUI_CM4F_L.lib(gui__intersectrects.o)
    0x08003724   0x00000010   Code   RO         6396    i.GUI__ManageCache  GUI_CM4F_L.lib(gui__managecache.o)
    0x08003734   0x000000d4   Code   RO         6397    i.GUI__ManageCacheEx  GUI_CM4F_L.lib(gui__managecache.o)
    0x08003808   0x00000066   Code   RO         4661    i.GUI__MixColors    GUI_CM4F_L.lib(gui__alpha.o)
    0x0800386e   0x0000004e   Code   RO         4662    i.GUI__MixColorsBulk  GUI_CM4F_L.lib(gui__alpha.o)
    0x080038bc   0x00000010   Code   RO         4773    i.GUI__RegisterExit  GUI_CM4F_L.lib(gui_core.o)
    0x080038cc   0x0000004c   Code   RO         5853    i.GUI__memset       GUI_CM4F_L.lib(gui__memset.o)
    0x08003918   0x00000062   Code   RO         1240    i.HAL_DMA_DeInit    stm32f7xx_hal_dma.o
    0x0800397a   0x00000002   PAD
    0x0800397c   0x000000e8   Code   RO         1244    i.HAL_DMA_Init      stm32f7xx_hal_dma.o
    0x08003a64   0x0000001a   Code   RO          943    i.HAL_Delay         stm32f7xx_hal.o
    0x08003a7e   0x00000002   PAD
    0x08003a80   0x00000218   Code   RO         1582    i.HAL_GPIO_Init     stm32f7xx_hal_gpio.o
    0x08003c98   0x0000000c   Code   RO         1586    i.HAL_GPIO_WritePin  stm32f7xx_hal_gpio.o
    0x08003ca4   0x0000000c   Code   RO            5    i.HAL_GetTick       main.o
    0x08003cb0   0x0000003c   Code   RO         2626    i.HAL_I2C_DeInit    stm32f7xx_hal_i2c.o
    0x08003cec   0x00000008   Code   RO         2634    i.HAL_I2C_GetState  stm32f7xx_hal_i2c.o
    0x08003cf4   0x000000c4   Code   RO         2635    i.HAL_I2C_Init      stm32f7xx_hal_i2c.o
    0x08003db8   0x000001bc   Code   RO         2651    i.HAL_I2C_Mem_Read  stm32f7xx_hal_i2c.o
    0x08003f74   0x000001b8   Code   RO         2654    i.HAL_I2C_Mem_Write  stm32f7xx_hal_i2c.o
    0x0800412c   0x00000002   Code   RO         2657    i.HAL_I2C_MspDeInit  stm32f7xx_hal_i2c.o
    0x0800412e   0x00000002   Code   RO         2658    i.HAL_I2C_MspInit   stm32f7xx_hal_i2c.o
    0x08004130   0x00000028   Code   RO          953    i.HAL_Init          stm32f7xx_hal.o
    0x08004158   0x00000028   Code   RO          954    i.HAL_InitTick      stm32f7xx_hal.o
    0x08004180   0x000000b4   Code   RO         1645    i.HAL_LTDC_ConfigCLUT  stm32f7xx_hal_ltdc.o
    0x08004234   0x00000060   Code   RO         1646    i.HAL_LTDC_ConfigColorKeying  stm32f7xx_hal_ltdc.o
    0x08004294   0x0000005e   Code   RO         1648    i.HAL_LTDC_ConfigLayer  stm32f7xx_hal_ltdc.o
    0x080042f2   0x0000004c   Code   RO         1653    i.HAL_LTDC_DisableColorKeying  stm32f7xx_hal_ltdc.o
    0x0800433e   0x0000004c   Code   RO         1656    i.HAL_LTDC_EnableCLUT  stm32f7xx_hal_ltdc.o
    0x0800438a   0x0000004c   Code   RO         1658    i.HAL_LTDC_EnableColorKeying  stm32f7xx_hal_ltdc.o
    0x080043d6   0x00000002   Code   RO         1661    i.HAL_LTDC_ErrorCallback  stm32f7xx_hal_ltdc.o
    0x080043d8   0x0000010c   Code   RO         1664    i.HAL_LTDC_IRQHandler  stm32f7xx_hal_ltdc.o
    0x080044e4   0x00000128   Code   RO         1665    i.HAL_LTDC_Init     stm32f7xx_hal_ltdc.o
    0x0800460c   0x00000088   Code   RO         3489    i.HAL_LTDC_LineEventCallback  lcdconf.o
    0x08004694   0x00000002   Code   RO         1668    i.HAL_LTDC_MspInit  stm32f7xx_hal_ltdc.o
    0x08004696   0x00000002   PAD
    0x08004698   0x00000048   Code   RO         1669    i.HAL_LTDC_ProgramLineEvent  stm32f7xx_hal_ltdc.o
    0x080046e0   0x00000002   Code   RO         1671    i.HAL_LTDC_ReloadEventCallback  stm32f7xx_hal_ltdc.o
    0x080046e2   0x0000005c   Code   RO         1672    i.HAL_LTDC_SetAddress  stm32f7xx_hal_ltdc.o
    0x0800473e   0x0000005c   Code   RO         1674    i.HAL_LTDC_SetAlpha  stm32f7xx_hal_ltdc.o
    0x0800479a   0x0000006c   Code   RO         1680    i.HAL_LTDC_SetWindowPosition  stm32f7xx_hal_ltdc.o
    0x08004806   0x00000074   Code   RO         1682    i.HAL_LTDC_SetWindowSize  stm32f7xx_hal_ltdc.o
    0x0800487a   0x00000002   Code   RO          956    i.HAL_MspInit       stm32f7xx_hal.o
    0x0800487c   0x00000020   Code   RO         1100    i.HAL_NVIC_EnableIRQ  stm32f7xx_hal_cortex.o
    0x0800489c   0x0000007c   Code   RO         1106    i.HAL_NVIC_SetPriority  stm32f7xx_hal_cortex.o
    0x08004918   0x00000028   Code   RO         1107    i.HAL_NVIC_SetPriorityGrouping  stm32f7xx_hal_cortex.o
    0x08004940   0x00000090   Code   RO         2050    i.HAL_PWREx_EnableOverDrive  stm32f7xx_hal_pwr_ex.o
    0x080049d0   0x00000918   Code   RO         2240    i.HAL_RCCEx_PeriphCLKConfig  stm32f7xx_hal_rcc_ex.o
    0x080052e8   0x000001b4   Code   RO         2137    i.HAL_RCC_ClockConfig  stm32f7xx_hal_rcc.o
    0x0800549c   0x000000b4   Code   RO         2146    i.HAL_RCC_GetSysClockFreq  stm32f7xx_hal_rcc.o
    0x08005550   0x000004e8   Code   RO         2149    i.HAL_RCC_OscConfig  stm32f7xx_hal_rcc.o
    0x08005a38   0x00000040   Code   RO         2280    i.HAL_SDRAM_Init    stm32f7xx_hal_sdram.o
    0x08005a78   0x00000002   Code   RO         2282    i.HAL_SDRAM_MspInit  stm32f7xx_hal_sdram.o
    0x08005a7a   0x00000028   Code   RO         2283    i.HAL_SDRAM_ProgramRefreshRate  stm32f7xx_hal_sdram.o
    0x08005aa2   0x0000003a   Code   RO         2289    i.HAL_SDRAM_SendCommand  stm32f7xx_hal_sdram.o
    0x08005adc   0x00000034   Code   RO         1111    i.HAL_SYSTICK_Config  stm32f7xx_hal_cortex.o
    0x08005b10   0x00000028   Code   RO         2677    i.I2C_Flush_TXDR    stm32f7xx_hal_i2c.o
    0x08005b38   0x0000008c   Code   RO         2685    i.I2C_IsAcknowledgeFailed  stm32f7xx_hal_i2c.o
    0x08005bc4   0x0000008c   Code   RO         2688    i.I2C_RequestMemoryRead  stm32f7xx_hal_i2c.o
    0x08005c50   0x0000008c   Code   RO         2689    i.I2C_RequestMemoryWrite  stm32f7xx_hal_i2c.o
    0x08005cdc   0x00000030   Code   RO         2692    i.I2C_TransferConfig  stm32f7xx_hal_i2c.o
    0x08005d0c   0x00000056   Code   RO         2693    i.I2C_WaitOnFlagUntilTimeout  stm32f7xx_hal_i2c.o
    0x08005d62   0x00000056   Code   RO         2695    i.I2C_WaitOnSTOPFlagUntilTimeout  stm32f7xx_hal_i2c.o
    0x08005db8   0x0000005a   Code   RO         2696    i.I2C_WaitOnTXISFlagUntilTimeout  stm32f7xx_hal_i2c.o
    0x08005e12   0x00000014   Code   RO          559    i.I2Cx_Error        stm32746g_discovery.o
    0x08005e26   0x00000002   PAD
    0x08005e28   0x00000050   Code   RO          560    i.I2Cx_Init         stm32746g_discovery.o
    0x08005e78   0x00000164   Code   RO          562    i.I2Cx_MspInit      stm32746g_discovery.o
    0x08005fdc   0x0000003a   Code   RO          563    i.I2Cx_ReadMultiple  stm32746g_discovery.o
    0x08006016   0x0000003a   Code   RO          564    i.I2Cx_WriteMultiple  stm32746g_discovery.o
    0x08006050   0x0000001c   Code   RO         5017    i.LCD_Color2Index   GUI_CM4F_L.lib(lcd.o)
    0x0800606c   0x00000056   Code   RO         4565    i.LCD_Color2Index_8666  GUI_CM4F_L.lib(guicc_8666.o)
    0x080060c2   0x00000002   PAD
    0x080060c4   0x00000204   Code   RO         5018    i.LCD_DrawBitmap    GUI_CM4F_L.lib(lcd.o)
    0x080062c8   0x00000058   Code   RO         5019    i.LCD_DrawHLine     GUI_CM4F_L.lib(lcd.o)
    0x08006320   0x00000068   Code   RO         5020    i.LCD_DrawPixel     GUI_CM4F_L.lib(lcd.o)
    0x08006388   0x00000058   Code   RO         5022    i.LCD_FillRect      GUI_CM4F_L.lib(lcd.o)
    0x080063e0   0x00000006   Code   RO         5086    i.LCD_GetBitsPerPixelEx  GUI_CM4F_L.lib(lcd_getex.o)
    0x080063e6   0x00000002   PAD
    0x080063e8   0x00000010   Code   RO         6088    i.LCD_GetColorIndex  GUI_CM4F_L.lib(lcd_getcolorindex.o)
    0x080063f8   0x00000018   Code   RO         5088    i.LCD_GetDevFunc    GUI_CM4F_L.lib(lcd_getex.o)
    0x08006410   0x00000006   Code   RO         5090    i.LCD_GetMirrorXEx  GUI_CM4F_L.lib(lcd_getex.o)
    0x08006416   0x00000006   Code   RO         5092    i.LCD_GetMirrorYEx  GUI_CM4F_L.lib(lcd_getex.o)
    0x0800641c   0x00000010   Code   RO         5093    i.LCD_GetNumColors  GUI_CM4F_L.lib(lcd_getex.o)
    0x0800642c   0x00000006   Code   RO         5094    i.LCD_GetNumColorsEx  GUI_CM4F_L.lib(lcd_getex.o)
    0x08006432   0x0000001a   Code   RO         6097    i.LCD_GetNumLayers  GUI_CM4F_L.lib(lcd_getnumdisplays.o)
    0x0800644c   0x00000010   Code   RO         5095    i.LCD_GetPalette    GUI_CM4F_L.lib(lcd_getex.o)
    0x0800645c   0x00000018   Code   RO         5096    i.LCD_GetPaletteEx  GUI_CM4F_L.lib(lcd_getex.o)
    0x08006474   0x0000000e   Code   RO         6105    i.LCD_GetPixelColor  GUI_CM4F_L.lib(lcd_getpixelcolor.o)
    0x08006482   0x00000002   PAD
    0x08006484   0x00000060   Code   RO         6544    i.LCD_GetPixelIndex  GUI_CM4F_L.lib(lcd_getp.o)
    0x080064e4   0x0000002c   Code   RO         5174    i.LCD_GetPosEx      GUI_CM4F_L.lib(lcd_set.o)
    0x08006510   0x00000006   Code   RO         5098    i.LCD_GetSwapXYEx   GUI_CM4F_L.lib(lcd_getex.o)
    0x08006516   0x00000006   Code   RO         5100    i.LCD_GetVXSizeEx   GUI_CM4F_L.lib(lcd_getex.o)
    0x0800651c   0x00000006   Code   RO         5101    i.LCD_GetVXSizeMax  GUI_CM4F_L.lib(lcd_getex.o)
    0x08006522   0x00000006   Code   RO         5103    i.LCD_GetVYSizeEx   GUI_CM4F_L.lib(lcd_getex.o)
    0x08006528   0x00000010   Code   RO         5107    i.LCD_GetXSize      GUI_CM4F_L.lib(lcd_getex.o)
    0x08006538   0x0000000c   Code   RO         5108    i.LCD_GetXSizeDisplay  GUI_CM4F_L.lib(lcd_getex.o)
    0x08006544   0x00000006   Code   RO         5109    i.LCD_GetXSizeEx    GUI_CM4F_L.lib(lcd_getex.o)
    0x0800654a   0x00000006   Code   RO         5110    i.LCD_GetXSizeMax   GUI_CM4F_L.lib(lcd_getex.o)
    0x08006550   0x0000000c   Code   RO         5114    i.LCD_GetYSizeDisplay  GUI_CM4F_L.lib(lcd_getex.o)
    0x0800655c   0x00000006   Code   RO         5115    i.LCD_GetYSizeEx    GUI_CM4F_L.lib(lcd_getex.o)
    0x08006562   0x00000006   Code   RO         5116    i.LCD_GetYSizeMax   GUI_CM4F_L.lib(lcd_getex.o)
    0x08006568   0x00000004   Code   RO         5061    i.LCD_GetpPalConvTable  GUI_CM4F_L.lib(lcd_color.o)
    0x0800656c   0x00000004   Code   RO         5062    i.LCD_GetpPalConvTableBM  GUI_CM4F_L.lib(lcd_color.o)
    0x08006570   0x00000048   Code   RO         5063    i.LCD_GetpPalConvTableUncached  GUI_CM4F_L.lib(lcd_color.o)
    0x080065b8   0x0000001c   Code   RO         5023    i.LCD_Index2Color   GUI_CM4F_L.lib(lcd.o)
    0x080065d4   0x00000064   Code   RO         4566    i.LCD_Index2Color_8666  GUI_CM4F_L.lib(guicc_8666.o)
    0x08006638   0x00000002   Code   RO         6024    i.LCD_Index2Color_888  GUI_CM4F_L.lib(guicc_888_index2color.o)
    0x0800663a   0x00000002   Code   RO         6032    i.LCD_Index2Color_8888  GUI_CM4F_L.lib(guicc_8888_index2color.o)
    0x0800663c   0x0000002c   Code   RO         4980    i.LCD_Index2Color_M565  GUI_CM4F_L.lib(guicc_m565.o)
    0x08006668   0x00000014   Code   RO         6048    i.LCD_Index2Color_M888  GUI_CM4F_L.lib(guicc_m888_index2color.o)
    0x0800667c   0x0000001e   Code   RO         6040    i.LCD_Index2Color_M8888I  GUI_CM4F_L.lib(guicc_m8888i_index2color.o)
    0x0800669a   0x0000008a   Code   RO         5024    i.LCD_Init          GUI_CM4F_L.lib(lcd.o)
    0x08006724   0x00000034   Code   RO         5064    i.LCD_InitColors    GUI_CM4F_L.lib(lcd_color.o)
    0x08006758   0x0000007c   Code   RO         5065    i.LCD_InitLUT       GUI_CM4F_L.lib(lcd_color.o)
    0x080067d4   0x00000198   Code   RO         6123    i.LCD_ReadRectEx    GUI_CM4F_L.lib(lcd_readrect.o)
    0x0800696c   0x00000040   Code   RO         6553    i.LCD_SelectLCD     GUI_CM4F_L.lib(lcd_selectlcd.o)
    0x080069ac   0x0000000c   Code   RO         5025    i.LCD_SetBkColor    GUI_CM4F_L.lib(lcd.o)
    0x080069b8   0x00000018   Code   RO         5026    i.LCD_SetBkColorIndex  GUI_CM4F_L.lib(lcd.o)
    0x080069d0   0x00000030   Code   RO         6561    i.LCD_SetClipRectEx  GUI_CM4F_L.lib(lcd_setcliprectex.o)
    0x08006a00   0x0000001c   Code   RO         5027    i.LCD_SetClipRectMax  GUI_CM4F_L.lib(lcd.o)
    0x08006a1c   0x0000000c   Code   RO         5028    i.LCD_SetColor      GUI_CM4F_L.lib(lcd.o)
    0x08006a28   0x00000018   Code   RO         5029    i.LCD_SetColorIndex  GUI_CM4F_L.lib(lcd.o)
    0x08006a40   0x0000002c   Code   RO         5185    i.LCD_SetDevFunc    GUI_CM4F_L.lib(lcd_set.o)
    0x08006a6c   0x0000000c   Code   RO         5119    i.LCD_SetDisplaySize  GUI_CM4F_L.lib(lcd_getex.o)
    0x08006a78   0x0000000c   Code   RO         5030    i.LCD_SetDrawMode   GUI_CM4F_L.lib(lcd.o)
    0x08006a84   0x0000002c   Code   RO         5187    i.LCD_SetLUTEntryEx  GUI_CM4F_L.lib(lcd_set.o)
    0x08006ab0   0x0000002c   Code   RO         5192    i.LCD_SetSizeEx     GUI_CM4F_L.lib(lcd_set.o)
    0x08006adc   0x00000028   Code   RO         5194    i.LCD_SetVRAMAddrEx  GUI_CM4F_L.lib(lcd_set.o)
    0x08006b04   0x0000002c   Code   RO         5196    i.LCD_SetVSizeEx    GUI_CM4F_L.lib(lcd_set.o)
    0x08006b30   0x00000024   Code   RO         6569    i.LCD_UpdateColorIndices  GUI_CM4F_L.lib(lcd_updatecolorindices.o)
    0x08006b54   0x0000015c   Code   RO         3490    i.LCD_X_Config      lcdconf.o
    0x08006cb0   0x00000100   Code   RO         3491    i.LCD_X_DisplayDriver  lcdconf.o
    0x08006db0   0x00000024   Code   RO          397    i.LCD_X_DisplayOff  lcd_x.o
    0x08006dd4   0x00000020   Code   RO          398    i.LCD_X_DisplayOn   lcd_x.o
    0x08006df4   0x0000012c   Code   RO          399    i.LCD_X_Init        lcd_x.o
    0x08006f20   0x000001b4   Code   RO         5031    i.LCD__DrawBitmap_1bpp  GUI_CM4F_L.lib(lcd.o)
    0x080070d4   0x0000005c   Code   RO         5120    i.LCD__GetBPP       GUI_CM4F_L.lib(lcd_getex.o)
    0x08007130   0x00000032   Code   RO         5121    i.LCD__GetBPPDevice  GUI_CM4F_L.lib(lcd_getex.o)
    0x08007162   0x00000002   PAD
    0x08007164   0x00000010   Code   RO         3492    i.LTDC_IRQHandler   lcdconf.o
    0x08007174   0x00000212   Code   RO         1684    i.LTDC_SetConfig    stm32f7xx_hal_ltdc.o
    0x08007386   0x00000002   PAD
    0x08007388   0x00000070   Code   RO            6    i.MainTask          main.o
    0x080073f8   0x00000010   Code   RO         1113    i.NVIC_GetPriorityGrouping  stm32f7xx_hal_cortex.o
    0x08007408   0x00000028   Code   RO         1114    i.NVIC_SetPriority  stm32f7xx_hal_cortex.o
    0x08007430   0x0000009c   Code   RO            7    i.SCB_EnableDCache  main.o
    0x080074cc   0x0000007c   Code   RO            8    i.SCB_EnableICache  main.o
    0x08007548   0x00000056   Code   RO            9    i.SystemClock_Config  main.o
    0x0800759e   0x00000002   PAD
    0x080075a0   0x00000064   Code   RO         2588    i.SystemInit        system_stm32f7xx.o
    0x08007604   0x0000000c   Code   RO          565    i.TS_IO_Delay       stm32746g_discovery.o
    0x08007610   0x00000010   Code   RO          566    i.TS_IO_Init        stm32746g_discovery.o
    0x08007620   0x00000028   Code   RO          567    i.TS_IO_Read        stm32746g_discovery.o
    0x08007648   0x00000024   Code   RO          568    i.TS_IO_Write       stm32746g_discovery.o
    0x0800766c   0x0000003c   Code   RO          839    i.Touch_GetState    touch_746g_discovery.o
    0x080076a8   0x0000001c   Code   RO          840    i.Touch_Initialize  touch_746g_discovery.o
    0x080076c4   0x00000010   Code   RO         6235    i.WM_Activate       GUI_CM4F_L.lib(wm.o)
    0x080076d4   0x00000088   Code   RO         6673    i.WM_BringToBottom  GUI_CM4F_L.lib(wm_bringtobottom.o)
    0x0800775c   0x00000150   Code   RO         6237    i.WM_CreateWindowAsChild  GUI_CM4F_L.lib(wm.o)
    0x080078ac   0x00000020   Code   RO         6238    i.WM_Deactivate     GUI_CM4F_L.lib(wm.o)
    0x080078cc   0x00000046   Code   RO         6239    i.WM_DefaultProc    GUI_CM4F_L.lib(wm.o)
    0x08007912   0x00000002   PAD
    0x08007914   0x00000018   Code   RO         6367    i.WM_GetDesktopWindow  GUI_CM4F_L.lib(wm_getdesktopwindow.o)
    0x0800792c   0x0000001a   Code   RO         6703    i.WM_GetFirstChild  GUI_CM4F_L.lib(wm_getfirstchild.o)
    0x08007946   0x0000001a   Code   RO         7171    i.WM_GetParent      GUI_CM4F_L.lib(wm_getparent.o)
    0x08007960   0x000000d4   Code   RO         6245    i.WM_Init           GUI_CM4F_L.lib(wm.o)
    0x08007a34   0x00000080   Code   RO         6246    i.WM_InvalidateRect  GUI_CM4F_L.lib(wm.o)
    0x08007ab4   0x00000006   Code   RO         6247    i.WM_InvalidateWindow  GUI_CM4F_L.lib(wm.o)
    0x08007aba   0x0000005e   Code   RO         6248    i.WM_InvalidateWindowAndDescsEx  GUI_CM4F_L.lib(wm.o)
    0x08007b18   0x00000044   Code   RO         6249    i.WM_SelectWindow   GUI_CM4F_L.lib(wm.o)
    0x08007b5c   0x00000026   Code   RO         6727    i.WM_SendToParent   GUI_CM4F_L.lib(wm_sendtoparent.o)
    0x08007b82   0x00000002   PAD
    0x08007b84   0x00000048   Code   RO         6252    i.WM__ActivateClipRect  GUI_CM4F_L.lib(wm.o)
    0x08007bcc   0x00000010   Code   RO         6681    i.WM__AddCriticalHandle  GUI_CM4F_L.lib(wm_criticalhandle.o)
    0x08007bdc   0x00000010   Code   RO         6253    i.WM__Client2Screen  GUI_CM4F_L.lib(wm.o)
    0x08007bec   0x0000004e   Code   RO         6254    i.WM__ClipAtParentBorders  GUI_CM4F_L.lib(wm.o)
    0x08007c3a   0x00000020   Code   RO         6693    i.WM__GetClientRectEx  GUI_CM4F_L.lib(wm_getclientrect.o)
    0x08007c5a   0x00000018   Code   RO         6257    i.WM__GetClientRectWin  GUI_CM4F_L.lib(wm.o)
    0x08007c72   0x00000012   Code   RO         7365    i.WM__GetFirstSibling  GUI_CM4F_L.lib(wm__getfirstsibling.o)
    0x08007c84   0x00000040   Code   RO         6258    i.WM__GetNextIVR    GUI_CM4F_L.lib(wm.o)
    0x08007cc4   0x00000024   Code   RO         7123    i.WM__GetPrevSibling  GUI_CM4F_L.lib(wm__getprevsibling.o)
    0x08007ce8   0x00000018   Code   RO         6259    i.WM__GetTopLevelLayer  GUI_CM4F_L.lib(wm.o)
    0x08007d00   0x000000f0   Code   RO         6260    i.WM__InitIVRSearch  GUI_CM4F_L.lib(wm.o)
    0x08007df0   0x000000a4   Code   RO         6261    i.WM__InsertWindowIntoList  GUI_CM4F_L.lib(wm.o)
    0x08007e94   0x00000006   Code   RO         6262    i.WM__Invalidate1Abs  GUI_CM4F_L.lib(wm.o)
    0x08007e9a   0x00000002   PAD
    0x08007e9c   0x00000054   Code   RO         6263    i.WM__InvalidateDrawAndDescs  GUI_CM4F_L.lib(wm.o)
    0x08007ef0   0x00000076   Code   RO         6265    i.WM__InvalidateRect  GUI_CM4F_L.lib(wm.o)
    0x08007f66   0x00000006   Code   RO         6266    i.WM__InvalidateRectEx  GUI_CM4F_L.lib(wm.o)
    0x08007f6c   0x00000020   Code   RO         6271    i.WM__RectIsNZ      GUI_CM4F_L.lib(wm.o)
    0x08007f8c   0x00000014   Code   RO         6273    i.WM__SelectTopLevelLayer  GUI_CM4F_L.lib(wm.o)
    0x08007fa0   0x0000003c   Code   RO         6664    i.WM__SendMessage   GUI_CM4F_L.lib(wm__sendmessage.o)
    0x08007fdc   0x00000026   Code   RO         6359    i.WM__SendMessageNoPara  GUI_CM4F_L.lib(wm__sendmessagenopara.o)
    0x08008002   0x0000000e   Code   RO         6274    i.WM__SendMsgNoData  GUI_CM4F_L.lib(wm.o)
    0x08008010   0x00000090   Code   RO         4709    i._AddFreeMemory    GUI_CM4F_L.lib(gui_alloc.o)
    0x080080a0   0x000000b8   Code   RO         4710    i._Alloc            GUI_CM4F_L.lib(gui_alloc.o)
    0x08008158   0x00000004   Code   RO         5991    i._CalcSizeOfChar   GUI_CM4F_L.lib(gui_uc_encodenone.o)
    0x0800815c   0x0000004c   Code   RO         4981    i._Color2IndexBulk  GUI_CM4F_L.lib(guicc_m565.o)
    0x080081a8   0x00000034   Code   RO         5000    i._Color2IndexBulk  GUI_CM4F_L.lib(guicc_m888.o)
    0x080081dc   0x0000000e   Code   RO         6528    i._Color2IndexBulk  GUI_CM4F_L.lib(guicc_8888.o)
    0x080081ea   0x00000002   PAD
    0x080081ec   0x00000044   Code   RO         4548    i._Color2IndexBulk_1616I  GUI_CM4F_L.lib(guicc_1616i.o)
    0x08008230   0x00000038   Code   RO         4579    i._Color2IndexBulk_88666I  GUI_CM4F_L.lib(guicc_88666i.o)
    0x08008268   0x00000054   Code   RO         4597    i._Color2IndexBulk_M1555I  GUI_CM4F_L.lib(guicc_m1555i.o)
    0x080082bc   0x0000001c   Code   RO         3493    i._Color2IndexBulk_M1555I_DMA2D  lcdconf.o
    0x080082d8   0x00000060   Code   RO         4617    i._Color2IndexBulk_M4444I  GUI_CM4F_L.lib(guicc_m4444i.o)
    0x08008338   0x0000001c   Code   RO         3494    i._Color2IndexBulk_M4444I_DMA2D  lcdconf.o
    0x08008354   0x00000044   Code   RO         4637    i._Color2IndexBulk_M8888I  GUI_CM4F_L.lib(guicc_m8888i.o)
    0x08008398   0x0000001c   Code   RO         3495    i._Color2IndexBulk_M8888I_DMA2D  lcdconf.o
    0x080083b4   0x0000001c   Code   RO         3496    i._Color2IndexBulk_M888_DMA2D  lcdconf.o
    0x080083d0   0x00000054   Code   RO         6009    i._Color2Index_0    GUI_CM4F_L.lib(guicc_0.o)
    0x08008424   0x00000072   Code   RO         5788    i._Color2Index_16   GUI_CM4F_L.lib(guicc_16.o)
    0x08008496   0x00000002   PAD
    0x08008498   0x00000028   Code   RO         4549    i._Color2Index_1616I  GUI_CM4F_L.lib(guicc_1616i.o)
    0x080084c0   0x00000020   Code   RO         4580    i._Color2Index_88666I  GUI_CM4F_L.lib(guicc_88666i.o)
    0x080084e0   0x00000002   Code   RO         6529    i._Color2Index_8888  GUI_CM4F_L.lib(guicc_8888.o)
    0x080084e2   0x00000002   PAD
    0x080084e4   0x00000030   Code   RO         4598    i._Color2Index_M1555I  GUI_CM4F_L.lib(guicc_m1555i.o)
    0x08008514   0x0000003a   Code   RO         4618    i._Color2Index_M4444I  GUI_CM4F_L.lib(guicc_m4444i.o)
    0x0800854e   0x00000002   PAD
    0x08008550   0x0000002c   Code   RO         4982    i._Color2Index_M565  GUI_CM4F_L.lib(guicc_m565.o)
    0x0800857c   0x00000014   Code   RO         5001    i._Color2Index_M888  GUI_CM4F_L.lib(guicc_m888.o)
    0x08008590   0x0000001e   Code   RO         4638    i._Color2Index_M8888I  GUI_CM4F_L.lib(guicc_m8888i.o)
    0x080085ae   0x0000003e   Code   RO         6648    i._Convert16        GUI_CM4F_L.lib(guidev_writetoactiveopaque.o)
    0x080085ec   0x0000003e   Code   RO         6649    i._Convert8         GUI_CM4F_L.lib(guidev_writetoactiveopaque.o)
    0x0800862a   0x00000050   Code   RO         5231    i._CopyBuffer       GUI_CM4F_L.lib(guidrv_lin_24.o)
    0x0800867a   0x00000002   PAD
    0x0800867c   0x00000054   Code   RO         3497    i._DMA_AlphaBlending  lcdconf.o
    0x080086d0   0x00000040   Code   RO         3498    i._DMA_AlphaBlendingBulk  lcdconf.o
    0x08008710   0x00000034   Code   RO         3499    i._DMA_Color2IndexBulk  lcdconf.o
    0x08008744   0x00000040   Code   RO         3500    i._DMA_ConvertColor  lcdconf.o
    0x08008784   0x0000004c   Code   RO         3501    i._DMA_Copy         lcdconf.o
    0x080087d0   0x00000044   Code   RO         3502    i._DMA_DrawBitmapL8  lcdconf.o
    0x08008814   0x00000024   Code   RO         3503    i._DMA_ExecOperation  lcdconf.o
    0x08008838   0x00000048   Code   RO         3504    i._DMA_Fill         lcdconf.o
    0x08008880   0x00000034   Code   RO         3505    i._DMA_Index2ColorBulk  lcdconf.o
    0x080088b4   0x00000024   Code   RO         3506    i._DMA_LoadLUT      lcdconf.o
    0x080088d8   0x0000009c   Code   RO         3507    i._DMA_MixColors    lcdconf.o
    0x08008974   0x00000054   Code   RO         3508    i._DMA_MixColorsBulk  lcdconf.o
    0x080089c8   0x00000020   Code   RO         6276    i._DesktopHandle2Index  GUI_CM4F_L.lib(wm.o)
    0x080089e8   0x00000074   Code   RO         6813    i._DispLine         GUI_CM4F_L.lib(gui_charline.o)
    0x08008a5c   0x000000b0   Code   RO         4854    i._DoClipping       GUI_CM4F_L.lib(gui_drawbitmap_8888.o)
    0x08008b0c   0x00000648   Code   RO         5232    i._DrawBitLine1BPP  GUI_CM4F_L.lib(guidrv_lin_24.o)
    0x08009154   0x0000011c   Code   RO         6162    i._DrawBitLine1BPP  GUI_CM4F_L.lib(guidev_32.o)
    0x08009270   0x00000114   Code   RO         5233    i._DrawBitLine2BPP  GUI_CM4F_L.lib(guidrv_lin_24.o)
    0x08009384   0x000000e0   Code   RO         6163    i._DrawBitLine2BPP  GUI_CM4F_L.lib(guidev_32.o)
    0x08009464   0x00000152   Code   RO         5234    i._DrawBitLine32BPP  GUI_CM4F_L.lib(guidrv_lin_24.o)
    0x080095b6   0x00000002   PAD
    0x080095b8   0x000000a2   Code   RO         6164    i._DrawBitLine32BPP_DDB  GUI_CM4F_L.lib(guidev_32.o)
    0x0800965a   0x00000002   PAD
    0x0800965c   0x00000114   Code   RO         5235    i._DrawBitLine4BPP  GUI_CM4F_L.lib(guidrv_lin_24.o)
    0x08009770   0x00000158   Code   RO         6165    i._DrawBitLine4BPP  GUI_CM4F_L.lib(guidev_32.o)
    0x080098c8   0x0000009c   Code   RO         5236    i._DrawBitLine8BPP  GUI_CM4F_L.lib(guidrv_lin_24.o)
    0x08009964   0x00000446   Code   RO         4855    i._DrawBitmap       GUI_CM4F_L.lib(gui_drawbitmap_8888.o)
    0x08009daa   0x00000002   PAD
    0x08009dac   0x00000148   Code   RO         5237    i._DrawBitmap       GUI_CM4F_L.lib(guidrv_lin_24.o)
    0x08009ef4   0x000002a4   Code   RO         6166    i._DrawBitmap       GUI_CM4F_L.lib(guidev_32.o)
    0x0800a198   0x00000098   Code   RO         4856    i._DrawBitmapHW     GUI_CM4F_L.lib(gui_drawbitmap_8888.o)
    0x0800a230   0x0000000c   Code   RO         4857    i._DrawBitmapHW_8888  GUI_CM4F_L.lib(gui_drawbitmap_8888.o)
    0x0800a23c   0x00000028   Code   RO         4858    i._DrawBitmap_8888  GUI_CM4F_L.lib(gui_drawbitmap_8888.o)
    0x0800a264   0x0000000a   Code   RO         5238    i._DrawHLine        GUI_CM4F_L.lib(guidrv_lin_24.o)
    0x0800a26e   0x0000000a   Code   RO         6167    i._DrawHLine        GUI_CM4F_L.lib(guidev_32.o)
    0x0800a278   0x0000000c   Code   RO         5239    i._DrawVLine        GUI_CM4F_L.lib(guidrv_lin_24.o)
    0x0800a284   0x000000ac   Code   RO         6168    i._DrawVLine        GUI_CM4F_L.lib(guidev_32.o)
    0x0800a330   0x00000006   Code   RO         5992    i._Encode           GUI_CM4F_L.lib(gui_uc_encodenone.o)
    0x0800a336   0x00000002   PAD
    0x0800a338   0x00000098   Code   RO         4711    i._EnlargeBlocks    GUI_CM4F_L.lib(gui_alloc.o)
    0x0800a3d0   0x00000028   Code   RO         5240    i._FillRect         GUI_CM4F_L.lib(guidrv_lin_24.o)
    0x0800a3f8   0x000000a4   Code   RO         6169    i._FillRect         GUI_CM4F_L.lib(guidev_32.o)
    0x0800a49c   0x00000338   Code   RO         5241    i._FillRectOpt24    GUI_CM4F_L.lib(guidrv_lin_24.o)
    0x0800a7d4   0x00000148   Code   RO         6280    i._FindNext_IVR     GUI_CM4F_L.lib(wm.o)
    0x0800a91c   0x0000007c   Code   RO         6281    i._Findx0           GUI_CM4F_L.lib(wm.o)
    0x0800a998   0x00000072   Code   RO         6282    i._Findx1           GUI_CM4F_L.lib(wm.o)
    0x0800aa0a   0x000000a6   Code   RO         6283    i._Findy1           GUI_CM4F_L.lib(wm.o)
    0x0800aab0   0x00000004   Code   RO         6623    i._GUI_USAGE_BM_Delete  GUI_CM4F_L.lib(guidev_usagebm.o)
    0x0800aab4   0x00000028   Code   RO         3509    i._GetBufferSize    lcdconf.o
    0x0800aadc   0x00000004   Code   RO         5993    i._GetCharCode      GUI_CM4F_L.lib(gui_uc_encodenone.o)
    0x0800aae0   0x00000004   Code   RO         5994    i._GetCharSize      GUI_CM4F_L.lib(gui_uc_encodenone.o)
    0x0800aae4   0x00000010   Code   RO         5242    i._GetDevData       GUI_CM4F_L.lib(guidrv_lin_24.o)
    0x0800aaf4   0x00000010   Code   RO         6170    i._GetDevData       GUI_CM4F_L.lib(guidev_32.o)
    0x0800ab04   0x000000d4   Code   RO         5243    i._GetDevFunc       GUI_CM4F_L.lib(guidrv_lin_24.o)
    0x0800abd8   0x00000010   Code   RO         6171    i._GetDevFunc       GUI_CM4F_L.lib(guidev_32.o)
    0x0800abe8   0x0000001e   Code   RO         5122    i._GetDevProp       GUI_CM4F_L.lib(lcd_getex.o)
    0x0800ac06   0x0000003c   Code   RO         5244    i._GetDevProp       GUI_CM4F_L.lib(guidrv_lin_24.o)
    0x0800ac42   0x0000000c   Code   RO         6172    i._GetDevProp       GUI_CM4F_L.lib(guidev_32.o)
    0x0800ac4e   0x00000052   Code   RO         6010    i._GetIndexMask_0   GUI_CM4F_L.lib(guicc_0.o)
    0x0800aca0   0x00000004   Code   RO         5789    i._GetIndexMask_16  GUI_CM4F_L.lib(guicc_16.o)
    0x0800aca4   0x00000004   Code   RO         4550    i._GetIndexMask_1616I  GUI_CM4F_L.lib(guicc_1616i.o)
    0x0800aca8   0x00000004   Code   RO         4567    i._GetIndexMask_8666  GUI_CM4F_L.lib(guicc_8666.o)
    0x0800acac   0x00000006   Code   RO         4581    i._GetIndexMask_88666I  GUI_CM4F_L.lib(guicc_88666i.o)
    0x0800acb2   0x00000006   Code   RO         6530    i._GetIndexMask_8888  GUI_CM4F_L.lib(guicc_8888.o)
    0x0800acb8   0x00000006   Code   RO         4599    i._GetIndexMask_M1555I  GUI_CM4F_L.lib(guicc_m1555i.o)
    0x0800acbe   0x00000006   Code   RO         4619    i._GetIndexMask_M4444I  GUI_CM4F_L.lib(guicc_m4444i.o)
    0x0800acc4   0x00000006   Code   RO         4983    i._GetIndexMask_M565  GUI_CM4F_L.lib(guicc_m565.o)
    0x0800acca   0x00000006   Code   RO         5002    i._GetIndexMask_M888  GUI_CM4F_L.lib(guicc_m888.o)
    0x0800acd0   0x00000006   Code   RO         4639    i._GetIndexMask_M8888I  GUI_CM4F_L.lib(guicc_m8888i.o)
    0x0800acd6   0x0000001e   Code   RO         5123    i._GetMaxValue      GUI_CM4F_L.lib(lcd_getex.o)
    0x0800acf4   0x0000001c   Code   RO         4712    i._GetMinIndex      GUI_CM4F_L.lib(gui_alloc.o)
    0x0800ad10   0x00000058   Code   RO         5245    i._GetPixelIndex    GUI_CM4F_L.lib(guidrv_lin_24.o)
    0x0800ad68   0x0000000e   Code   RO         6173    i._GetPixelIndex    GUI_CM4F_L.lib(guidev_32.o)
    0x0800ad76   0x00000002   PAD
    0x0800ad78   0x00000088   Code   RO         3510    i._GetPixelformat   lcdconf.o
    0x0800ae00   0x0000001c   Code   RO         5246    i._GetPos           GUI_CM4F_L.lib(guidrv_lin_24.o)
    0x0800ae1c   0x00000016   Code   RO         5247    i._GetRect          GUI_CM4F_L.lib(guidrv_lin_24.o)
    0x0800ae32   0x00000034   Code   RO         6174    i._GetRect          GUI_CM4F_L.lib(guidev_32.o)
    0x0800ae66   0x00000002   PAD
    0x0800ae68   0x0000003c   Code   RO         5972    i._GetTaskNo        GUI_CM4F_L.lib(gui_task.o)
    0x0800aea4   0x00000010   Code   RO         5910    i._GotoX            GUI_CM4F_L.lib(gui_goto.o)
    0x0800aeb4   0x00000010   Code   RO         5911    i._GotoY            GUI_CM4F_L.lib(gui_goto.o)
    0x0800aec4   0x00000058   Code   RO         4984    i._Index2ColorBulk  GUI_CM4F_L.lib(guicc_m565.o)
    0x0800af1c   0x00000034   Code   RO         5003    i._Index2ColorBulk  GUI_CM4F_L.lib(guicc_m888.o)
    0x0800af50   0x0000000e   Code   RO         6531    i._Index2ColorBulk  GUI_CM4F_L.lib(guicc_8888.o)
    0x0800af5e   0x00000002   PAD
    0x0800af60   0x0000004c   Code   RO         4551    i._Index2ColorBulk_1616I  GUI_CM4F_L.lib(guicc_1616i.o)
    0x0800afac   0x00000044   Code   RO         4582    i._Index2ColorBulk_88666I  GUI_CM4F_L.lib(guicc_88666i.o)
    0x0800aff0   0x0000005c   Code   RO         4600    i._Index2ColorBulk_M1555I  GUI_CM4F_L.lib(guicc_m1555i.o)
    0x0800b04c   0x0000001c   Code   RO         3511    i._Index2ColorBulk_M1555I_DMA2D  lcdconf.o
    0x0800b068   0x0000005c   Code   RO         4620    i._Index2ColorBulk_M4444I  GUI_CM4F_L.lib(guicc_m4444i.o)
    0x0800b0c4   0x0000001c   Code   RO         3512    i._Index2ColorBulk_M4444I_DMA2D  lcdconf.o
    0x0800b0e0   0x00000044   Code   RO         4640    i._Index2ColorBulk_M8888I  GUI_CM4F_L.lib(guicc_m8888i.o)
    0x0800b124   0x0000001c   Code   RO         3513    i._Index2ColorBulk_M8888I_DMA2D  lcdconf.o
    0x0800b140   0x0000001c   Code   RO         3514    i._Index2ColorBulk_M888_DMA2D  lcdconf.o
    0x0800b15c   0x00000020   Code   RO         6011    i._Index2Color_0    GUI_CM4F_L.lib(guicc_0.o)
    0x0800b17c   0x00000036   Code   RO         5790    i._Index2Color_16   GUI_CM4F_L.lib(guicc_16.o)
    0x0800b1b2   0x00000002   PAD
    0x0800b1b4   0x00000028   Code   RO         4552    i._Index2Color_1616I  GUI_CM4F_L.lib(guicc_1616i.o)
    0x0800b1dc   0x00000020   Code   RO         4583    i._Index2Color_88666I  GUI_CM4F_L.lib(guicc_88666i.o)
    0x0800b1fc   0x00000030   Code   RO         4601    i._Index2Color_M1555I  GUI_CM4F_L.lib(guicc_m1555i.o)
    0x0800b22c   0x00000030   Code   RO         4621    i._Index2Color_M4444I  GUI_CM4F_L.lib(guicc_m4444i.o)
    0x0800b25c   0x00000018   Code   RO         5248    i._Init             GUI_CM4F_L.lib(guidrv_lin_24.o)
    0x0800b274   0x00000070   Code   RO         4774    i._InitContext      GUI_CM4F_L.lib(gui_core.o)
    0x0800b2e4   0x00000094   Code   RO         4713    i._InitOnce         GUI_CM4F_L.lib(gui_alloc.o)
    0x0800b378   0x00000024   Code   RO         5249    i._InitOnce         GUI_CM4F_L.lib(guidrv_lin_24.o)
    0x0800b39c   0x00000080   Code   RO         6284    i._Invalidate1Abs   GUI_CM4F_L.lib(wm.o)
    0x0800b41c   0x00000014   Code   RO         3515    i._InvertAlpha      lcdconf.o
    0x0800b430   0x0000002c   Code   RO         3516    i._InvertAlpha_SwapRB  lcdconf.o
    0x0800b45c   0x00000060   Code   RO         3517    i._LCD_CopyBuffer   lcdconf.o
    0x0800b4bc   0x0000009c   Code   RO         3518    i._LCD_CopyRect     lcdconf.o
    0x0800b558   0x0000001c   Code   RO         3519    i._LCD_DisplayOff   lcdconf.o
    0x0800b574   0x0000001c   Code   RO         3520    i._LCD_DisplayOn    lcdconf.o
    0x0800b590   0x00000084   Code   RO         3521    i._LCD_DrawBitmap16bpp  lcdconf.o
    0x0800b614   0x00000084   Code   RO         3522    i._LCD_DrawBitmap8bpp  lcdconf.o
    0x0800b698   0x000000a8   Code   RO         3523    i._LCD_FillRect     lcdconf.o
    0x0800b740   0x00000070   Code   RO         3524    i._LCD_GetpPalConvTable  lcdconf.o
    0x0800b7b0   0x000001cc   Code   RO         3525    i._LCD_InitController  lcdconf.o
    0x0800b97c   0x00000084   Code   RO         3526    i._LCD_MixColorsBulk  lcdconf.o
    0x0800ba00   0x0000002c   Code   RO         3527    i._LCD_SetChroma    lcdconf.o
    0x0800ba2c   0x00000020   Code   RO         3528    i._LCD_SetChromaMode  lcdconf.o
    0x0800ba4c   0x00000034   Code   RO         3529    i._LCD_SetLUTEntry  lcdconf.o
    0x0800ba80   0x00000018   Code   RO         3530    i._LCD_SetLayerAlpha  lcdconf.o
    0x0800ba98   0x0000001c   Code   RO         3531    i._LCD_SetLayerPos  lcdconf.o
    0x0800bab4   0x0000001c   Code   RO         3532    i._LCD_SetLayerSize  lcdconf.o
    0x0800bad0   0x00000044   Code   RO         3533    i._LCD_SetOrg       lcdconf.o
    0x0800bb14   0x0000004c   Code   RO         3534    i._LCD_SetVis       lcdconf.o
    0x0800bb60   0x00000002   Code   RO         6814    i._Log2VisBuffered  GUI_CM4F_L.lib(gui_charline.o)
    0x0800bb62   0x00000008   Code   RO         5340    i._Min              GUI_CM4F_L.lib(guidev_banding.o)
    0x0800bb6a   0x0000000a   Code   RO         5250    i._Off              GUI_CM4F_L.lib(guidrv_lin_24.o)
    0x0800bb74   0x0000000a   Code   RO         5251    i._On               GUI_CM4F_L.lib(guidrv_lin_24.o)
    0x0800bb7e   0x00000002   PAD
    0x0800bb80   0x00000028   Code   RO         4664    i._OnExit           GUI_CM4F_L.lib(gui__alpha.o)
    0x0800bba8   0x0000002c   Code   RO         4775    i._OnExit           GUI_CM4F_L.lib(gui_core.o)
    0x0800bbd4   0x00000014   Code   RO         5067    i._OnExit           GUI_CM4F_L.lib(lcd_color.o)
    0x0800bbe8   0x00000014   Code   RO         5973    i._OnExit           GUI_CM4F_L.lib(gui_task.o)
    0x0800bbfc   0x00000084   Code   RO         6285    i._OnExit           GUI_CM4F_L.lib(wm.o)
    0x0800bc80   0x00000040   Code   RO         4714    i._PopFreeBlock     GUI_CM4F_L.lib(gui_alloc.o)
    0x0800bcc0   0x00000028   Code   RO         4715    i._PushFreeBlock    GUI_CM4F_L.lib(gui_alloc.o)
    0x0800bce8   0x00000034   Code   RO         4716    i._RemoveFreeBlock  GUI_CM4F_L.lib(gui_alloc.o)
    0x0800bd1c   0x000000a0   Code   RO         4717    i._RemoveHoles      GUI_CM4F_L.lib(gui_alloc.o)
    0x0800bdbc   0x00000026   Code   RO         5252    i._SetAlpha         GUI_CM4F_L.lib(guidrv_lin_24.o)
    0x0800bde2   0x00000010   Code   RO         5253    i._SetAlphaMode     GUI_CM4F_L.lib(guidrv_lin_24.o)
    0x0800bdf2   0x00000002   PAD
    0x0800bdf4   0x00000020   Code   RO         5032    i._SetBkColor       GUI_CM4F_L.lib(lcd.o)
    0x0800be14   0x00000012   Code   RO         5254    i._SetChroma        GUI_CM4F_L.lib(guidrv_lin_24.o)
    0x0800be26   0x00000010   Code   RO         5255    i._SetChromaMode    GUI_CM4F_L.lib(guidrv_lin_24.o)
    0x0800be36   0x00000002   PAD
    0x0800be38   0x0000004c   Code   RO         6289    i._SetClipRectUserIntersect  GUI_CM4F_L.lib(wm.o)
    0x0800be84   0x00000020   Code   RO         5033    i._SetColor         GUI_CM4F_L.lib(lcd.o)
    0x0800bea4   0x00000044   Code   RO         5256    i._SetDevFunc       GUI_CM4F_L.lib(guidrv_lin_24.o)
    0x0800bee8   0x0000002c   Code   RO         5034    i._SetDrawMode      GUI_CM4F_L.lib(lcd.o)
    0x0800bf14   0x000000a4   Code   RO         5257    i._SetOrg           GUI_CM4F_L.lib(guidrv_lin_24.o)
    0x0800bfb8   0x00000008   Code   RO         6175    i._SetOrg           GUI_CM4F_L.lib(guidev_32.o)
    0x0800bfc0   0x00000044   Code   RO         4860    i._SetPixelAlpha    GUI_CM4F_L.lib(gui_drawbitmap_8888.o)
    0x0800c004   0x00000082   Code   RO         5258    i._SetPixelIndex    GUI_CM4F_L.lib(guidrv_lin_24.o)
    0x0800c086   0x00000002   PAD
    0x0800c088   0x00000048   Code   RO         6176    i._SetPixelIndex    GUI_CM4F_L.lib(guidev_32.o)
    0x0800c0d0   0x000000f6   Code   RO         5259    i._SetPos           GUI_CM4F_L.lib(guidrv_lin_24.o)
    0x0800c1c6   0x00000044   Code   RO         5260    i._SetSize          GUI_CM4F_L.lib(guidrv_lin_24.o)
    0x0800c20a   0x00000028   Code   RO         5261    i._SetVRAMAddr      GUI_CM4F_L.lib(guidrv_lin_24.o)
    0x0800c232   0x0000002a   Code   RO         5262    i._SetVSize         GUI_CM4F_L.lib(guidrv_lin_24.o)
    0x0800c25c   0x00000026   Code   RO         5263    i._SetVis           GUI_CM4F_L.lib(guidrv_lin_24.o)
    0x0800c282   0x00000024   Code   RO         5264    i._ShowBuffer       GUI_CM4F_L.lib(guidrv_lin_24.o)
    0x0800c2a6   0x00000002   PAD
    0x0800c2a8   0x000000ea   Code   RO         4718    i._TestRAM          GUI_CM4F_L.lib(gui_alloc.o)
    0x0800c392   0x0000000e   Code   RO         4719    i._WriteTagData     GUI_CM4F_L.lib(gui_alloc.o)
    0x0800c3a0   0x00000180   Code   RO         6638    i._WriteToActiveAlpha  GUI_CM4F_L.lib(guidev_writetoactivealpha.o)
    0x0800c520   0x00000340   Code   RO         6650    i._WriteToActiveOpaque_8  GUI_CM4F_L.lib(guidev_writetoactiveopaque.o)
    0x0800c860   0x00000344   Code   RO         6651    i._WriteToActiveOpaque_HT  GUI_CM4F_L.lib(guidev_writetoactiveopaque.o)
    0x0800cba4   0x0000003c   Code   RO         6177    i._XY2PTR           GUI_CM4F_L.lib(guidev_32.o)
    0x0800cbe0   0x00000028   Code   RO         5265    i._XorPixel         GUI_CM4F_L.lib(guidrv_lin_24.o)
    0x0800cc08   0x00000058   Code   RO         6178    i._XorPixel         GUI_CM4F_L.lib(guidev_32.o)
    0x0800cc60   0x00000050   Code   RO         6290    i._cbBackWin        GUI_CM4F_L.lib(wm.o)
    0x0800ccb0   0x00000046   Code   RO         5672    i._init_box         RTX_CM4.lib(rt_membox.o)
    0x0800ccf6   0x00000002   PAD
    0x0800ccf8   0x00000020   Code   RO          874    i._mutex_acquire    rtx_conf_cm.o
    0x0800cd18   0x0000002c   Code   RO          875    i._mutex_initialize  rtx_conf_cm.o
    0x0800cd44   0x0000001c   Code   RO          876    i._mutex_release    rtx_conf_cm.o
    0x0800cd60   0x00000030   Code   RO         5725    i.dbg_init          RTX_CM4.lib(hal_cm.o)
    0x0800cd90   0x00000020   Code   RO         5726    i.dbg_task_notify   RTX_CM4.lib(hal_cm.o)
    0x0800cdb0   0x00000010   Code   RO         5727    i.dbg_task_switch   RTX_CM4.lib(hal_cm.o)
    0x0800cdc0   0x00000044   Code   RO          245    i.deq               pipeline.o
    0x0800ce04   0x0000009c   Code   RO           10    i.drawRectangle     main.o
    0x0800cea0   0x00000038   Code   RO          246    i.enq               pipeline.o
    0x0800ced8   0x0000000c   Code   RO          430    i.ft5336_Get_I2C_InitializedStatus  ft5336.o
    0x0800cee4   0x00000018   Code   RO          431    i.ft5336_I2C_InitializeIfRequired  ft5336.o
    0x0800cefc   0x00000010   Code   RO          432    i.ft5336_Init       ft5336.o
    0x0800cf0c   0x0000003a   Code   RO          433    i.ft5336_ReadID     ft5336.o
    0x0800cf46   0x00000002   Code   RO          434    i.ft5336_Reset      ft5336.o
    0x0800cf48   0x00000002   Code   RO          435    i.ft5336_TS_ClearIT  ft5336.o
    0x0800cf4a   0x00000006   Code   RO          436    i.ft5336_TS_Configure  ft5336.o
    0x0800cf50   0x00000040   Code   RO          437    i.ft5336_TS_DetectTouch  ft5336.o
    0x0800cf90   0x00000014   Code   RO          438    i.ft5336_TS_DisableIT  ft5336.o
    0x0800cfa4   0x00000014   Code   RO          439    i.ft5336_TS_EnableIT  ft5336.o
    0x0800cfb8   0x0000001c   Code   RO          440    i.ft5336_TS_GetGestureID  ft5336.o
    0x0800cfd4   0x00000108   Code   RO          441    i.ft5336_TS_GetTouchInfo  ft5336.o
    0x0800d0dc   0x00000164   Code   RO          442    i.ft5336_TS_GetXY   ft5336.o
    0x0800d240   0x00000006   Code   RO          443    i.ft5336_TS_ITStatus  ft5336.o
    0x0800d246   0x00000016   Code   RO          444    i.ft5336_TS_Start   ft5336.o
    0x0800d25c   0x0000003c   Code   RO           11    i.hits              main.o
    0x0800d298   0x00000018   Code   RO           12    i.initBird          main.o
    0x0800d2b0   0x0000004c   Code   RO           13    i.initPipes         main.o
    0x0800d2fc   0x0000002a   Code   RO         3778    i.isrMessageGet     RTX_CM4.lib(rt_cmsis.o)
    0x0800d326   0x0000002c   Code   RO         3779    i.isrMessagePut     RTX_CM4.lib(rt_cmsis.o)
    0x0800d352   0x00000002   PAD
    0x0800d354   0x00000056   Code   RO         5560    i.isr_mbx_receive   RTX_CM4.lib(rt_mailbox.o)
    0x0800d3aa   0x0000000e   Code   RO         5561    i.isr_mbx_send      RTX_CM4.lib(rt_mailbox.o)
    0x0800d3b8   0x00000004   Code   RO           14    i.main              main.o
    0x0800d3bc   0x00000018   Code   RO         3782    i.osDelay           RTX_CM4.lib(rt_cmsis.o)
    0x0800d3d4   0x00000024   Code   RO         3783    i.osKernelInitialize  RTX_CM4.lib(rt_cmsis.o)
    0x0800d3f8   0x0000006c   Code   RO         3785    i.osKernelStart     RTX_CM4.lib(rt_cmsis.o)
    0x0800d464   0x00000018   Code   RO         3794    i.osMessageGet      RTX_CM4.lib(rt_cmsis.o)
    0x0800d47c   0x0000002c   Code   RO         3796    i.osMutexCreate     RTX_CM4.lib(rt_cmsis.o)
    0x0800d4a8   0x00000018   Code   RO         3798    i.osMutexRelease    RTX_CM4.lib(rt_cmsis.o)
    0x0800d4c0   0x00000018   Code   RO         3799    i.osMutexWait       RTX_CM4.lib(rt_cmsis.o)
    0x0800d4d8   0x0000002c   Code   RO         3811    i.osThreadCreate    RTX_CM4.lib(rt_cmsis.o)
    0x0800d504   0x00000018   Code   RO         3812    i.osThreadExit      RTX_CM4.lib(rt_cmsis.o)
    0x0800d51c   0x00000018   Code   RO         3813    i.osThreadGetId     RTX_CM4.lib(rt_cmsis.o)
    0x0800d534   0x0000000c   Code   RO         3818    i.osTimerCall       RTX_CM4.lib(rt_cmsis.o)
    0x0800d540   0x0000002c   Code   RO         3819    i.osTimerCreate     RTX_CM4.lib(rt_cmsis.o)
    0x0800d56c   0x00000018   Code   RO         3821    i.osTimerStart      RTX_CM4.lib(rt_cmsis.o)
    0x0800d584   0x0000002c   Code   RO         3823    i.osTimerThread     RTX_CM4.lib(rt_cmsis.o)
    0x0800d5b0   0x00000022   Code   RO          877    i.os_error          rtx_conf_cm.o
    0x0800d5d2   0x00000004   Code   RO          878    i.os_idle_demon     rtx_conf_cm.o
    0x0800d5d6   0x00000002   PAD
    0x0800d5d8   0x00000028   Code   RO         5352    i.os_tick_init      RTX_CM4.lib(rt_system.o)
    0x0800d600   0x00000002   Code   RO         5353    i.os_tick_irqack    RTX_CM4.lib(rt_system.o)
    0x0800d602   0x0000000e   Code   RO          250    i.queueEmpty        pipeline.o
    0x0800d610   0x0000001a   Code   RO         5673    i.rt_alloc_box      RTX_CM4.lib(rt_membox.o)
    0x0800d62a   0x0000003e   Code   RO         5701    i.rt_alloc_mem      RTX_CM4.lib(rt_memory.o)
    0x0800d668   0x00000038   Code   RO         4397    i.rt_block          RTX_CM4.lib(rt_task.o)
    0x0800d6a0   0x00000048   Code   RO         5650    i.rt_chk_robin      RTX_CM4.lib(rt_robin.o)
    0x0800d6e8   0x00000070   Code   RO         5484    i.rt_dec_dly        RTX_CM4.lib(rt_list.o)
    0x0800d758   0x00000044   Code   RO         4398    i.rt_dispatch       RTX_CM4.lib(rt_task.o)
    0x0800d79c   0x00000006   Code   RO         4481    i.rt_dly_wait       RTX_CM4.lib(rt_time.o)
    0x0800d7a2   0x00000002   PAD
    0x0800d7a4   0x00000050   Code   RO         5445    i.rt_evt_psh        RTX_CM4.lib(rt_event.o)
    0x0800d7f4   0x0000002c   Code   RO         5674    i.rt_free_box       RTX_CM4.lib(rt_membox.o)
    0x0800d820   0x00000028   Code   RO         5702    i.rt_free_mem       RTX_CM4.lib(rt_memory.o)
    0x0800d848   0x00000028   Code   RO         5485    i.rt_get_first      RTX_CM4.lib(rt_list.o)
    0x0800d870   0x00000008   Code   RO         3828    i.rt_id2obj         RTX_CM4.lib(rt_cmsis.o)
    0x0800d878   0x00000048   Code   RO         4399    i.rt_init_context   RTX_CM4.lib(rt_task.o)
    0x0800d8c0   0x0000001a   Code   RO         5703    i.rt_init_mem       RTX_CM4.lib(rt_memory.o)
    0x0800d8da   0x00000002   PAD
    0x0800d8dc   0x00000018   Code   RO         5651    i.rt_init_robin     RTX_CM4.lib(rt_robin.o)
    0x0800d8f4   0x00000080   Code   RO         5728    i.rt_init_stack     RTX_CM4.lib(hal_cm.o)
    0x0800d974   0x00000008   Code   RO         5562    i.rt_mbx_check      RTX_CM4.lib(rt_mailbox.o)
    0x0800d97c   0x0000001a   Code   RO         5563    i.rt_mbx_init       RTX_CM4.lib(rt_mailbox.o)
    0x0800d996   0x00000002   PAD
    0x0800d998   0x000000f0   Code   RO         5564    i.rt_mbx_psh        RTX_CM4.lib(rt_mailbox.o)
    0x0800da88   0x000000b4   Code   RO         5566    i.rt_mbx_wait       RTX_CM4.lib(rt_mailbox.o)
    0x0800db3c   0x00000044   Code   RO         3829    i.rt_ms2tick        RTX_CM4.lib(rt_cmsis.o)
    0x0800db80   0x00000010   Code   RO         4515    i.rt_mut_init       RTX_CM4.lib(rt_mutex.o)
    0x0800db90   0x000000d8   Code   RO         4516    i.rt_mut_release    RTX_CM4.lib(rt_mutex.o)
    0x0800dc68   0x00000078   Code   RO         4517    i.rt_mut_wait       RTX_CM4.lib(rt_mutex.o)
    0x0800dce0   0x0000007c   Code   RO         5356    i.rt_pop_req        RTX_CM4.lib(rt_system.o)
    0x0800dd5c   0x00000020   Code   RO         5357    i.rt_psh_req        RTX_CM4.lib(rt_system.o)
    0x0800dd7c   0x0000005c   Code   RO         5487    i.rt_psq_enq        RTX_CM4.lib(rt_list.o)
    0x0800ddd8   0x00000048   Code   RO         5488    i.rt_put_dly        RTX_CM4.lib(rt_list.o)
    0x0800de20   0x00000036   Code   RO         5489    i.rt_put_prio       RTX_CM4.lib(rt_list.o)
    0x0800de56   0x00000002   PAD
    0x0800de58   0x00000014   Code   RO         5490    i.rt_put_rdy_first  RTX_CM4.lib(rt_list.o)
    0x0800de6c   0x00000034   Code   RO         5491    i.rt_resort_prio    RTX_CM4.lib(rt_list.o)
    0x0800dea0   0x00000010   Code   RO         5729    i.rt_ret_regs       RTX_CM4.lib(hal_cm.o)
    0x0800deb0   0x0000000c   Code   RO         5730    i.rt_ret_val        RTX_CM4.lib(hal_cm.o)
    0x0800debc   0x00000010   Code   RO         5731    i.rt_ret_val2       RTX_CM4.lib(hal_cm.o)
    0x0800decc   0x00000028   Code   RO         5492    i.rt_rmv_dly        RTX_CM4.lib(rt_list.o)
    0x0800def4   0x00000030   Code   RO         5493    i.rt_rmv_list       RTX_CM4.lib(rt_list.o)
    0x0800df24   0x00000034   Code   RO         5611    i.rt_sem_psh        RTX_CM4.lib(rt_semaphore.o)
    0x0800df58   0x00000024   Code   RO         5359    i.rt_stk_check      RTX_CM4.lib(rt_system.o)
    0x0800df7c   0x00000028   Code   RO         4400    i.rt_switch_req     RTX_CM4.lib(rt_task.o)
    0x0800dfa4   0x000000cc   Code   RO         4401    i.rt_sys_init       RTX_CM4.lib(rt_task.o)
    0x0800e070   0x00000078   Code   RO         4402    i.rt_sys_start      RTX_CM4.lib(rt_task.o)
    0x0800e0e8   0x00000040   Code   RO         5361    i.rt_systick        RTX_CM4.lib(rt_system.o)
    0x0800e128   0x00000012   Code   RO         3830    i.rt_tid2ptcb       RTX_CM4.lib(rt_cmsis.o)
    0x0800e13a   0x00000002   PAD
    0x0800e13c   0x00000034   Code   RO         3831    i.rt_timer_insert   RTX_CM4.lib(rt_cmsis.o)
    0x0800e170   0x0000003c   Code   RO         3832    i.rt_timer_remove   RTX_CM4.lib(rt_cmsis.o)
    0x0800e1ac   0x00000088   Code   RO         4403    i.rt_tsk_create     RTX_CM4.lib(rt_task.o)
    0x0800e234   0x0000017c   Code   RO         4404    i.rt_tsk_delete     RTX_CM4.lib(rt_task.o)
    0x0800e3b0   0x0000007c   Code   RO         4406    i.rt_tsk_prio       RTX_CM4.lib(rt_task.o)
    0x0800e42c   0x00000010   Code   RO         4407    i.rt_tsk_self       RTX_CM4.lib(rt_task.o)
    0x0800e43c   0x00000012   Code   RO         3833    i.svcDelay          RTX_CM4.lib(rt_cmsis.o)
    0x0800e44e   0x00000002   PAD
    0x0800e450   0x00000070   Code   RO         3834    i.svcKernelInitialize  RTX_CM4.lib(rt_cmsis.o)
    0x0800e4c0   0x00000048   Code   RO         3836    i.svcKernelStart    RTX_CM4.lib(rt_cmsis.o)
    0x0800e508   0x00000024   Code   RO         3839    i.svcMessageCreate  RTX_CM4.lib(rt_cmsis.o)
    0x0800e52c   0x0000003a   Code   RO         3840    i.svcMessageGet     RTX_CM4.lib(rt_cmsis.o)
    0x0800e566   0x0000001c   Code   RO         3842    i.svcMutexCreate    RTX_CM4.lib(rt_cmsis.o)
    0x0800e582   0x00000022   Code   RO         3844    i.svcMutexRelease   RTX_CM4.lib(rt_cmsis.o)
    0x0800e5a4   0x0000003a   Code   RO         3845    i.svcMutexWait      RTX_CM4.lib(rt_cmsis.o)
    0x0800e5de   0x00000002   PAD
    0x0800e5e0   0x0000006c   Code   RO         3854    i.svcThreadCreate   RTX_CM4.lib(rt_cmsis.o)
    0x0800e64c   0x0000001c   Code   RO         3855    i.svcThreadGetId    RTX_CM4.lib(rt_cmsis.o)
    0x0800e668   0x00000038   Code   RO         3858    i.svcThreadTerminate  RTX_CM4.lib(rt_cmsis.o)
    0x0800e6a0   0x00000018   Code   RO         3860    i.svcTimerCall      RTX_CM4.lib(rt_cmsis.o)
    0x0800e6b8   0x00000038   Code   RO         3861    i.svcTimerCreate    RTX_CM4.lib(rt_cmsis.o)
    0x0800e6f0   0x00000064   Code   RO         3863    i.svcTimerStart     RTX_CM4.lib(rt_cmsis.o)
    0x0800e754   0x0000005c   Code   RO         3869    i.sysTimerTick      RTX_CM4.lib(rt_cmsis.o)
    0x0800e7b0   0x0000001c   Code   RO           15    i.upBirdy           main.o
    0x0800e7cc   0x0000004c   Code   RO           16    i.updateAllPipes    main.o
    0x0800e818   0x0000007c   Code   RO           17    i.updateBirdy       main.o
    0x0800e894   0x0000005e   Code   RO         7560    x$fpl$dfix          fz_wm.l(dfix.o)
    0x0800e8f2   0x0000002e   Code   RO         7565    x$fpl$dflt          fz_wm.l(dflt_clz.o)
    0x0800e920   0x00000154   Code   RO         7570    x$fpl$dmul          fz_wm.l(dmul.o)
    0x0800ea74   0x0000009c   Code   RO         7668    x$fpl$dnaninf       fz_wm.l(dnaninf.o)
    0x0800eb10   0x0000000c   Code   RO         7670    x$fpl$dretinf       fz_wm.l(dretinf.o)
    0x0800eb1c   0x0000000a   Code   RO         7726    x$fpl$fpinit        fz_wm.l(fpinit.o)
    0x0800eb26   0x00000000   Code   RO         7672    x$fpl$usenofp       fz_wm.l(usenofp.o)
    0x0800eb26   0x00000002   PAD
    0x0800eb28   0x00000008   Data   RO           19    .constdata          main.o
    0x0800eb30   0x0000134c   Data   RO          296    .constdata          bluebird.o
    0x0800fe7c   0x00000068   Data   RO          880    .constdata          rtx_conf_cm.o
    0x0800fee4   0x00000008   Data   RO         1250    .constdata          stm32f7xx_hal_dma.o
    0x0800feec   0x00000018   Data   RO         2589    .constdata          system_stm32f7xx.o
    0x0800ff04   0x0000000c   Data   RO         3384    .constdata          gui_x_rte.o
    0x0800ff10   0x00000008   Data   RO         3538    .constdata          lcdconf.o
    0x0800ff18   0x00000018   Data   RO         4553    .constdata          GUI_CM4F_L.lib(guicc_1616i.o)
    0x0800ff30   0x00000018   Data   RO         4568    .constdata          GUI_CM4F_L.lib(guicc_8666.o)
    0x0800ff48   0x00000018   Data   RO         4584    .constdata          GUI_CM4F_L.lib(guicc_88666i.o)
    0x0800ff60   0x00000018   Data   RO         4602    .constdata          GUI_CM4F_L.lib(guicc_m1555i.o)
    0x0800ff78   0x00000018   Data   RO         4622    .constdata          GUI_CM4F_L.lib(guicc_m4444i.o)
    0x0800ff90   0x00000018   Data   RO         4641    .constdata          GUI_CM4F_L.lib(guicc_m8888i.o)
    0x0800ffa8   0x00000008   Data   RO         4777    .constdata          GUI_CM4F_L.lib(gui_core.o)
    0x0800ffb0   0x00000010   Data   RO         4862    .constdata          GUI_CM4F_L.lib(gui_drawbitmap_8888.o)
    0x0800ffc0   0x00000018   Data   RO         4985    .constdata          GUI_CM4F_L.lib(guicc_m565.o)
    0x0800ffd8   0x00000018   Data   RO         5004    .constdata          GUI_CM4F_L.lib(guicc_m888.o)
    0x0800fff0   0x0000000c   Data   RO         5035    .constdata          GUI_CM4F_L.lib(lcd.o)
    0x0800fffc   0x00000034   Data   RO         5266    .constdata          GUI_CM4F_L.lib(guidrv_lin_24.o)
    0x08010030   0x00000518   Data   RO         5308    .constdata          GUI_CM4F_L.lib(f6x8.o)
    0x08010548   0x000001c0   Data   RO         5309    .constdata          GUI_CM4F_L.lib(f6x8.o)
    0x08010708   0x00000008   Data   RO         5310    .constdata          GUI_CM4F_L.lib(f6x8.o)
    0x08010710   0x00000014   Data   RO         5311    .constdata          GUI_CM4F_L.lib(f6x8.o)
    0x08010724   0x00000024   Data   RO         5312    .constdata          GUI_CM4F_L.lib(f6x8.o)
    0x08010748   0x00000a30   Data   RO         5320    .constdata          GUI_CM4F_L.lib(f8x16.o)
    0x08011178   0x000001c0   Data   RO         5321    .constdata          GUI_CM4F_L.lib(f8x16.o)
    0x08011338   0x00000008   Data   RO         5322    .constdata          GUI_CM4F_L.lib(f8x16.o)
    0x08011340   0x00000014   Data   RO         5323    .constdata          GUI_CM4F_L.lib(f8x16.o)
    0x08011354   0x00000024   Data   RO         5329    .constdata          GUI_CM4F_L.lib(f8x16.o)
    0x08011378   0x00000018   Data   RO         5791    .constdata          GUI_CM4F_L.lib(guicc_16.o)
    0x08011390   0x00000010   Data   RO         5801    .constdata          GUI_CM4F_L.lib(gui__divtbl_15_255.o)
    0x080113a0   0x00000100   Data   RO         5808    .constdata          GUI_CM4F_L.lib(gui__divtbl_255_15.o)
    0x080114a0   0x00000100   Data   RO         5815    .constdata          GUI_CM4F_L.lib(gui__divtbl_255_31.o)
    0x080115a0   0x00000100   Data   RO         5822    .constdata          GUI_CM4F_L.lib(gui__divtbl_255_63.o)
    0x080116a0   0x00000020   Data   RO         5829    .constdata          GUI_CM4F_L.lib(gui__divtbl_31_255.o)
    0x080116c0   0x00000040   Data   RO         5836    .constdata          GUI_CM4F_L.lib(gui__divtbl_63_255.o)
    0x08011700   0x00000010   Data   RO         5995    .constdata          GUI_CM4F_L.lib(gui_uc_encodenone.o)
    0x08011710   0x00000018   Data   RO         6012    .constdata          GUI_CM4F_L.lib(guicc_0.o)
    0x08011728   0x00000100   Data   RO         6113    .constdata          GUI_CM4F_L.lib(lcd_mirror.o)
    0x08011828   0x00000074   Data   RO         6179    .constdata          GUI_CM4F_L.lib(guidev_32.o)
    0x0801189c   0x00000018   Data   RO         6532    .constdata          GUI_CM4F_L.lib(guicc_8888.o)
    0x080118b4   0x00000018   Data   RO         6624    .constdata          GUI_CM4F_L.lib(guidev_usagebm.o)
    0x080118cc   0x00000008   Data   RO         6652    .constdata          GUI_CM4F_L.lib(guidev_writetoactiveopaque.o)
    0x080118d4   0x00000020   Data   RO         7799    Region$$Table       anon$$obj.o


    Execution Region RW_IRAM1 (Base: 0x20010000, Size: 0x00012218, Max: 0x00040000, ABSOLUTE, COMPRESSED[0x0000007c])

    Base Addr    Size         Type   Attr      Idx    E Section Name        Object

    0x20010000   0x0000000c   Data   RW           20    .data               main.o
    0x2001000c   0x00000002   Data   RW          322    .data               stm32746g_discovery_sdram.o
    0x2001000e   0x00000002   PAD
    0x20010010   0x0000002e   Data   RW          445    .data               ft5336.o
    0x2001003e   0x00000002   PAD
    0x20010040   0x0000000a   Data   RW          768    .data               stm32746g_discovery_ts.o
    0x2001004a   0x00000002   PAD
    0x2001004c   0x00000014   Data   RW          881    .data               rtx_conf_cm.o
    0x20010060   0x00000004   Data   RW         2590    .data               system_stm32f7xx.o
    0x20010064   0x00000010   Data   RW         3385    .data               gui_x_rte.o
    0x20010074   0x0000002c   Data   RW         3539    .data               lcdconf.o
    0x200100a0   0x00000008   Data   RW         3872    .data               RTX_CM4.lib(rt_cmsis.o)
    0x200100a8   0x00000008   Data   RW         4409    .data               RTX_CM4.lib(rt_task.o)
    0x200100b0   0x00000004   Data   RW         4485    .data               RTX_CM4.lib(rt_time.o)
    0x200100b4   0x00000008   Data   RW         4603    .data               GUI_CM4F_L.lib(guicc_m1555i.o)
    0x200100bc   0x00000008   Data   RW         4623    .data               GUI_CM4F_L.lib(guicc_m4444i.o)
    0x200100c4   0x00000008   Data   RW         4642    .data               GUI_CM4F_L.lib(guicc_m8888i.o)
    0x200100cc   0x00000030   Data   RW         4665    .data               GUI_CM4F_L.lib(gui__alpha.o)
    0x200100fc   0x00000034   Data   RW         4778    .data               GUI_CM4F_L.lib(gui_core.o)
    0x20010130   0x00000004   Data   RW         4782    .data               GUI_CM4F_L.lib(gui_core.o)
    0x20010134   0x00000004   Data   RW         4783    .data               GUI_CM4F_L.lib(gui_core.o)
    0x20010138   0x00000002   Data   RW         4785    .data               GUI_CM4F_L.lib(gui_core.o)
    0x2001013a   0x00000001   Data   RW         4786    .data               GUI_CM4F_L.lib(gui_core.o)
    0x2001013b   0x00000001   PAD
    0x2001013c   0x00000004   Data   RW         4787    .data               GUI_CM4F_L.lib(gui_core.o)
    0x20010140   0x00000002   Data   RW         4788    .data               GUI_CM4F_L.lib(gui_core.o)
    0x20010142   0x00000002   Data   RW         4789    .data               GUI_CM4F_L.lib(gui_core.o)
    0x20010144   0x0000000c   Data   RW         4864    .data               GUI_CM4F_L.lib(gui_drawbitmap_8888.o)
    0x20010150   0x00000030   Data   RW         4914    .data               GUI_CM4F_L.lib(gui_multibuf.o)
    0x20010180   0x00000008   Data   RW         4986    .data               GUI_CM4F_L.lib(guicc_m565.o)
    0x20010188   0x00000008   Data   RW         5005    .data               GUI_CM4F_L.lib(guicc_m888.o)
    0x20010190   0x00000004   Data   RW         5036    .data               GUI_CM4F_L.lib(lcd.o)
    0x20010194   0x00000010   Data   RW         5068    .data               GUI_CM4F_L.lib(lcd_color.o)
    0x200101a4   0x00000008   Data   RW         5124    .data               GUI_CM4F_L.lib(lcd_getex.o)
    0x200101ac   0x00000004   Data   RW         5341    .data               GUI_CM4F_L.lib(guidev_banding.o)
    0x200101b0   0x00000008   Data   RW         5364    .data               RTX_CM4.lib(rt_system.o)
    0x200101b8   0x00000008   Data   RW         5652    .data               RTX_CM4.lib(rt_robin.o)
    0x200101c0   0x00000001   Data   RW         5732    .data               RTX_CM4.lib(hal_cm.o)
    0x200101c1   0x00000003   PAD
    0x200101c4   0x0000001c   Data   RW         5974    .data               GUI_CM4F_L.lib(gui_task.o)
    0x200101e0   0x00000064   Data   RW         6294    .data               GUI_CM4F_L.lib(wm.o)
    0x20010244   0x00000018   Data   RW         6400    .data               GUI_CM4F_L.lib(gui__managecache.o)
    0x2001025c   0x00000010   Data   RW         6464    .data               GUI_CM4F_L.lib(gui_onkey.o)
    0x2001026c   0x0000000c   Data   RW         6515    .data               GUI_CM4F_L.lib(gui_waitevent.o)
    0x20010278   0x00000004   Data   RW         6665    .data               GUI_CM4F_L.lib(wm__sendmessage.o)
    0x2001027c   0x00000004   Data   RW         6815    .data               GUI_CM4F_L.lib(gui_charline.o)
    0x20010280   0x00000020   Zero   RW           18    .bss                main.o
    0x200102a0   0x00000120   Zero   RW          321    .bss                stm32746g_discovery_sdram.o
    0x200103c0   0x00000098   Zero   RW          569    .bss                stm32746g_discovery.o
    0x20010458   0x00000028   Zero   RW          767    .bss                stm32746g_discovery_ts.o
    0x20010480   0x00000ee8   Zero   RW          879    .bss                rtx_conf_cm.o
    0x20011368   0x00000028   Zero   RW         3383    .bss                gui_x_rte.o
    0x20011390   0x00010000   Zero   RW         3473    .bss                guiconf.o
    0x20021390   0x000004e8   Zero   RW         3537    .bss                lcdconf.o
    0x20021878   0x00000034   Zero   RW         4408    .bss                RTX_CM4.lib(rt_task.o)
    0x200218ac   0x000000cc   Zero   RW         4720    .bss                GUI_CM4F_L.lib(gui_alloc.o)
    0x20021978   0x00000070   Zero   RW         4776    .bss                GUI_CM4F_L.lib(gui_core.o)
    0x200219e8   0x00000030   Zero   RW         5494    .bss                RTX_CM4.lib(rt_list.o)
    0x20021a18   0x00000018   Zero   RW         6292    .bss                GUI_CM4F_L.lib(wm.o)
    0x20021a30   0x00000058   Zero   RW         6463    .bss                GUI_CM4F_L.lib(gui_onkey.o)
    0x20021a88   0x00000048   Zero   RW         6762    .bss                GUI_CM4F_L.lib(wm_touch.o)
    0x20021ad0   0x00000060   Zero   RW         7441    .bss                c_w.l(libspace.o)
    0x20021b30   0x000000e4   Zero   RW         7539    .bss                c_w.l(rand.o)
    0x20021c14   0x00000004   PAD
    0x20021c18   0x00000200   Zero   RW         2578    HEAP                startup_stm32f746xx.o
    0x20021e18   0x00000400   Zero   RW         2577    STACK               startup_stm32f746xx.o



  Load Region LR$$.ARM.__AT_0x20000000 (Base: 0x20000000, Size: 0x00000000, Max: 0x00005a00, ABSOLUTE)

    Execution Region ER$$.ARM.__AT_0x20000000 (Base: 0x20000000, Size: 0x00005a00, Max: 0x00005a00, ABSOLUTE, UNINIT)

    Base Addr    Size         Type   Attr      Idx    E Section Name        Object

    0x20000000   0x00005a00   Zero   RW         3535    .ARM.__AT_0x20000000  lcdconf.o



  Load Region LR$$.ARM.__AT_0xC0000000 (Base: 0xc0000000, Size: 0x00000000, Max: 0x0005fa00, ABSOLUTE)

    Execution Region ER$$.ARM.__AT_0xC0000000 (Base: 0xc0000000, Size: 0x0005fa00, Max: 0x0005fa00, ABSOLUTE, UNINIT)

    Base Addr    Size         Type   Attr      Idx    E Section Name        Object

    0xc0000000   0x0005fa00   Zero   RW         3536    .ARM.__AT_0xC0000000  lcdconf.o


==============================================================================

Image component sizes


      Code (inc. data)   RO Data    RW Data    ZI Data      Debug   Object Name

         0          0       4940          0          0        773   bluebird.o
       900         52          0         46          0      17867   ft5336.o
       130         30         12         16         40       9136   gui_x_rte.o
        28          8          0          0      65536        543   guiconf.o
       368         42          0          0          0       2646   lcd_x.o
      3876        522          8         44     415976      38419   lcdconf.o
      1050        110          8         12         32     895584   main.o
       138         46          0          0          0       2089   pipeline.o
       170         36        104         20       3816      10027   rtx_conf_cm.o
        64         26        456          0       1536        876   startup_stm32f746xx.o
       676         48          0          0        152       8352   stm32746g_discovery.o
       748         66          0          2        288       4748   stm32746g_discovery_sdram.o
       768         62          0         10         40       5862   stm32746g_discovery_ts.o
       108         10          0          0          0       3236   stm32f7xx_hal.o
       304         22          0          0          0      38603   stm32f7xx_hal_cortex.o
       568         10          8          0          0       3764   stm32f7xx_hal_dma.o
       548         52          0          0          0       2576   stm32f7xx_hal_gpio.o
      1922         24          0          0          0      14588   stm32f7xx_hal_i2c.o
      2178         12          0          0          0      14248   stm32f7xx_hal_ltdc.o
       144          8          0          0          0       1392   stm32f7xx_hal_pwr_ex.o
      1872         40          0          0          0       3972   stm32f7xx_hal_rcc.o
      2328         26          0          0          0       2376   stm32f7xx_hal_rcc_ex.o
       164          0          0          0          0       3520   stm32f7xx_hal_sdram.o
       368          4          0          0          0       3744   stm32f7xx_ll_fmc.o
       100         18         24          4          0       1387   system_stm32f7xx.o
        88          0          0          0          0       2100   touch_746g_discovery.o

    ----------------------------------------------------------------------
     19626       1274       5592        160     487416    1092428   Object Totals
         0          0         32          0          0          0   (incl. Generated)
        18          0          0          6          0          0   (incl. Padding)

    ----------------------------------------------------------------------

      Code (inc. data)   RO Data    RW Data    ZI Data      Debug   Library Member Name

         0          0       1816          0          0          0   f6x8.o
         0          0       3120          0          0          0   f8x16.o
       898         56          0         48          0       1148   gui__alpha.o
       664          0          0          0          0        384   gui__compactpixelindices.o
         0          0         16          0          0          0   gui__divtbl_15_255.o
         0          0        256          0          0          0   gui__divtbl_255_15.o
         0          0        256          0          0          0   gui__divtbl_255_31.o
         0          0        256          0          0          0   gui__divtbl_255_63.o
         0          0         32          0          0          0   gui__divtbl_31_255.o
         0          0         64          0          0          0   gui__divtbl_63_255.o
       322          0          0          0          0        156   gui__expandpixelindices.o
        58          0          0          0          0        116   gui__intersectrect.o
        82          0          0          0          0        128   gui__intersectrects.o
       228          8          0         24          0        252   gui__managecache.o
        76          0          0          0          0        124   gui__memset.o
      1742         90          0          0        204       2632   gui_alloc.o
        46          0          0          0          0        128   gui_alloc_alloczero.o
        60          0          0          0          0        124   gui_calccolordist.o
       164         20          0          0          0        500   gui_char.o
       458         36          0          4          0        760   gui_charline.o
       394         12          0          0          0        492   gui_charm.o
       480         66          8         71        112       1120   gui_core.o
       370         22          0          0          0        984   gui_device.o
       264          4          0          0          0        136   gui_dispstring.o
        40          6          0          0          0        136   gui_dispstringat.o
        52          4          0          0          0        140   gui_dispstringhcenter.o
       244         14          0          0          0        280   gui_drawbitmap.o
      1542         44         16         12          0        832   gui_drawbitmap_8888.o
        88          4          0          0          0        132   gui_fillrect.o
        24          0          0          0          0        124   gui_getcolor.o
        24          4          0          0          0        124   gui_getdrawmode.o
        54         10          0          0          0        252   gui_getorg.o
        66         12          0          0          0        360   gui_goto.o
        88          0          0          0          0        124   gui_mergerect.o
        30          0          0          0          0        116   gui_moverect.o
        44          6          0         48          0        116   gui_multibuf.o
        16          4          0         16         88        116   gui_onkey.o
        56          0          0          0          0        116   gui_rectsintersect.o
        96         10          0          0          0        256   gui_selectlayer.o
        26          0          0          0          0        128   gui_selectlcd.o
        44          0          0          0          0        256   gui_setcolor.o
        36          4          0          0          0        128   gui_setcolorindex.o
        24          0          0          0          0        124   gui_setdrawmode.o
        32          6          0          0          0        128   gui_setfont.o
        64         16          0          0          0        136   gui_setorg.o
        32          6          0          0          0        128   gui_settextalign.o
       376         42          0         28          0        764   gui_task.o
        84         10          0          0          0        264   gui_uc.o
        18          0         16          0          0        464   gui_uc_encodenone.o
        16          4          0         12          0        116   gui_waitevent.o
       198          0         24          0          0        388   guicc_0.o
       172          0         24          0          0        376   guicc_16.o
       228         36         24          0          0        636   guicc_1616i.o
       190          0         24          0          0        356   guicc_8666.o
       194         18         24          0          0        636   guicc_88666i.o
        36          0         24          0          0        480   guicc_8888.o
         2          0          0          0          0        116   guicc_8888_index2color.o
         2          0          0          0          0        116   guicc_888_index2color.o
       290         32         24          8          0        768   guicc_m1555i.o
       312         22         24          8          0        768   guicc_m4444i.o
       258         46         24          8          0        652   guicc_m565.o
       142         16         24          8          0        636   guicc_m888.o
       184         12         24          8          0        644   guicc_m8888i.o
        30          0          0          0          0        124   guicc_m8888i_index2color.o
        20          0          0          0          0        116   guicc_m888_index2color.o
       758         40          0          0          0        932   guidev.o
      2374         62        116          0          0       2256   guidev_32.o
       352         12          0          4          0        264   guidev_banding.o
        68          4          0          0          0        124   guidev_clear.o
        40          0          0          0          0        128   guidev_getdataptr.o
        52          6          0          0          0        128   guidev_getysize.o
        56          4          0          0          0        128   guidev_reduceysize.o
       100          4          0          0          0        128   guidev_setorg.o
        84          0          0          0          0        260   guidev_usage.o
       424          4         24          0          0        748   guidev_usagebm.o
       416         22          0          0          0        272   guidev_writetoactivealpha.o
      1854         18          8          0          0        732   guidev_writetoactiveopaque.o
      5414        182         52          0          0       4536   guidrv_lin_24.o
      1646        110         12          4          0       2164   lcd.o
       276         30          0         16          0        748   lcd_color.o
        16          6          0          0          0        116   lcd_getcolorindex.o
       458         50          0          8          0       3180   lcd_getex.o
        26          0          0          0          0        128   lcd_getnumdisplays.o
        96         10          0          0          0        132   lcd_getp.o
        14          0          0          0          0        128   lcd_getpixelcolor.o
         0          0        256          0          0          0   lcd_mirror.o
       504         18          0          0          0        280   lcd_readrect.o
        64          8          0          0          0        128   lcd_selectlcd.o
       260          0          0          0          0        788   lcd_set.o
        48         10          0          0          0        128   lcd_setcliprectex.o
        36          4          0          0          0        128   lcd_updatecolorindices.o
      3104        152          0        100         24       4236   wm.o
        18          0          0          0          0        124   wm__getfirstsibling.o
        36          0          0          0          0        128   wm__getprevsibling.o
        60          6          0          4          0        136   wm__sendmessage.o
        38          0          0          0          0        128   wm__sendmessagenopara.o
       136          0          0          0          0        140   wm_bringtobottom.o
        16          6          0          0          0        116   wm_criticalhandle.o
        32          0          0          0          0        128   wm_getclientrect.o
        24         10          0          0          0        116   wm_getdesktopwindow.o
        26          0          0          0          0        124   wm_getfirstchild.o
        26          0          0          0          0        124   wm_getparent.o
        38          0          0          0          0        140   wm_sendtoparent.o
         0          0          0          0         72          0   wm_touch.o
       268         24          0          1          0       4524   hal_cm.o
       408         34          0          0          0        824   hal_cm4.o
      1672        196          0          8          0      44178   rt_cmsis.o
        80          4          0          0          0        709   rt_event.o
       530         34          0          0         48       8685   rt_list.o
       554         10          0          0          0       4237   rt_mailbox.o
       140          0          0          0          0       2069   rt_membox.o
       128          0          0          0          0       2451   rt_memory.o
       352         14          0          0          0       2249   rt_mutex.o
        96         22          0          8          0       1254   rt_robin.o
        52          4          0          0          0        621   rt_semaphore.o
       298         52          0          8          0       6511   rt_system.o
      1216        174          0          8         52      10129   rt_task.o
         6          0          0          4          0        700   rt_time.o
         4          4          0          0          0        208   svc_table.o
        90          0          0          0          0          0   __dczerorl2.o
         8          0          0          0          0         68   __main.o
       104          0          0          0          0         84   __printf.o
         0          0          0          0          0          0   __rtentry.o
        20          0          0          0          0          0   __rtentry2.o
         6          0          0          0          0          0   __rtentry4.o
        52          8          0          0          0          0   __scatter.o
        28          0          0          0          0          0   __scatter_zi.o
        48          6          0          0          0         96   _printf_char_common.o
         6          0          0          0          0          0   _printf_d.o
       120         16          0          0          0         92   _printf_dec.o
       178          0          0          0          0         88   _printf_intcommon.o
         0          0          0          0          0          0   _printf_percent.o
         4          0          0          0          0          0   _printf_percent_end.o
        10          0          0          0          0         68   _sputc.o
        22          0          0          0          0         80   abort.o
        16          0          0          0          0         68   aeabi_memset.o
       128         42          0          0          0         76   assert.o
        20          0          0          0          0         76   assert_puts.o
        48         34          0          0          0         76   defsig_abrt_inner.o
        14          0          0          0          0         80   defsig_abrt_outer.o
        10          0          0          0          0         68   defsig_exit.o
        50          0          0          0          0         88   defsig_general.o
        80         58          0          0          0         76   defsig_rtmem_inner.o
        14          0          0          0          0         80   defsig_rtmem_outer.o
        18          0          0          0          0         80   exit.o
       158          0          0          0          0        128   h1_alloc_mt.o
        62          0          0          0          0         80   h1_extend_mt.o
       118          0          0          0          0        108   h1_free_mt.o
        18          0          0          0          0         84   h1_init_mt.o
         6          0          0          0          0        152   heapauxi.o
         4          0          0          0          0        136   hguard.o
         0          0          0          0          0          0   indicate_semi.o
       138          0          0          0          0        168   init_alloc.o
         2          0          0          0          0          0   libinit.o
        18          0          0          0          0          0   libinit2.o
         2          0          0          0          0          0   libshutdown.o
         2          0          0          0          0          0   libshutdown2.o
         8          4          0          0         96         68   libspace.o
       238          0          0          0          0        100   lludivv7m.o
         0          0          0          0          0          0   maybetermalloc1.o
        40          6          0          0          0         84   noretval__2sprintf.o
       112         18          0          0        228        160   rand.o
        10          0          0          0          0         76   rt_heap_descriptor_twolibspace.o
        68          0          0          0          0         68   rt_memclr.o
        78          0          0          0          0         80   rt_memclr_w.o
       138          0          0          0          0         68   rt_memcpy_v6.o
       100          0          0          0          0         80   rt_memcpy_w.o
       132          0          0          0          0         68   rt_memmove_v6.o
       122          0          0          0          0         80   rt_memmove_w.o
         2          0          0          0          0          0   rtexit.o
        10          0          0          0          0          0   rtexit2.o
        12          4          0          0          0         68   sys_exit.o
        74          0          0          0          0         80   sys_stackheap_outer.o
        14          0          0          0          0         76   sys_wrch.o
         2          0          0          0          0         68   use_no_semi.o
        94          4          0          0          0        140   dfix.o
        46          0          0          0          0        116   dflt_clz.o
       340         12          0          0          0        152   dmul.o
       156          4          0          0          0        140   dnaninf.o
        12          0          0          0          0        116   dretinf.o
        10          0          0          0          0        116   fpinit.o
         0          0          0          0          0          0   usenofp.o

    ----------------------------------------------------------------------
     40118       2268       6588        480        928     139733   Library Totals
       104          0          0          4          4          0   (incl. Padding)

    ----------------------------------------------------------------------

      Code (inc. data)   RO Data    RW Data    ZI Data      Debug   Library Name

     30770       1480       6588        439        500      46180   GUI_CM4F_L.lib
      5804        572          0         37        100      89349   RTX_CM4.lib
      2782        196          0          0        324       3424   c_w.l
       658         20          0          0          0        780   fz_wm.l

    ----------------------------------------------------------------------
     40118       2268       6588        480        928     139733   Library Totals

    ----------------------------------------------------------------------

==============================================================================


      Code (inc. data)   RO Data    RW Data    ZI Data      Debug   

     59744       3542      12180        640     488344    1168037   Grand Totals
     59744       3542      12180        124     488344    1168037   ELF Image Totals (compressed)
     59744       3542      12180        124          0          0   ROM Totals

==============================================================================

    Total RO  Size (Code + RO Data)                71924 (  70.24kB)
    Total RW  Size (RW Data + ZI Data)            488984 ( 477.52kB)
    Total ROM Size (Code + RO Data + RW Data)      72048 (  70.36kB)

==============================================================================

