<html>
<body>
<pre>
<h1>µVision Build Log</h1>
<h2>Tool Versions:</h2>
IDE-Version: µVision V5.23.0.0
Copyright (C) 2017 ARM Ltd and ARM Germany GmbH. All rights reserved.
License Information: Shane shanesturgeon@live.co.uk, UEA, LIC=UB430-B60BP-33UM1-C3NJR-89HMP-15GZ1
 
Tool Versions:
Toolchain:       MDK-ARM Professional  Version: 5.23
Toolchain Path:  C:\Keil_v5\ARM\ARMCC\Bin
C Compiler:      Armcc.exe V5.06 update 4 (build 422)
Assembler:       Armasm.exe V5.06 update 4 (build 422)
Linker/Locator:  ArmLink.exe V5.06 update 4 (build 422)
Library Manager: ArmAr.exe V5.06 update 4 (build 422)
Hex Converter:   FromElf.exe V5.06 update 4 (build 422)
CPU DLL:         SARMCM3.DLL V5.23
Dialog DLL:      DCM.DLL V1.15.0.0
Target DLL:      STLink\ST-LINKIII-KEIL_SWO.dll V2.0.18.0
Dialog DLL:      TCM.DLL V1.27.0.0
 
<h2>Project:</h2>
C:\Users\shane\Documents\GitHub\EmbeddedSystems\FlappyBird2.0\Example\Example.uvprojx
Project File Date:  03/04/2017

<h2>Output:</h2>
*** Using Compiler 'V5.06 update 4 (build 422)', folder: 'C:\Keil_v5\ARM\ARMCC\Bin'
Build target 'STM32F746 Flash'
compiling flappyBird.c...
compiling Display.c...
compiling main.c...
linking...
Program Size: Code=64052 RO-data=218232 RW-data=692 ZI-data=488356  
".\Objects\Example.axf" - 0 Error(s), 0 Warning(s).

<h2>Software Packages used:</h2>

Package Vendor: ARM
                http://www.keil.com/pack/ARM.CMSIS.5.0.1.pack
                ::CMSIS:RTOS:1.0.0 (API)
                CMSIS (Cortex Microcontroller Software Interface Standard)
   * Component: RTOS Version: 1.0.0
   * Component: CORE Version: 5.0.1
   * Component: Keil RTX Version: 4.81.0

Package Vendor: Keil
                http://www.keil.com/pack/Keil.MDK-Middleware.7.4.0.pack
                ::Board Support:Touchscreen:1.0.0 (API)
                Middleware for Keil MDK-Professional and MDK-Plus
   * Component: Touchscreen Version: 1.0.0
   * Component: emWin LCD Version: 1.1.0
   * Component: CORE Version: 5.36.6

Package Vendor: Keil
                http://www.keil.com/pack/Keil.STM32F7xx_DFP.2.9.0.pack
                ::Device:STM32Cube Framework:1.0.0 (API)
                STMicroelectronics STM32F7 Series Device Support, Drivers and Examples
   * Component: STM32Cube Framework Version: 1.0.0
   * Component: Startup Version: 1.2.0
   * Component: Classic Version: 1.2.0
   * Component: Common Version: 1.2.0
   * Component: DMA Version: 1.2.0
   * Component: RCC Version: 1.2.0
   * Component: Cortex Version: 1.2.0
   * Component: SDRAM Version: 1.2.0
   * Component: I2C Version: 1.2.0
   * Component: GPIO Version: 1.2.0
   * Component: PWR Version: 1.2.0
   * Component: LTDC Version: 1.2.0
   * Component: DMA2D Version: 1.2.0
   * Component: UART Version: 1.2.0
   * Component: Basic I/O Version: 1.1.1
   * Component: Touchscreen Version: 1.1.1
   * Component: Touch Screen Version: 1.1.1
   * Component: SDRAM Version: 1.1.1
   * Component: emWin LCD Variant: RGB IF Version: 1.1.1
   * Component: STM32F746G-Discovery Variant: RGB IF Version: 1.0.0

<h2>Collection of Component include folders:</h2>
  .\RTE\Device\STM32F746NGHx
  .\RTE\_STM32F746_Flash
  C:\Keil_v5\ARM\PACK\ARM\CMSIS\5.0.1\CMSIS\Include
  C:\Keil_v5\ARM\PACK\ARM\CMSIS\5.0.1\CMSIS\RTOS\RTX\INC
  C:\Keil_v5\ARM\PACK\Keil\MDK-Middleware\7.4.0\Board
  C:\Keil_v5\ARM\PACK\Keil\MDK-Middleware\7.4.0\emWin\Include
  C:\Keil_v5\ARM\PACK\Keil\STM32F7xx_DFP\2.9.0\Drivers\BSP\STM32746G-Discovery
  C:\Keil_v5\ARM\PACK\Keil\STM32F7xx_DFP\2.9.0\Drivers\CMSIS\Device\ST\STM32F7xx\Include
  C:\Keil_v5\ARM\PACK\Keil\STM32F7xx_DFP\2.9.0\Drivers\STM32F7xx_HAL_Driver\Inc

<h2>Collection of Component Files used:</h2>

   * Component: ::CMSIS:RTOS:1.0.0 (API)

   * Component: ARM::CMSIS:CORE:5.0.1

   * Component: ARM::CMSIS:RTOS:Keil RTX:4.81.0
      Library file:  CMSIS\RTOS\RTX\LIB\ARM\RTX_CM4.lib
      Source file:   CMSIS\RTOS\RTX\Templates\RTX_Conf_CM.c
      Include file:  CMSIS\RTOS\RTX\UserCodeTemplates\osObjects.h
      Source file:   CMSIS\RTOS\RTX\UserCodeTemplates\MailQueue.c
      Source file:   CMSIS\RTOS\RTX\UserCodeTemplates\MemPool.c
      Source file:   CMSIS\RTOS\RTX\UserCodeTemplates\MsgQueue.c
      Include file:  CMSIS\RTOS\RTX\INC\cmsis_os.h
      Source file:   CMSIS\RTOS\RTX\UserCodeTemplates\main.c
      Source file:   CMSIS\RTOS\RTX\SRC\ARM\SVC_Table.s
      Source file:   CMSIS\RTOS\RTX\UserCodeTemplates\Semaphore.c
      Source file:   CMSIS\RTOS\RTX\UserCodeTemplates\Timer.c
      Source file:   CMSIS\RTOS\RTX\UserCodeTemplates\Thread.c
      Source file:   CMSIS\RTOS\RTX\UserCodeTemplates\Mutex.c

   * Component: ::Board Support:Touchscreen:1.0.0 (API)
      Include file:  Board\Board_Touch.h

   * Component: ::Board Support:emWin LCD:1.1.0 (API)
      Include file:  emWin\Include\LCD_X.h

   * Component: Segger.MDK-Pro::Graphics:CORE:5.36.6
      Library file:  emWin\Lib\ARM\GUI_CM4F_L.lib
      Source file:   emWin\Sample\Template\GUI_MultiThread.c
      Source file:   emWin\Sample\Config\GUIConf.c
      Source file:   emWin\Sample\Template\GUI_SingleThread.c
      Source file:   emWin\Sample\GUI_X\GUI_X_RTE.c
      Source file:   emWin\Sample\Template\GUI_TemplateThread.c
      Include file:  emWin\Include\GUI.h

   * Component: ::Device:STM32Cube Framework:1.0.0 (API)

   * Component: Keil::Device:Startup:1.2.0
      Source file:   MDK\Device\Source\ARM\STM32F7xx_OTP.s
      Source file:   MDK\Device\Source\ARM\STM32F7xx_OPT.s
      Source file:   Drivers\CMSIS\Device\ST\STM32F7xx\Source\Templates\arm\startup_stm32f746xx.s
      Include file:  Drivers\CMSIS\Device\ST\STM32F7xx\Include\stm32f7xx.h
      Source file:   Drivers\CMSIS\Device\ST\STM32F7xx\Source\Templates\system_stm32f7xx.c

   * Component: Keil::Device:STM32Cube Framework:Classic:1.2.0
      Include file:  CMSIS\Driver\Config\RTE_Device.h
      Include file:  MDK\Templates\Inc\stm32f7xx_it.h
      Include file:  MDK\Templates\Inc\stm32f7xx_hal_conf.h
      Source file:   MDK\Templates\Src\stm32f7xx_it.c
      Include file:  MDK\Templates\Inc\main.h
      Source file:   MDK\Templates\Src\stm32f7xx_hal_msp.c
      Source file:   MDK\Templates\Src\main.c

   * Component: Keil::Device:STM32Cube HAL:Common:1.2.0
      Include file:  Drivers\STM32F7xx_HAL_Driver\Inc\stm32f7xx_hal.h
      Source file:   Drivers\STM32F7xx_HAL_Driver\Src\stm32f7xx_hal.c

   * Component: Keil::Device:STM32Cube HAL:DMA:1.2.0
      Source file:   Drivers\STM32F7xx_HAL_Driver\Src\stm32f7xx_hal_dma.c
      Source file:   Drivers\STM32F7xx_HAL_Driver\Src\stm32f7xx_hal_dma_ex.c

   * Component: Keil::Device:STM32Cube HAL:RCC:1.2.0
      Source file:   Drivers\STM32F7xx_HAL_Driver\Src\stm32f7xx_hal_rcc.c
      Source file:   Drivers\STM32F7xx_HAL_Driver\Src\stm32f7xx_hal_rcc_ex.c

   * Component: Keil::Device:STM32Cube HAL:Cortex:1.2.0
      Source file:   Drivers\STM32F7xx_HAL_Driver\Src\stm32f7xx_hal_cortex.c

   * Component: Keil::Device:STM32Cube HAL:SDRAM:1.2.0
      Source file:   Drivers\STM32F7xx_HAL_Driver\Src\stm32f7xx_hal_sdram.c
      Source file:   Drivers\STM32F7xx_HAL_Driver\Src\stm32f7xx_ll_fmc.c

   * Component: Keil::Device:STM32Cube HAL:I2C:1.2.0
      Source file:   Drivers\STM32F7xx_HAL_Driver\Src\stm32f7xx_hal_i2c_ex.c
      Source file:   Drivers\STM32F7xx_HAL_Driver\Src\stm32f7xx_hal_i2c.c

   * Component: Keil::Device:STM32Cube HAL:GPIO:1.2.0
      Source file:   Drivers\STM32F7xx_HAL_Driver\Src\stm32f7xx_hal_gpio.c

   * Component: Keil::Device:STM32Cube HAL:PWR:1.2.0
      Source file:   Drivers\STM32F7xx_HAL_Driver\Src\stm32f7xx_hal_pwr.c
      Source file:   Drivers\STM32F7xx_HAL_Driver\Src\stm32f7xx_hal_pwr_ex.c

   * Component: Keil::Device:STM32Cube HAL:LTDC:1.2.0
      Source file:   Drivers\STM32F7xx_HAL_Driver\Src\stm32f7xx_hal_ltdc.c
      Source file:   Drivers\STM32F7xx_HAL_Driver\Src\stm32f7xx_hal_ltdc_ex.c

   * Component: Keil::Device:STM32Cube HAL:DMA2D:1.2.0
      Source file:   Drivers\STM32F7xx_HAL_Driver\Src\stm32f7xx_hal_dma2d.c

   * Component: Keil::Device:STM32Cube HAL:UART:1.2.0
      Source file:   Drivers\STM32F7xx_HAL_Driver\Src\stm32f7xx_hal_uart.c

   * Component: Keil.STM32F746G-Discovery::Board Support:Drivers:Basic I/O:1.1.1
      Source file:   Drivers\BSP\STM32746G-Discovery\stm32746g_discovery.c
      Include file:  Drivers\BSP\STM32746G-Discovery\stm32746g_discovery.h

   * Component: Keil.STM32F746G-Discovery::Board Support:Touchscreen:1.1.1
      Source file:   MDK\Boards\ST\STM32F746G_Discovery\Common\Touch_746G_Discovery.c

   * Component: Keil.STM32F746G-Discovery::Board Support:Drivers:Touch Screen:1.1.1
      Source file:   Drivers\BSP\STM32746G-Discovery\stm32746g_discovery_ts.c
      Source file:   Drivers\BSP\Components\ft5336\ft5336.c
      Include file:  Drivers\BSP\STM32746G-Discovery\stm32746g_discovery_ts.h

   * Component: Keil.STM32F746G-Discovery::Board Support:Drivers:SDRAM:1.1.1
      Include file:  Drivers\BSP\STM32746G-Discovery\stm32746g_discovery_sdram.h
      Source file:   Drivers\BSP\STM32746G-Discovery\stm32746g_discovery_sdram.c

   * Component: Keil.STM32F746G-Discovery::Board Support:emWin LCD:RGB IF:1.1.1
      Source file:   MDK\Boards\ST\STM32F746G_Discovery\Common\LCD_X.c

   * Component: Keil::Graphics Display:STM32F746G-Discovery:RGB IF:1.0.0
      Source file:   MDK\Boards\ST\STM32F746G_Discovery\Common\LCDConf.c
Build Time Elapsed:  00:00:05
</pre>
</body>
</html>
