Component: ARM Compiler 5.06 update 4 (build 422) Tool: armlink [4d35d2]

==============================================================================

Section Cross References

    main.o(i.CPU_CACHE_Enable) refers to main.o(i.SCB_EnableICache) for SCB_EnableICache
    main.o(i.CPU_CACHE_Enable) refers to main.o(i.SCB_EnableDCache) for SCB_EnableDCache
    main.o(i.HAL_GetTick) refers to rt_time.o(.data) for os_time
    main.o(i.MainTask) refers to main.o(i.CPU_CACHE_Enable) for CPU_CACHE_Enable
    main.o(i.MainTask) refers to stm32f7xx_hal.o(i.HAL_Init) for HAL_Init
    main.o(i.MainTask) refers to stm32746g_discovery_sdram.o(i.BSP_SDRAM_Init) for BSP_SDRAM_Init
    main.o(i.MainTask) refers to main.o(i.SystemClock_Config) for SystemClock_Config
    main.o(i.MainTask) refers to gui_core.o(i.GUI_Init) for GUI_Init
    main.o(i.MainTask) refers to initgame.o(i.initGame) for initGame
    main.o(i.MainTask) refers to touch_746g_discovery.o(i.Touch_Initialize) for Touch_Initialize
    main.o(i.MainTask) refers to gui_setcolor.o(i.GUI_SetBkColor) for GUI_SetBkColor
    main.o(i.MainTask) refers to gui_time.o(i.GUI_Delay) for GUI_Delay
    main.o(i.MainTask) refers to gui_core.o(i.GUI_Clear) for GUI_Clear
    main.o(i.MainTask) refers to initgame.o(i.updateAllPipes) for updateAllPipes
    main.o(i.MainTask) refers to initgame.o(i.updateBirdy) for updateBirdy
    main.o(i.MainTask) refers to initgame.o(i.initPipes) for initPipes
    main.o(i.MainTask) refers to initgame.o(i.drawAllPipes) for drawAllPipes
    main.o(i.SystemClock_Config) refers to stm32f7xx_hal_rcc.o(i.HAL_RCC_OscConfig) for HAL_RCC_OscConfig
    main.o(i.SystemClock_Config) refers to stm32f7xx_hal_pwr_ex.o(i.HAL_PWREx_EnableOverDrive) for HAL_PWREx_EnableOverDrive
    main.o(i.SystemClock_Config) refers to stm32f7xx_hal_rcc.o(i.HAL_RCC_ClockConfig) for HAL_RCC_ClockConfig
    main.o(i.main) refers to main.o(i.MainTask) for MainTask
    bluebird.o(.constdata) refers to gui_drawbitmap_8888.o(.constdata) for GUI_BitmapMethods8888
    pipeline.o(i.deq) refers to pipeline.o(i.queueEmpty) for queueEmpty
    pipeline.o(i.deq) refers to assert.o(.text) for __aeabi_assert
    pipeline.o(i.deq) refers to h1_free_mt.o(.text) for free
    pipeline.o(i.drawPipes) refers to gui_drawgradientrounded.o(i.GUI_DrawGradientRoundedV) for GUI_DrawGradientRoundedV
    pipeline.o(i.drawPipes) refers to lcd_getex.o(i.LCD_GetYSize) for LCD_GetYSize
    pipeline.o(i.enq) refers to assert.o(.text) for __aeabi_assert
    pipeline.o(i.erasePipes) refers to gui_core.o(i.GUI_ClearRect) for GUI_ClearRect
    pipeline.o(i.erasePipes) refers to lcd_getex.o(i.LCD_GetYSize) for LCD_GetYSize
    pipeline.o(i.queueCreate) refers to h1_alloc_mt.o(.text) for malloc
    pipeline.o(i.queueDestroy) refers to pipeline.o(i.deq) for deq
    pipeline.o(i.queueDestroy) refers to pipeline.o(i.queueEmpty) for queueEmpty
    pipeline.o(i.queueDestroy) refers to h1_free_mt.o(.text) for free
    background.o(.constdata) refers to gui_drawbitmap_444.o(.constdata) for GUI_BitmapMethods444_12
    initgame.o(i.drawAllPipes) refers to pipeline.o(i.drawPipes) for drawPipes
    initgame.o(i.drawAllPipes) refers to initgame.o(.data) for pipeQueue
    initgame.o(i.initBirds) refers to lcd_getex.o(i.LCD_GetXSize) for LCD_GetXSize
    initgame.o(i.initBirds) refers to lcd_getex.o(i.LCD_GetYSize) for LCD_GetYSize
    initgame.o(i.initBirds) refers to gui_sprite.o(i.GUI_SPRITE_Create) for GUI_SPRITE_Create
    initgame.o(i.initBirds) refers to rt_memcpy_w.o(.text) for __aeabi_memcpy4
    initgame.o(i.initBirds) refers to bluebird.o(.constdata) for bmBlueBird
    initgame.o(i.initBirds) refers to initgame.o(.bss) for bird
    initgame.o(i.initBirds) refers to main.o(.bss) for thisGame
    initgame.o(i.initGame) refers to initgame.o(i.initBirds) for initBirds
    initgame.o(i.initGame) refers to pipeline.o(i.queueCreate) for queueCreate
    initgame.o(i.initGame) refers to initgame.o(i.initPipes) for initPipes
    initgame.o(i.initGame) refers to initgame.o(.data) for pipeQueue
    initgame.o(i.initGame) refers to main.o(.bss) for thisGame
    initgame.o(i.initPipes) refers to rand.o(.emb_text) for rand
    initgame.o(i.initPipes) refers to h1_alloc_mt.o(.text) for malloc
    initgame.o(i.initPipes) refers to pipeline.o(i.enq) for enq
    initgame.o(i.initPipes) refers to initgame.o(.data) for pipe
    initgame.o(i.upBirdy) refers to main.o(.bss) for thisGame
    initgame.o(i.updateAllPipes) refers to pipeline.o(i.updatePipes) for updatePipes
    initgame.o(i.updateAllPipes) refers to pipeline.o(i.isOffScreen) for isOffScreen
    initgame.o(i.updateAllPipes) refers to pipeline.o(i.deq) for deq
    initgame.o(i.updateAllPipes) refers to initgame.o(.data) for pipeQueue
    initgame.o(i.updateBirdy) refers to touch_746g_discovery.o(i.Touch_GetState) for Touch_GetState
    initgame.o(i.updateBirdy) refers to initgame.o(i.upBirdy) for upBirdy
[...]
    0x08002af6   0x00000032   Code   RO         7116    i.GUI_TIMER_GetFlag  GUI_CM4F_L.lib(gui_timer.o)
    0x08002b28   0x00000028   Code   RO         7122    i.GUI_TIMER__GetFirstTimer  GUI_CM4F_L.lib(gui_timer.o)
    0x08002b50   0x00000036   Code   RO         7124    i.GUI_TIMER__GetNextTimerLin  GUI_CM4F_L.lib(gui_timer.o)
    0x08002b86   0x00000002   PAD
    0x08002b88   0x00000010   Code   RO         3406    i.GUI_Tick          gui_x_rte.o
    0x08002b98   0x00000028   Code   RO         6742    i.GUI_USAGE_AddRect  GUI_CM4F_L.lib(guidev_usage.o)
    0x08002bc0   0x00000074   Code   RO         6754    i.GUI_USAGE_BM_AddHLine  GUI_CM4F_L.lib(guidev_usagebm.o)
    0x08002c34   0x0000002c   Code   RO         6755    i.GUI_USAGE_BM_AddPixel  GUI_CM4F_L.lib(guidev_usagebm.o)
    0x08002c60   0x0000000e   Code   RO         6756    i.GUI_USAGE_BM_Clear  GUI_CM4F_L.lib(guidev_usagebm.o)
    0x08002c6e   0x00000002   PAD
    0x08002c70   0x0000005c   Code   RO         6757    i.GUI_USAGE_BM_Create  GUI_CM4F_L.lib(guidev_usagebm.o)
    0x08002ccc   0x0000009a   Code   RO         6758    i.GUI_USAGE_BM_GetNextDirty  GUI_CM4F_L.lib(guidev_usagebm.o)
    0x08002d66   0x0000002c   Code   RO         6743    i.GUI_USAGE_DecUseCnt  GUI_CM4F_L.lib(guidev_usage.o)
    0x08002d92   0x00000002   PAD
    0x08002d94   0x00000014   Code   RO         6121    i.GUI_Unlock        GUI_CM4F_L.lib(gui_task.o)
    0x08002da8   0x0000001c   Code   RO         3510    i.GUI_X_Config      guiconf.o
    0x08002dc4   0x0000000c   Code   RO         3407    i.GUI_X_Delay       gui_x_rte.o
    0x08002dd0   0x0000000a   Code   RO         3409    i.GUI_X_ExecIdle    gui_x_rte.o
    0x08002dda   0x00000008   Code   RO         3410    i.GUI_X_GetTaskId   gui_x_rte.o
    0x08002de2   0x00000002   PAD
    0x08002de4   0x0000000c   Code   RO         3411    i.GUI_X_GetTime     gui_x_rte.o
    0x08002df0   0x00000024   Code   RO         3412    i.GUI_X_Init        gui_x_rte.o
    0x08002e14   0x00000018   Code   RO         3413    i.GUI_X_InitOS      gui_x_rte.o
    0x08002e2c   0x00000014   Code   RO         3414    i.GUI_X_Lock        gui_x_rte.o
    0x08002e40   0x00000010   Code   RO         3417    i.GUI_X_Unlock      gui_x_rte.o
    0x08002e50   0x00000016   Code   RO         4696    i.GUI__AllocAlphaBuffer  GUI_CM4F_L.lib(gui__alpha.o)
    0x08002e66   0x00000002   PAD
    0x08002e68   0x00000024   Code   RO         7008    i.GUI__AlphaPreserveTrans  GUI_CM4F_L.lib(gui_setalpha.o)
    0x08002e8c   0x00000124   Code   RO         5913    i.GUI__CompactPixelIndices  GUI_CM4F_L.lib(gui__compactpixelindices.o)
    0x08002fb0   0x0000000c   Code   RO         5914    i.GUI__CompactPixelIndicesEx  GUI_CM4F_L.lib(gui__compactpixelindices.o)
    0x08002fbc   0x00000038   Code   RO         4810    i.GUI__Config       GUI_CM4F_L.lib(gui_core.o)
    0x08002ff4   0x00000168   Code   RO         5915    i.GUI__ConvertColor2Index  GUI_CM4F_L.lib(gui__compactpixelindices.o)
    0x0800315c   0x000001d0   Code   RO         4697    i.GUI__DoAlphaBlending  GUI_CM4F_L.lib(gui__alpha.o)
    0x0800332c   0x00000142   Code   RO         5976    i.GUI__ExpandPixelIndicesEx  GUI_CM4F_L.lib(gui__expandpixelindices.o)
    0x0800346e   0x00000002   PAD
    0x08003470   0x0000009c   Code   RO         4698    i.GUI__GetAlphaBuffer  GUI_CM4F_L.lib(gui__alpha.o)
    0x0800350c   0x0000001c   Code   RO         6956    i.GUI__GetOrg       GUI_CM4F_L.lib(gui_getorg.o)
    0x08003528   0x0000003a   Code   RO         5985    i.GUI__IntersectRect  GUI_CM4F_L.lib(gui__intersectrect.o)
    0x08003562   0x00000052   Code   RO         6505    i.GUI__IntersectRects  GUI_CM4F_L.lib(gui__intersectrects.o)
    0x080035b4   0x00000010   Code   RO         6515    i.GUI__ManageCache  GUI_CM4F_L.lib(gui__managecache.o)
    0x080035c4   0x000000d4   Code   RO         6516    i.GUI__ManageCacheEx  GUI_CM4F_L.lib(gui__managecache.o)
    0x08003698   0x00000066   Code   RO         4699    i.GUI__MixColors    GUI_CM4F_L.lib(gui__alpha.o)
    0x080036fe   0x0000004e   Code   RO         4700    i.GUI__MixColorsBulk  GUI_CM4F_L.lib(gui__alpha.o)
    0x0800374c   0x00000010   Code   RO         4811    i.GUI__RegisterExit  GUI_CM4F_L.lib(gui_core.o)
    0x0800375c   0x0000004c   Code   RO         5993    i.GUI__memset       GUI_CM4F_L.lib(gui__memset.o)
    0x080037a8   0x0000001a   Code   RO         6001    i.GUI__sqrt32       GUI_CM4F_L.lib(gui__sqrt32.o)
    0x080037c2   0x00000062   Code   RO         1278    i.HAL_DMA_DeInit    stm32f7xx_hal_dma.o
    0x08003824   0x000000e8   Code   RO         1282    i.HAL_DMA_Init      stm32f7xx_hal_dma.o
    0x0800390c   0x0000001a   Code   RO          981    i.HAL_Delay         stm32f7xx_hal.o
    0x08003926   0x00000002   PAD
    0x08003928   0x00000218   Code   RO         1620    i.HAL_GPIO_Init     stm32f7xx_hal_gpio.o
    0x08003b40   0x0000000c   Code   RO         1624    i.HAL_GPIO_WritePin  stm32f7xx_hal_gpio.o
    0x08003b4c   0x0000000c   Code   RO            5    i.HAL_GetTick       main.o
    0x08003b58   0x0000003c   Code   RO         1685    i.HAL_I2C_DeInit    stm32f7xx_hal_i2c.o
    0x08003b94   0x00000008   Code   RO         1693    i.HAL_I2C_GetState  stm32f7xx_hal_i2c.o
    0x08003b9c   0x000000c4   Code   RO         1694    i.HAL_I2C_Init      stm32f7xx_hal_i2c.o
    0x08003c60   0x000001bc   Code   RO         1710    i.HAL_I2C_Mem_Read  stm32f7xx_hal_i2c.o
    0x08003e1c   0x000001b8   Code   RO         1713    i.HAL_I2C_Mem_Write  stm32f7xx_hal_i2c.o
    0x08003fd4   0x00000002   Code   RO         1716    i.HAL_I2C_MspDeInit  stm32f7xx_hal_i2c.o
    0x08003fd6   0x00000002   Code   RO         1717    i.HAL_I2C_MspInit   stm32f7xx_hal_i2c.o
    0x08003fd8   0x00000028   Code   RO          991    i.HAL_Init          stm32f7xx_hal.o
    0x08004000   0x00000028   Code   RO          992    i.HAL_InitTick      stm32f7xx_hal.o
    0x08004028   0x000000b4   Code   RO         2141    i.HAL_LTDC_ConfigCLUT  stm32f7xx_hal_ltdc.o
    0x080040dc   0x00000060   Code   RO         2142    i.HAL_LTDC_ConfigColorKeying  stm32f7xx_hal_ltdc.o
    0x0800413c   0x0000005e   Code   RO         2144    i.HAL_LTDC_ConfigLayer  stm32f7xx_hal_ltdc.o
    0x0800419a   0x0000004c   Code   RO         2149    i.HAL_LTDC_DisableColorKeying  stm32f7xx_hal_ltdc.o
    0x080041e6   0x0000004c   Code   RO         2152    i.HAL_LTDC_EnableCLUT  stm32f7xx_hal_ltdc.o
    0x08004232   0x0000004c   Code   RO         2154    i.HAL_LTDC_EnableColorKeying  stm32f7xx_hal_ltdc.o
    0x0800427e   0x00000002   Code   RO         2157    i.HAL_LTDC_ErrorCallback  stm32f7xx_hal_ltdc.o
    0x08004280   0x0000010c   Code   RO         2160    i.HAL_LTDC_IRQHandler  stm32f7xx_hal_ltdc.o
    0x0800438c   0x00000128   Code   RO         2161    i.HAL_LTDC_Init     stm32f7xx_hal_ltdc.o
    0x080044b4   0x00000088   Code   RO         3527    i.HAL_LTDC_LineEventCallback  lcdconf.o
    0x0800453c   0x00000002   Code   RO         2164    i.HAL_LTDC_MspInit  stm32f7xx_hal_ltdc.o
    0x0800453e   0x00000002   PAD
    0x08004540   0x00000048   Code   RO         2165    i.HAL_LTDC_ProgramLineEvent  stm32f7xx_hal_ltdc.o
    0x08004588   0x00000002   Code   RO         2167    i.HAL_LTDC_ReloadEventCallback  stm32f7xx_hal_ltdc.o
    0x0800458a   0x0000005c   Code   RO         2168    i.HAL_LTDC_SetAddress  stm32f7xx_hal_ltdc.o
    0x080045e6   0x0000005c   Code   RO         2170    i.HAL_LTDC_SetAlpha  stm32f7xx_hal_ltdc.o
    0x08004642   0x0000006c   Code   RO         2176    i.HAL_LTDC_SetWindowPosition  stm32f7xx_hal_ltdc.o
    0x080046ae   0x00000074   Code   RO         2178    i.HAL_LTDC_SetWindowSize  stm32f7xx_hal_ltdc.o
    0x08004722   0x00000002   Code   RO          994    i.HAL_MspInit       stm32f7xx_hal.o
    0x08004724   0x00000020   Code   RO         1138    i.HAL_NVIC_EnableIRQ  stm32f7xx_hal_cortex.o
    0x08004744   0x0000007c   Code   RO         1144    i.HAL_NVIC_SetPriority  stm32f7xx_hal_cortex.o
    0x080047c0   0x00000028   Code   RO         1145    i.HAL_NVIC_SetPriorityGrouping  stm32f7xx_hal_cortex.o
    0x080047e8   0x00000090   Code   RO         2546    i.HAL_PWREx_EnableOverDrive  stm32f7xx_hal_pwr_ex.o
    0x08004878   0x00000918   Code   RO         2736    i.HAL_RCCEx_PeriphCLKConfig  stm32f7xx_hal_rcc_ex.o
    0x08005190   0x000001b4   Code   RO         2633    i.HAL_RCC_ClockConfig  stm32f7xx_hal_rcc.o
    0x08005344   0x000000b4   Code   RO         2642    i.HAL_RCC_GetSysClockFreq  stm32f7xx_hal_rcc.o
    0x080053f8   0x000004e8   Code   RO         2645    i.HAL_RCC_OscConfig  stm32f7xx_hal_rcc.o
    0x080058e0   0x00000040   Code   RO         2776    i.HAL_SDRAM_Init    stm32f7xx_hal_sdram.o
    0x08005920   0x00000002   Code   RO         2778    i.HAL_SDRAM_MspInit  stm32f7xx_hal_sdram.o
    0x08005922   0x00000028   Code   RO         2779    i.HAL_SDRAM_ProgramRefreshRate  stm32f7xx_hal_sdram.o
    0x0800594a   0x0000003a   Code   RO         2785    i.HAL_SDRAM_SendCommand  stm32f7xx_hal_sdram.o
    0x08005984   0x00000034   Code   RO         1149    i.HAL_SYSTICK_Config  stm32f7xx_hal_cortex.o
    0x080059b8   0x00000028   Code   RO         1736    i.I2C_Flush_TXDR    stm32f7xx_hal_i2c.o
    0x080059e0   0x0000008c   Code   RO         1744    i.I2C_IsAcknowledgeFailed  stm32f7xx_hal_i2c.o
    0x08005a6c   0x0000008c   Code   RO         1747    i.I2C_RequestMemoryRead  stm32f7xx_hal_i2c.o
    0x08005af8   0x0000008c   Code   RO         1748    i.I2C_RequestMemoryWrite  stm32f7xx_hal_i2c.o
    0x08005b84   0x00000030   Code   RO         1751    i.I2C_TransferConfig  stm32f7xx_hal_i2c.o
    0x08005bb4   0x00000056   Code   RO         1752    i.I2C_WaitOnFlagUntilTimeout  stm32f7xx_hal_i2c.o
    0x08005c0a   0x00000056   Code   RO         1754    i.I2C_WaitOnSTOPFlagUntilTimeout  stm32f7xx_hal_i2c.o
    0x08005c60   0x0000005a   Code   RO         1755    i.I2C_WaitOnTXISFlagUntilTimeout  stm32f7xx_hal_i2c.o
    0x08005cba   0x00000014   Code   RO          475    i.I2Cx_Error        stm32746g_discovery.o
    0x08005cce   0x00000002   PAD
    0x08005cd0   0x00000050   Code   RO          476    i.I2Cx_Init         stm32746g_discovery.o
    0x08005d20   0x00000164   Code   RO          478    i.I2Cx_MspInit      stm32746g_discovery.o
    0x08005e84   0x0000003a   Code   RO          479    i.I2Cx_ReadMultiple  stm32746g_discovery.o
    0x08005ebe   0x0000003a   Code   RO          480    i.I2Cx_WriteMultiple  stm32746g_discovery.o
    0x08005ef8   0x00000064   Code   RO         7397    i.LCD_AA_MixColors16  GUI_CM4F_L.lib(lcd_aa.o)
    0x08005f5c   0x00000010   Code   RO         7399    i.LCD_AA_SetAndMask  GUI_CM4F_L.lib(lcd_aa.o)
    0x08005f6c   0x0000001c   Code   RO         5160    i.LCD_Color2Index   GUI_CM4F_L.lib(lcd.o)
    0x08005f88   0x00000056   Code   RO         4603    i.LCD_Color2Index_8666  GUI_CM4F_L.lib(guicc_8666.o)
    0x08005fde   0x00000002   PAD
    0x08005fe0   0x00000204   Code   RO         5161    i.LCD_DrawBitmap    GUI_CM4F_L.lib(lcd.o)
    0x080061e4   0x00000058   Code   RO         5162    i.LCD_DrawHLine     GUI_CM4F_L.lib(lcd.o)
    0x0800623c   0x00000068   Code   RO         5163    i.LCD_DrawPixel     GUI_CM4F_L.lib(lcd.o)
    0x080062a4   0x00000058   Code   RO         5165    i.LCD_FillRect      GUI_CM4F_L.lib(lcd.o)
    0x080062fc   0x00000006   Code   RO         5229    i.LCD_GetBitsPerPixelEx  GUI_CM4F_L.lib(lcd_getex.o)
    0x08006302   0x00000002   PAD
    0x08006304   0x00000010   Code   RO         6255    i.LCD_GetColorIndex  GUI_CM4F_L.lib(lcd_getcolorindex.o)
    0x08006314   0x00000018   Code   RO         5231    i.LCD_GetDevFunc    GUI_CM4F_L.lib(lcd_getex.o)
    0x0800632c   0x00000006   Code   RO         5233    i.LCD_GetMirrorXEx  GUI_CM4F_L.lib(lcd_getex.o)
    0x08006332   0x00000006   Code   RO         5235    i.LCD_GetMirrorYEx  GUI_CM4F_L.lib(lcd_getex.o)
    0x08006338   0x00000010   Code   RO         5236    i.LCD_GetNumColors  GUI_CM4F_L.lib(lcd_getex.o)
    0x08006348   0x00000006   Code   RO         5237    i.LCD_GetNumColorsEx  GUI_CM4F_L.lib(lcd_getex.o)
    0x0800634e   0x0000001a   Code   RO         6264    i.LCD_GetNumLayers  GUI_CM4F_L.lib(lcd_getnumdisplays.o)
    0x08006368   0x00000010   Code   RO         5238    i.LCD_GetPalette    GUI_CM4F_L.lib(lcd_getex.o)
    0x08006378   0x00000018   Code   RO         5239    i.LCD_GetPaletteEx  GUI_CM4F_L.lib(lcd_getex.o)
    0x08006390   0x0000000e   Code   RO         6272    i.LCD_GetPixelColor  GUI_CM4F_L.lib(lcd_getpixelcolor.o)
    0x0800639e   0x00000002   PAD
    0x080063a0   0x00000060   Code   RO         6647    i.LCD_GetPixelIndex  GUI_CM4F_L.lib(lcd_getp.o)
    0x08006400   0x0000002c   Code   RO         5317    i.LCD_GetPosEx      GUI_CM4F_L.lib(lcd_set.o)
    0x0800642c   0x00000006   Code   RO         5241    i.LCD_GetSwapXYEx   GUI_CM4F_L.lib(lcd_getex.o)
    0x08006432   0x00000006   Code   RO         5243    i.LCD_GetVXSizeEx   GUI_CM4F_L.lib(lcd_getex.o)
    0x08006438   0x00000006   Code   RO         5244    i.LCD_GetVXSizeMax  GUI_CM4F_L.lib(lcd_getex.o)
    0x0800643e   0x00000006   Code   RO         5246    i.LCD_GetVYSizeEx   GUI_CM4F_L.lib(lcd_getex.o)
    0x08006444   0x00000010   Code   RO         5250    i.LCD_GetXSize      GUI_CM4F_L.lib(lcd_getex.o)
    0x08006454   0x0000000c   Code   RO         5251    i.LCD_GetXSizeDisplay  GUI_CM4F_L.lib(lcd_getex.o)
    0x08006460   0x00000006   Code   RO         5252    i.LCD_GetXSizeEx    GUI_CM4F_L.lib(lcd_getex.o)
    0x08006466   0x00000006   Code   RO         5253    i.LCD_GetXSizeMax   GUI_CM4F_L.lib(lcd_getex.o)
    0x0800646c   0x00000010   Code   RO         5256    i.LCD_GetYSize      GUI_CM4F_L.lib(lcd_getex.o)
    0x0800647c   0x0000000c   Code   RO         5257    i.LCD_GetYSizeDisplay  GUI_CM4F_L.lib(lcd_getex.o)
    0x08006488   0x00000006   Code   RO         5258    i.LCD_GetYSizeEx    GUI_CM4F_L.lib(lcd_getex.o)
    0x0800648e   0x00000006   Code   RO         5259    i.LCD_GetYSizeMax   GUI_CM4F_L.lib(lcd_getex.o)
    0x08006494   0x00000004   Code   RO         5204    i.LCD_GetpPalConvTable  GUI_CM4F_L.lib(lcd_color.o)
    0x08006498   0x00000004   Code   RO         5205    i.LCD_GetpPalConvTableBM  GUI_CM4F_L.lib(lcd_color.o)
    0x0800649c   0x00000048   Code   RO         5206    i.LCD_GetpPalConvTableUncached  GUI_CM4F_L.lib(lcd_color.o)
    0x080064e4   0x0000001c   Code   RO         5166    i.LCD_Index2Color   GUI_CM4F_L.lib(lcd.o)
    0x08006500   0x00000064   Code   RO         4604    i.LCD_Index2Color_8666  GUI_CM4F_L.lib(guicc_8666.o)
    0x08006564   0x00000002   Code   RO         6198    i.LCD_Index2Color_888  GUI_CM4F_L.lib(guicc_888_index2color.o)
    0x08006566   0x00000002   Code   RO         6206    i.LCD_Index2Color_8888  GUI_CM4F_L.lib(guicc_8888_index2color.o)
    0x08006568   0x0000002c   Code   RO         5123    i.LCD_Index2Color_M565  GUI_CM4F_L.lib(guicc_m565.o)
    0x08006594   0x00000014   Code   RO         6246    i.LCD_Index2Color_M888  GUI_CM4F_L.lib(guicc_m888_index2color.o)
    0x080065a8   0x0000001e   Code   RO         6238    i.LCD_Index2Color_M8888I  GUI_CM4F_L.lib(guicc_m8888i_index2color.o)
    0x080065c6   0x0000008a   Code   RO         5167    i.LCD_Init          GUI_CM4F_L.lib(lcd.o)
    0x08006650   0x00000034   Code   RO         5207    i.LCD_InitColors    GUI_CM4F_L.lib(lcd_color.o)
    0x08006684   0x0000007c   Code   RO         5208    i.LCD_InitLUT       GUI_CM4F_L.lib(lcd_color.o)
    0x08006700   0x00000198   Code   RO         6290    i.LCD_ReadRectEx    GUI_CM4F_L.lib(lcd_readrect.o)
    0x08006898   0x00000040   Code   RO         6676    i.LCD_SelectLCD     GUI_CM4F_L.lib(lcd_selectlcd.o)
    0x080068d8   0x0000000c   Code   RO         5168    i.LCD_SetBkColor    GUI_CM4F_L.lib(lcd.o)
    0x080068e4   0x00000018   Code   RO         5169    i.LCD_SetBkColorIndex  GUI_CM4F_L.lib(lcd.o)
    0x080068fc   0x00000030   Code   RO         6684    i.LCD_SetClipRectEx  GUI_CM4F_L.lib(lcd_setcliprectex.o)
    0x0800692c   0x0000001c   Code   RO         5170    i.LCD_SetClipRectMax  GUI_CM4F_L.lib(lcd.o)
    0x08006948   0x0000000c   Code   RO         5171    i.LCD_SetColor      GUI_CM4F_L.lib(lcd.o)
    0x08006954   0x00000018   Code   RO         5172    i.LCD_SetColorIndex  GUI_CM4F_L.lib(lcd.o)
    0x0800696c   0x0000002c   Code   RO         5328    i.LCD_SetDevFunc    GUI_CM4F_L.lib(lcd_set.o)
    0x08006998   0x0000000c   Code   RO         5262    i.LCD_SetDisplaySize  GUI_CM4F_L.lib(lcd_getex.o)
    0x080069a4   0x0000000c   Code   RO         5173    i.LCD_SetDrawMode   GUI_CM4F_L.lib(lcd.o)
    0x080069b0   0x0000002c   Code   RO         5330    i.LCD_SetLUTEntryEx  GUI_CM4F_L.lib(lcd_set.o)
    0x080069dc   0x0000002c   Code   RO         5335    i.LCD_SetSizeEx     GUI_CM4F_L.lib(lcd_set.o)
    0x08006a08   0x00000028   Code   RO         5337    i.LCD_SetVRAMAddrEx  GUI_CM4F_L.lib(lcd_set.o)
    0x08006a30   0x0000002c   Code   RO         5339    i.LCD_SetVSizeEx    GUI_CM4F_L.lib(lcd_set.o)
    0x08006a5c   0x00000024   Code   RO         6692    i.LCD_UpdateColorIndices  GUI_CM4F_L.lib(lcd_updatecolorindices.o)
    0x08006a80   0x0000015c   Code   RO         3528    i.LCD_X_Config      lcdconf.o
    0x08006bdc   0x00000100   Code   RO         3529    i.LCD_X_DisplayDriver  lcdconf.o
    0x08006cdc   0x00000024   Code   RO          841    i.LCD_X_DisplayOff  lcd_x.o
    0x08006d00   0x00000020   Code   RO          842    i.LCD_X_DisplayOn   lcd_x.o
    0x08006d20   0x0000012c   Code   RO          843    i.LCD_X_Init        lcd_x.o
    0x08006e4c   0x000001b4   Code   RO         5174    i.LCD__DrawBitmap_1bpp  GUI_CM4F_L.lib(lcd.o)
    0x08007000   0x0000005c   Code   RO         5263    i.LCD__GetBPP       GUI_CM4F_L.lib(lcd_getex.o)
    0x0800705c   0x00000032   Code   RO         5264    i.LCD__GetBPPDevice  GUI_CM4F_L.lib(lcd_getex.o)
    0x0800708e   0x00000002   PAD
    0x08007090   0x00000010   Code   RO         3530    i.LTDC_IRQHandler   lcdconf.o
    0x080070a0   0x00000212   Code   RO         2180    i.LTDC_SetConfig    stm32f7xx_hal_ltdc.o
    0x080072b2   0x00000052   Code   RO            6    i.MainTask          main.o
    0x08007304   0x0000009c   Code   RO            7    i.SCB_EnableDCache  main.o
    0x080073a0   0x0000007c   Code   RO            8    i.SCB_EnableICache  main.o
    0x0800741c   0x00000056   Code   RO            9    i.SystemClock_Config  main.o
    0x08007472   0x00000002   PAD
    0x08007474   0x00000064   Code   RO         3373    i.SystemInit        system_stm32f7xx.o
    0x080074d8   0x0000000c   Code   RO          481    i.TS_IO_Delay       stm32746g_discovery.o
    0x080074e4   0x00000010   Code   RO          482    i.TS_IO_Init        stm32746g_discovery.o
    0x080074f4   0x00000028   Code   RO          483    i.TS_IO_Read        stm32746g_discovery.o
    0x0800751c   0x00000024   Code   RO          484    i.TS_IO_Write       stm32746g_discovery.o
    0x08007540   0x0000003c   Code   RO          877    i.Touch_GetState    touch_746g_discovery.o
    0x0800757c   0x0000001c   Code   RO          878    i.Touch_Initialize  touch_746g_discovery.o
    0x08007598   0x00000010   Code   RO         6370    i.WM_Activate       GUI_CM4F_L.lib(wm.o)
    0x080075a8   0x00000088   Code   RO         6809    i.WM_BringToBottom  GUI_CM4F_L.lib(wm_bringtobottom.o)
    0x08007630   0x00000150   Code   RO         6372    i.WM_CreateWindowAsChild  GUI_CM4F_L.lib(wm.o)
    0x08007780   0x00000020   Code   RO         6373    i.WM_Deactivate     GUI_CM4F_L.lib(wm.o)
    0x080077a0   0x00000046   Code   RO         6374    i.WM_DefaultProc    GUI_CM4F_L.lib(wm.o)
    0x080077e6   0x0000002a   Code   RO         6872    i.WM_DeleteTimer    GUI_CM4F_L.lib(wm_timer.o)
    0x08007810   0x000000f0   Code   RO         6375    i.WM_DeleteWindow   GUI_CM4F_L.lib(wm.o)
    0x08007900   0x00000078   Code   RO         6376    i.WM_Exec           GUI_CM4F_L.lib(wm.o)
    0x08007978   0x00000018   Code   RO         6494    i.WM_GetDesktopWindow  GUI_CM4F_L.lib(wm_getdesktopwindow.o)
    0x08007990   0x0000001a   Code   RO         6839    i.WM_GetFirstChild  GUI_CM4F_L.lib(wm_getfirstchild.o)
    0x080079aa   0x0000001a   Code   RO         7294    i.WM_GetParent      GUI_CM4F_L.lib(wm_getparent.o)
    0x080079c4   0x00000020   Code   RO         7282    i.WM_GetWindowOrgX  GUI_CM4F_L.lib(wm_getorg.o)
    0x080079e4   0x000000d4   Code   RO         6380    i.WM_Init           GUI_CM4F_L.lib(wm.o)
    0x08007ab8   0x00000080   Code   RO         6381    i.WM_InvalidateRect  GUI_CM4F_L.lib(wm.o)
    0x08007b38   0x00000006   Code   RO         6382    i.WM_InvalidateWindow  GUI_CM4F_L.lib(wm.o)
    0x08007b3e   0x0000005e   Code   RO         6383    i.WM_InvalidateWindowAndDescsEx  GUI_CM4F_L.lib(wm.o)
    0x08007b9c   0x0000001e   Code   RO         7474    i.WM_MoveWindow     GUI_CM4F_L.lib(wm_move.o)
    0x08007bba   0x00000010   Code   RO         6847    i.WM_NotifyParent   GUI_CM4F_L.lib(wm_notifyparent.o)
    0x08007bca   0x00000002   PAD
    0x08007bcc   0x00000040   Code   RO         7320    i.WM_OnKey          GUI_CM4F_L.lib(wm_onkey.o)
    0x08007c0c   0x000000f4   Code   RO         7442    i.WM_ResizeWindow   GUI_CM4F_L.lib(wm_resizewindow.o)
    0x08007d00   0x00000044   Code   RO         6384    i.WM_SelectWindow   GUI_CM4F_L.lib(wm.o)
    0x08007d44   0x0000001a   Code   RO         6855    i.WM_SendMessageNoPara  GUI_CM4F_L.lib(wm_sendmessagenopara.o)
    0x08007d5e   0x00000026   Code   RO         6863    i.WM_SendToParent   GUI_CM4F_L.lib(wm_sendtoparent.o)
    0x08007d84   0x00000014   Code   RO         6386    i.WM_SetDefault     GUI_CM4F_L.lib(wm.o)
    0x08007d98   0x00000048   Code   RO         7367    i.WM_SetSize        GUI_CM4F_L.lib(wm_setsize.o)
    0x08007de0   0x00000048   Code   RO         6387    i.WM__ActivateClipRect  GUI_CM4F_L.lib(wm.o)
    0x08007e28   0x00000010   Code   RO         6817    i.WM__AddCriticalHandle  GUI_CM4F_L.lib(wm_criticalhandle.o)
    0x08007e38   0x00000010   Code   RO         6388    i.WM__Client2Screen  GUI_CM4F_L.lib(wm.o)
    0x08007e48   0x0000004e   Code   RO         6389    i.WM__ClipAtParentBorders  GUI_CM4F_L.lib(wm.o)
    0x08007e96   0x00000052   Code   RO         6875    i.WM__DeleteAssocTimer  GUI_CM4F_L.lib(wm_timer.o)
    0x08007ee8   0x00000028   Code   RO         6391    i.WM__DetachWindow  GUI_CM4F_L.lib(wm.o)
    0x08007f10   0x00000020   Code   RO         6829    i.WM__GetClientRectEx  GUI_CM4F_L.lib(wm_getclientrect.o)
    0x08007f30   0x00000018   Code   RO         6392    i.WM__GetClientRectWin  GUI_CM4F_L.lib(wm.o)
    0x08007f48   0x00000012   Code   RO         7426    i.WM__GetFirstSibling  GUI_CM4F_L.lib(wm__getfirstsibling.o)
    0x08007f5a   0x00000002   PAD
    0x08007f5c   0x00000040   Code   RO         6393    i.WM__GetNextIVR    GUI_CM4F_L.lib(wm.o)
    0x08007f9c   0x00000024   Code   RO         7238    i.WM__GetPrevSibling  GUI_CM4F_L.lib(wm__getprevsibling.o)
    0x08007fc0   0x00000018   Code   RO         6394    i.WM__GetTopLevelLayer  GUI_CM4F_L.lib(wm.o)
    0x08007fd8   0x000000f0   Code   RO         6395    i.WM__InitIVRSearch  GUI_CM4F_L.lib(wm.o)
    0x080080c8   0x000000a4   Code   RO         6396    i.WM__InsertWindowIntoList  GUI_CM4F_L.lib(wm.o)
    0x0800816c   0x00000006   Code   RO         6397    i.WM__Invalidate1Abs  GUI_CM4F_L.lib(wm.o)
    0x08008172   0x00000002   PAD
    0x08008174   0x00000054   Code   RO         6398    i.WM__InvalidateDrawAndDescs  GUI_CM4F_L.lib(wm.o)
    0x080081c8   0x0000002a   Code   RO         6399    i.WM__InvalidateParent  GUI_CM4F_L.lib(wm.o)
    0x080081f2   0x00000076   Code   RO         6400    i.WM__InvalidateRect  GUI_CM4F_L.lib(wm.o)
    0x08008268   0x00000006   Code   RO         6401    i.WM__InvalidateRectEx  GUI_CM4F_L.lib(wm.o)
    0x0800826e   0x00000002   PAD
    0x08008270   0x00000024   Code   RO         6402    i.WM__IsWindow      GUI_CM4F_L.lib(wm.o)
    0x08008294   0x0000009a   Code   RO         7476    i.WM__MoveWindow    GUI_CM4F_L.lib(wm_move.o)
    0x0800832e   0x00000002   PAD
    0x08008330   0x000000a0   Code   RO         6403    i.WM__Paint         GUI_CM4F_L.lib(wm.o)
    0x080083d0   0x0000008c   Code   RO         6404    i.WM__Paint1        GUI_CM4F_L.lib(wm.o)
    0x0800845c   0x00000078   Code   RO         6405    i.WM__PaintWinAndOverlays  GUI_CM4F_L.lib(wm.o)
    0x080084d4   0x00000020   Code   RO         6406    i.WM__RectIsNZ      GUI_CM4F_L.lib(wm.o)
    0x080084f4   0x00000040   Code   RO         6407    i.WM__RemoveWindowFromList  GUI_CM4F_L.lib(wm.o)
    0x08008534   0x00000014   Code   RO         6408    i.WM__SelectTopLevelLayer  GUI_CM4F_L.lib(wm.o)
    0x08008548   0x0000003c   Code   RO         6800    i.WM__SendMessage   GUI_CM4F_L.lib(wm__sendmessage.o)
    0x08008584   0x00000026   Code   RO         7272    i.WM__SendMessageNoPara  GUI_CM4F_L.lib(wm__sendmessagenopara.o)
    0x080085aa   0x0000000e   Code   RO         6409    i.WM__SendMsgNoData  GUI_CM4F_L.lib(wm.o)
    0x080085b8   0x000000dc   Code   RO         7465    i.WM__UpdateChildPositions  GUI_CM4F_L.lib(wm__updatechildpositions.o)
    0x08008694   0x00000090   Code   RO         4747    i._AddFreeMemory    GUI_CM4F_L.lib(gui_alloc.o)
    0x08008724   0x000000b8   Code   RO         4748    i._Alloc            GUI_CM4F_L.lib(gui_alloc.o)
    0x080087dc   0x00000004   Code   RO         6141    i._CalcSizeOfChar   GUI_CM4F_L.lib(gui_uc_encodenone.o)
    0x080087e0   0x00000014   Code   RO         5030    i._ClipRectEx       GUI_CM4F_L.lib(gui_sprite.o)
    0x080087f4   0x0000004c   Code   RO         5124    i._Color2IndexBulk  GUI_CM4F_L.lib(guicc_m565.o)
    0x08008840   0x00000034   Code   RO         5143    i._Color2IndexBulk  GUI_CM4F_L.lib(guicc_m888.o)
    0x08008874   0x0000000e   Code   RO         6631    i._Color2IndexBulk  GUI_CM4F_L.lib(guicc_8888.o)
    0x08008882   0x00000002   PAD
    0x08008884   0x00000044   Code   RO         4586    i._Color2IndexBulk_1616I  GUI_CM4F_L.lib(guicc_1616i.o)
    0x080088c8   0x00000038   Code   RO         4617    i._Color2IndexBulk_88666I  GUI_CM4F_L.lib(guicc_88666i.o)
    0x08008900   0x00000054   Code   RO         4635    i._Color2IndexBulk_M1555I  GUI_CM4F_L.lib(guicc_m1555i.o)
    0x08008954   0x0000001c   Code   RO         3531    i._Color2IndexBulk_M1555I_DMA2D  lcdconf.o
    0x08008970   0x00000060   Code   RO         4655    i._Color2IndexBulk_M4444I  GUI_CM4F_L.lib(guicc_m4444i.o)
    0x080089d0   0x0000001c   Code   RO         3532    i._Color2IndexBulk_M4444I_DMA2D  lcdconf.o
    0x080089ec   0x00000044   Code   RO         4675    i._Color2IndexBulk_M8888I  GUI_CM4F_L.lib(guicc_m8888i.o)
    0x08008a30   0x0000001c   Code   RO         3533    i._Color2IndexBulk_M8888I_DMA2D  lcdconf.o
    0x08008a4c   0x0000001c   Code   RO         3534    i._Color2IndexBulk_M888_DMA2D  lcdconf.o
    0x08008a68   0x00000054   Code   RO         6159    i._Color2Index_0    GUI_CM4F_L.lib(guicc_0.o)
    0x08008abc   0x00000072   Code   RO         5900    i._Color2Index_16   GUI_CM4F_L.lib(guicc_16.o)
    0x08008b2e   0x00000002   PAD
    0x08008b30   0x00000028   Code   RO         4587    i._Color2Index_1616I  GUI_CM4F_L.lib(guicc_1616i.o)
    0x08008b58   0x00000020   Code   RO         4618    i._Color2Index_88666I  GUI_CM4F_L.lib(guicc_88666i.o)
    0x08008b78   0x00000002   Code   RO         6632    i._Color2Index_8888  GUI_CM4F_L.lib(guicc_8888.o)
    0x08008b7a   0x00000002   PAD
    0x08008b7c   0x00000030   Code   RO         4636    i._Color2Index_M1555I  GUI_CM4F_L.lib(guicc_m1555i.o)
    0x08008bac   0x0000003a   Code   RO         4656    i._Color2Index_M4444I  GUI_CM4F_L.lib(guicc_m4444i.o)
    0x08008be6   0x00000002   PAD
    0x08008be8   0x0000002c   Code   RO         5125    i._Color2Index_M565  GUI_CM4F_L.lib(guicc_m565.o)
    0x08008c14   0x00000014   Code   RO         5144    i._Color2Index_M888  GUI_CM4F_L.lib(guicc_m888.o)
    0x08008c28   0x0000001e   Code   RO         4676    i._Color2Index_M8888I  GUI_CM4F_L.lib(guicc_m8888i.o)
    0x08008c46   0x0000003e   Code   RO         6784    i._Convert16        GUI_CM4F_L.lib(guidev_writetoactiveopaque.o)
    0x08008c84   0x0000003e   Code   RO         6785    i._Convert8         GUI_CM4F_L.lib(guidev_writetoactiveopaque.o)
    0x08008cc2   0x00000050   Code   RO         5374    i._CopyBuffer       GUI_CM4F_L.lib(guidrv_lin_24.o)
    0x08008d12   0x000000a2   Code   RO         5031    i._CreateBuffer     GUI_CM4F_L.lib(gui_sprite.o)
    0x08008db4   0x00000148   Code   RO         6722    i._CreateStaticDevice  GUI_CM4F_L.lib(guidev_staticdevices.o)
    0x08008efc   0x00000054   Code   RO         3535    i._DMA_AlphaBlending  lcdconf.o
    0x08008f50   0x00000040   Code   RO         3536    i._DMA_AlphaBlendingBulk  lcdconf.o
    0x08008f90   0x00000034   Code   RO         3537    i._DMA_Color2IndexBulk  lcdconf.o
    0x08008fc4   0x00000040   Code   RO         3538    i._DMA_ConvertColor  lcdconf.o
    0x08009004   0x0000004c   Code   RO         3539    i._DMA_Copy         lcdconf.o
    0x08009050   0x00000044   Code   RO         3540    i._DMA_DrawBitmapL8  lcdconf.o
    0x08009094   0x00000024   Code   RO         3541    i._DMA_ExecOperation  lcdconf.o
    0x080090b8   0x00000048   Code   RO         3542    i._DMA_Fill         lcdconf.o
    0x08009100   0x00000034   Code   RO         3543    i._DMA_Index2ColorBulk  lcdconf.o
    0x08009134   0x00000024   Code   RO         3544    i._DMA_LoadLUT      lcdconf.o
    0x08009158   0x0000009c   Code   RO         3545    i._DMA_MixColors    lcdconf.o
    0x080091f4   0x00000054   Code   RO         3546    i._DMA_MixColorsBulk  lcdconf.o
    0x08009248   0x00000012   Code   RO         6410    i._DeleteAllChildren  GUI_CM4F_L.lib(wm.o)
    0x0800925a   0x00000002   PAD
    0x0800925c   0x00000020   Code   RO         6411    i._DesktopHandle2Index  GUI_CM4F_L.lib(wm.o)
    0x0800927c   0x000000b0   Code   RO         4896    i._DoClipping       GUI_CM4F_L.lib(gui_drawbitmap_8888.o)
    0x0800932c   0x00000084   Code   RO         5032    i._DoColorConversion  GUI_CM4F_L.lib(gui_sprite.o)
    0x080093b0   0x00000648   Code   RO         5375    i._DrawBitLine1BPP  GUI_CM4F_L.lib(guidrv_lin_24.o)
    0x080099f8   0x0000011c   Code   RO         6329    i._DrawBitLine1BPP  GUI_CM4F_L.lib(guidev_32.o)
    0x08009b14   0x00000114   Code   RO         5376    i._DrawBitLine2BPP  GUI_CM4F_L.lib(guidrv_lin_24.o)
    0x08009c28   0x000000e0   Code   RO         6330    i._DrawBitLine2BPP  GUI_CM4F_L.lib(guidev_32.o)
    0x08009d08   0x00000152   Code   RO         5377    i._DrawBitLine32BPP  GUI_CM4F_L.lib(guidrv_lin_24.o)
    0x08009e5a   0x00000002   PAD
    0x08009e5c   0x000000a2   Code   RO         6331    i._DrawBitLine32BPP_DDB  GUI_CM4F_L.lib(guidev_32.o)
    0x08009efe   0x00000002   PAD
    0x08009f00   0x00000114   Code   RO         5378    i._DrawBitLine4BPP  GUI_CM4F_L.lib(guidrv_lin_24.o)
    0x0800a014   0x00000158   Code   RO         6332    i._DrawBitLine4BPP  GUI_CM4F_L.lib(guidev_32.o)
    0x0800a16c   0x0000009c   Code   RO         5379    i._DrawBitLine8BPP  GUI_CM4F_L.lib(guidrv_lin_24.o)
    0x0800a208   0x00000446   Code   RO         4897    i._DrawBitmap       GUI_CM4F_L.lib(gui_drawbitmap_8888.o)
    0x0800a64e   0x00000002   PAD
    0x0800a650   0x000003d4   Code   RO         5033    i._DrawBitmap       GUI_CM4F_L.lib(gui_sprite.o)
    0x0800aa24   0x00000148   Code   RO         5380    i._DrawBitmap       GUI_CM4F_L.lib(guidrv_lin_24.o)
    0x0800ab6c   0x000002a4   Code   RO         6333    i._DrawBitmap       GUI_CM4F_L.lib(guidev_32.o)
    0x0800ae10   0x00000098   Code   RO         4898    i._DrawBitmapHW     GUI_CM4F_L.lib(gui_drawbitmap_8888.o)
    0x0800aea8   0x0000000c   Code   RO         4899    i._DrawBitmapHW_8888  GUI_CM4F_L.lib(gui_drawbitmap_8888.o)
    0x0800aeb4   0x00000028   Code   RO         4900    i._DrawBitmap_8888  GUI_CM4F_L.lib(gui_drawbitmap_8888.o)
    0x0800aedc   0x00000104   Code   RO         4924    i._DrawGradientRounded  GUI_CM4F_L.lib(gui_drawgradientrounded.o)
    0x0800afe0   0x000001c4   Code   RO         5034    i._DrawHLine        GUI_CM4F_L.lib(gui_sprite.o)
    0x0800b1a4   0x0000000a   Code   RO         5381    i._DrawHLine        GUI_CM4F_L.lib(guidrv_lin_24.o)
    0x0800b1ae   0x0000000a   Code   RO         6334    i._DrawHLine        GUI_CM4F_L.lib(guidev_32.o)
    0x0800b1b8   0x0000005c   Code   RO         6412    i._DrawNext         GUI_CM4F_L.lib(wm.o)
    0x0800b214   0x000001b0   Code   RO         5035    i._DrawVLine        GUI_CM4F_L.lib(gui_sprite.o)
    0x0800b3c4   0x0000000c   Code   RO         5382    i._DrawVLine        GUI_CM4F_L.lib(guidrv_lin_24.o)
    0x0800b3d0   0x000000ac   Code   RO         6335    i._DrawVLine        GUI_CM4F_L.lib(guidev_32.o)
    0x0800b47c   0x00000006   Code   RO         6142    i._Encode           GUI_CM4F_L.lib(gui_uc_encodenone.o)
    0x0800b482   0x00000002   PAD
    0x0800b484   0x00000098   Code   RO         4749    i._EnlargeBlocks    GUI_CM4F_L.lib(gui_alloc.o)
    0x0800b51c   0x00000034   Code   RO         6413    i._Exec1Draw        GUI_CM4F_L.lib(wm.o)
    0x0800b550   0x00000078   Code   RO         6414    i._Exec1Input       GUI_CM4F_L.lib(wm.o)
    0x0800b5c8   0x000001ec   Code   RO         5036    i._FillRect         GUI_CM4F_L.lib(gui_sprite.o)
    0x0800b7b4   0x00000028   Code   RO         5383    i._FillRect         GUI_CM4F_L.lib(guidrv_lin_24.o)
    0x0800b7dc   0x000000a4   Code   RO         6336    i._FillRect         GUI_CM4F_L.lib(guidev_32.o)
    0x0800b880   0x00000338   Code   RO         5384    i._FillRectOpt24    GUI_CM4F_L.lib(guidrv_lin_24.o)
    0x0800bbb8   0x00000148   Code   RO         6415    i._FindNext_IVR     GUI_CM4F_L.lib(wm.o)
    0x0800bd00   0x0000007c   Code   RO         6416    i._Findx0           GUI_CM4F_L.lib(wm.o)
    0x0800bd7c   0x00000072   Code   RO         6417    i._Findx1           GUI_CM4F_L.lib(wm.o)
    0x0800bdee   0x000000a6   Code   RO         6418    i._Findy1           GUI_CM4F_L.lib(wm.o)
    0x0800be94   0x0000007a   Code   RO         5037    i._FlushBuffer      GUI_CM4F_L.lib(gui_sprite.o)
    0x0800bf0e   0x00000004   Code   RO         6759    i._GUI_USAGE_BM_Delete  GUI_CM4F_L.lib(guidev_usagebm.o)
    0x0800bf12   0x0000006c   Code   RO         5038    i._GetBkIndex       GUI_CM4F_L.lib(gui_sprite.o)
    0x0800bf7e   0x00000080   Code   RO         5039    i._GetBkIndexAlpha  GUI_CM4F_L.lib(gui_sprite.o)
    0x0800bffe   0x00000002   PAD
    0x0800c000   0x00000028   Code   RO         3547    i._GetBufferSize    lcdconf.o
    0x0800c028   0x00000004   Code   RO         6143    i._GetCharCode      GUI_CM4F_L.lib(gui_uc_encodenone.o)
    0x0800c02c   0x00000004   Code   RO         6144    i._GetCharSize      GUI_CM4F_L.lib(gui_uc_encodenone.o)
    0x0800c030   0x00000140   Code   RO         5040    i._GetClipParam     GUI_CM4F_L.lib(gui_sprite.o)
    0x0800c170   0x000000d4   Code   RO         5041    i._GetClipRect      GUI_CM4F_L.lib(gui_sprite.o)
    0x0800c244   0x00000004   Code   RO         5042    i._GetDevData       GUI_CM4F_L.lib(gui_sprite.o)
    0x0800c248   0x00000010   Code   RO         5385    i._GetDevData       GUI_CM4F_L.lib(guidrv_lin_24.o)
    0x0800c258   0x00000010   Code   RO         6337    i._GetDevData       GUI_CM4F_L.lib(guidev_32.o)
    0x0800c268   0x00000026   Code   RO         5043    i._GetDevFunc       GUI_CM4F_L.lib(gui_sprite.o)
    0x0800c28e   0x00000002   PAD
    0x0800c290   0x000000d4   Code   RO         5386    i._GetDevFunc       GUI_CM4F_L.lib(guidrv_lin_24.o)
    0x0800c364   0x00000010   Code   RO         6338    i._GetDevFunc       GUI_CM4F_L.lib(guidev_32.o)
    0x0800c374   0x0000000e   Code   RO         5044    i._GetDevProp       GUI_CM4F_L.lib(gui_sprite.o)
    0x0800c382   0x0000001e   Code   RO         5265    i._GetDevProp       GUI_CM4F_L.lib(lcd_getex.o)
    0x0800c3a0   0x0000003c   Code   RO         5387    i._GetDevProp       GUI_CM4F_L.lib(guidrv_lin_24.o)
    0x0800c3dc   0x0000000c   Code   RO         6339    i._GetDevProp       GUI_CM4F_L.lib(guidev_32.o)
    0x0800c3e8   0x00000040   Code   RO         5045    i._GetDeviceRect    GUI_CM4F_L.lib(gui_sprite.o)
    0x0800c428   0x00000052   Code   RO         6160    i._GetIndexMask_0   GUI_CM4F_L.lib(guicc_0.o)
    0x0800c47a   0x00000004   Code   RO         5901    i._GetIndexMask_16  GUI_CM4F_L.lib(guicc_16.o)
    0x0800c47e   0x00000004   Code   RO         4588    i._GetIndexMask_1616I  GUI_CM4F_L.lib(guicc_1616i.o)
    0x0800c482   0x00000004   Code   RO         4605    i._GetIndexMask_8666  GUI_CM4F_L.lib(guicc_8666.o)
    0x0800c486   0x00000006   Code   RO         4619    i._GetIndexMask_88666I  GUI_CM4F_L.lib(guicc_88666i.o)
    0x0800c48c   0x00000006   Code   RO         6633    i._GetIndexMask_8888  GUI_CM4F_L.lib(guicc_8888.o)
    0x0800c492   0x00000006   Code   RO         4637    i._GetIndexMask_M1555I  GUI_CM4F_L.lib(guicc_m1555i.o)
    0x0800c498   0x00000006   Code   RO         4657    i._GetIndexMask_M4444I  GUI_CM4F_L.lib(guicc_m4444i.o)
    0x0800c49e   0x00000006   Code   RO         5126    i._GetIndexMask_M565  GUI_CM4F_L.lib(guicc_m565.o)
    0x0800c4a4   0x00000006   Code   RO         5145    i._GetIndexMask_M888  GUI_CM4F_L.lib(guicc_m888.o)
    0x0800c4aa   0x00000006   Code   RO         4677    i._GetIndexMask_M8888I  GUI_CM4F_L.lib(guicc_m8888i.o)
    0x0800c4b0   0x0000001e   Code   RO         5266    i._GetMaxValue      GUI_CM4F_L.lib(lcd_getex.o)
    0x0800c4ce   0x00000002   PAD
    0x0800c4d0   0x0000001c   Code   RO         4750    i._GetMinIndex      GUI_CM4F_L.lib(gui_alloc.o)
    0x0800c4ec   0x0000005e   Code   RO         5046    i._GetPixelIndex    GUI_CM4F_L.lib(gui_sprite.o)
    0x0800c54a   0x00000058   Code   RO         5388    i._GetPixelIndex    GUI_CM4F_L.lib(guidrv_lin_24.o)
    0x0800c5a2   0x0000000e   Code   RO         6340    i._GetPixelIndex    GUI_CM4F_L.lib(guidev_32.o)
    0x0800c5b0   0x00000088   Code   RO         3548    i._GetPixelformat   lcdconf.o
    0x0800c638   0x0000001c   Code   RO         5389    i._GetPos           GUI_CM4F_L.lib(guidrv_lin_24.o)
    0x0800c654   0x0000000e   Code   RO         5047    i._GetRect          GUI_CM4F_L.lib(gui_sprite.o)
    0x0800c662   0x00000016   Code   RO         5390    i._GetRect          GUI_CM4F_L.lib(guidrv_lin_24.o)
    0x0800c678   0x00000034   Code   RO         6341    i._GetRect          GUI_CM4F_L.lib(guidev_32.o)
    0x0800c6ac   0x0000003c   Code   RO         6122    i._GetTaskNo        GUI_CM4F_L.lib(gui_task.o)
    0x0800c6e8   0x00000010   Code   RO         6068    i._GotoX            GUI_CM4F_L.lib(gui_goto.o)
    0x0800c6f8   0x00000010   Code   RO         6069    i._GotoY            GUI_CM4F_L.lib(gui_goto.o)
    0x0800c708   0x0000001c   Code   RO         6564    i._IncPointer       GUI_CM4F_L.lib(gui_onkey.o)
    0x0800c724   0x00000006   Code   RO         6565    i._IncReadPointer   GUI_CM4F_L.lib(gui_onkey.o)
    0x0800c72a   0x00000002   PAD
    0x0800c72c   0x00000058   Code   RO         5127    i._Index2ColorBulk  GUI_CM4F_L.lib(guicc_m565.o)
    0x0800c784   0x00000034   Code   RO         5146    i._Index2ColorBulk  GUI_CM4F_L.lib(guicc_m888.o)
    0x0800c7b8   0x0000000e   Code   RO         6634    i._Index2ColorBulk  GUI_CM4F_L.lib(guicc_8888.o)
    0x0800c7c6   0x00000002   PAD
    0x0800c7c8   0x0000004c   Code   RO         4589    i._Index2ColorBulk_1616I  GUI_CM4F_L.lib(guicc_1616i.o)
    0x0800c814   0x00000044   Code   RO         4620    i._Index2ColorBulk_88666I  GUI_CM4F_L.lib(guicc_88666i.o)
    0x0800c858   0x0000005c   Code   RO         4638    i._Index2ColorBulk_M1555I  GUI_CM4F_L.lib(guicc_m1555i.o)
    0x0800c8b4   0x0000001c   Code   RO         3549    i._Index2ColorBulk_M1555I_DMA2D  lcdconf.o
    0x0800c8d0   0x0000005c   Code   RO         4658    i._Index2ColorBulk_M4444I  GUI_CM4F_L.lib(guicc_m4444i.o)
    0x0800c92c   0x0000001c   Code   RO         3550    i._Index2ColorBulk_M4444I_DMA2D  lcdconf.o
    0x0800c948   0x00000044   Code   RO         4678    i._Index2ColorBulk_M8888I  GUI_CM4F_L.lib(guicc_m8888i.o)
    0x0800c98c   0x0000001c   Code   RO         3551    i._Index2ColorBulk_M8888I_DMA2D  lcdconf.o
    0x0800c9a8   0x0000001c   Code   RO         3552    i._Index2ColorBulk_M888_DMA2D  lcdconf.o
    0x0800c9c4   0x00000020   Code   RO         6161    i._Index2Color_0    GUI_CM4F_L.lib(guicc_0.o)
    0x0800c9e4   0x00000036   Code   RO         5902    i._Index2Color_16   GUI_CM4F_L.lib(guicc_16.o)
    0x0800ca1a   0x00000002   PAD
    0x0800ca1c   0x00000028   Code   RO         4590    i._Index2Color_1616I  GUI_CM4F_L.lib(guicc_1616i.o)
    0x0800ca44   0x00000020   Code   RO         4621    i._Index2Color_88666I  GUI_CM4F_L.lib(guicc_88666i.o)
    0x0800ca64   0x00000030   Code   RO         4639    i._Index2Color_M1555I  GUI_CM4F_L.lib(guicc_m1555i.o)
    0x0800ca94   0x00000030   Code   RO         4659    i._Index2Color_M4444I  GUI_CM4F_L.lib(guicc_m4444i.o)
    0x0800cac4   0x00000018   Code   RO         5391    i._Init             GUI_CM4F_L.lib(guidrv_lin_24.o)
    0x0800cadc   0x00000070   Code   RO         4812    i._InitContext      GUI_CM4F_L.lib(gui_core.o)
    0x0800cb4c   0x00000094   Code   RO         4751    i._InitOnce         GUI_CM4F_L.lib(gui_alloc.o)
    0x0800cbe0   0x00000024   Code   RO         5392    i._InitOnce         GUI_CM4F_L.lib(guidrv_lin_24.o)
    0x0800cc04   0x00000080   Code   RO         6419    i._Invalidate1Abs   GUI_CM4F_L.lib(wm.o)
    0x0800cc84   0x00000014   Code   RO         3553    i._InvertAlpha      lcdconf.o
    0x0800cc98   0x0000002c   Code   RO         3554    i._InvertAlpha_SwapRB  lcdconf.o
    0x0800ccc4   0x00000060   Code   RO         3555    i._LCD_CopyBuffer   lcdconf.o
    0x0800cd24   0x0000009c   Code   RO         3556    i._LCD_CopyRect     lcdconf.o
    0x0800cdc0   0x0000001c   Code   RO         3557    i._LCD_DisplayOff   lcdconf.o
    0x0800cddc   0x0000001c   Code   RO         3558    i._LCD_DisplayOn    lcdconf.o
    0x0800cdf8   0x00000084   Code   RO         3559    i._LCD_DrawBitmap16bpp  lcdconf.o
    0x0800ce7c   0x00000084   Code   RO         3560    i._LCD_DrawBitmap8bpp  lcdconf.o
    0x0800cf00   0x000000a8   Code   RO         3561    i._LCD_FillRect     lcdconf.o
    0x0800cfa8   0x00000070   Code   RO         3562    i._LCD_GetpPalConvTable  lcdconf.o
    0x0800d018   0x000001cc   Code   RO         3563    i._LCD_InitController  lcdconf.o
    0x0800d1e4   0x00000084   Code   RO         3564    i._LCD_MixColorsBulk  lcdconf.o
    0x0800d268   0x0000002c   Code   RO         3565    i._LCD_SetChroma    lcdconf.o
    0x0800d294   0x00000020   Code   RO         3566    i._LCD_SetChromaMode  lcdconf.o
    0x0800d2b4   0x00000034   Code   RO         3567    i._LCD_SetLUTEntry  lcdconf.o
    0x0800d2e8   0x00000018   Code   RO         3568    i._LCD_SetLayerAlpha  lcdconf.o
    0x0800d300   0x0000001c   Code   RO         3569    i._LCD_SetLayerPos  lcdconf.o
    0x0800d31c   0x0000001c   Code   RO         3570    i._LCD_SetLayerSize  lcdconf.o
    0x0800d338   0x00000044   Code   RO         3571    i._LCD_SetOrg       lcdconf.o
    0x0800d37c   0x0000004c   Code   RO         3572    i._LCD_SetVis       lcdconf.o
    0x0800d3c8   0x00000016   Code   RO         5048    i._Link             GUI_CM4F_L.lib(gui_sprite.o)
    0x0800d3de   0x00000008   Code   RO         6702    i._Min              GUI_CM4F_L.lib(guidev_banding.o)
    0x0800d3e6   0x0000006e   Code   RO         7477    i._MoveDescendents  GUI_CM4F_L.lib(wm_move.o)
    0x0800d454   0x0000000a   Code   RO         5393    i._Off              GUI_CM4F_L.lib(guidrv_lin_24.o)
    0x0800d45e   0x0000000a   Code   RO         5394    i._On               GUI_CM4F_L.lib(guidrv_lin_24.o)
    0x0800d468   0x00000028   Code   RO         4702    i._OnExit           GUI_CM4F_L.lib(gui__alpha.o)
    0x0800d490   0x0000002c   Code   RO         4813    i._OnExit           GUI_CM4F_L.lib(gui_core.o)
    0x0800d4bc   0x00000014   Code   RO         5210    i._OnExit           GUI_CM4F_L.lib(lcd_color.o)
    0x0800d4d0   0x00000014   Code   RO         6123    i._OnExit           GUI_CM4F_L.lib(gui_task.o)
    0x0800d4e4   0x00000084   Code   RO         6420    i._OnExit           GUI_CM4F_L.lib(wm.o)
    0x0800d568   0x00000024   Code   RO         6421    i._Paint1           GUI_CM4F_L.lib(wm.o)
    0x0800d58c   0x0000008c   Code   RO         6422    i._Paint1Trans      GUI_CM4F_L.lib(wm.o)
    0x0800d618   0x0000009a   Code   RO         6423    i._PaintTransChildren  GUI_CM4F_L.lib(wm.o)
    0x0800d6b2   0x0000004a   Code   RO         5049    i._PixelExists      GUI_CM4F_L.lib(gui_sprite.o)
    0x0800d6fc   0x00000040   Code   RO         4752    i._PopFreeBlock     GUI_CM4F_L.lib(gui_alloc.o)
    0x0800d73c   0x00000028   Code   RO         4753    i._PushFreeBlock    GUI_CM4F_L.lib(gui_alloc.o)
    0x0800d764   0x0000001c   Code   RO         5050    i._ReleaseBuffer    GUI_CM4F_L.lib(gui_sprite.o)
    0x0800d780   0x00000034   Code   RO         4754    i._RemoveFreeBlock  GUI_CM4F_L.lib(gui_alloc.o)
    0x0800d7b4   0x0000005c   Code   RO         7129    i._RemoveFromLinList  GUI_CM4F_L.lib(gui_timer.o)
    0x0800d810   0x000000a0   Code   RO         4755    i._RemoveHoles      GUI_CM4F_L.lib(gui_alloc.o)
    0x0800d8b0   0x00000026   Code   RO         5395    i._SetAlpha         GUI_CM4F_L.lib(guidrv_lin_24.o)
    0x0800d8d6   0x00000010   Code   RO         5396    i._SetAlphaMode     GUI_CM4F_L.lib(guidrv_lin_24.o)
    0x0800d8e6   0x00000002   PAD
    0x0800d8e8   0x00000020   Code   RO         5175    i._SetBkColor       GUI_CM4F_L.lib(lcd.o)
    0x0800d908   0x0000004a   Code   RO         5053    i._SetBkIndexBuffered  GUI_CM4F_L.lib(gui_sprite.o)
    0x0800d952   0x00000012   Code   RO         5397    i._SetChroma        GUI_CM4F_L.lib(guidrv_lin_24.o)
    0x0800d964   0x00000010   Code   RO         5398    i._SetChromaMode    GUI_CM4F_L.lib(guidrv_lin_24.o)
    0x0800d974   0x0000004c   Code   RO         6424    i._SetClipRectUserIntersect  GUI_CM4F_L.lib(wm.o)
    0x0800d9c0   0x00000020   Code   RO         5176    i._SetColor         GUI_CM4F_L.lib(lcd.o)
    0x0800d9e0   0x00000044   Code   RO         5399    i._SetDevFunc       GUI_CM4F_L.lib(guidrv_lin_24.o)
    0x0800da24   0x0000002c   Code   RO         5177    i._SetDrawMode      GUI_CM4F_L.lib(lcd.o)
    0x0800da50   0x0000000e   Code   RO         5054    i._SetOrg           GUI_CM4F_L.lib(gui_sprite.o)
    0x0800da5e   0x000000a4   Code   RO         5400    i._SetOrg           GUI_CM4F_L.lib(guidrv_lin_24.o)
    0x0800db02   0x00000008   Code   RO         6342    i._SetOrg           GUI_CM4F_L.lib(guidev_32.o)
    0x0800db0a   0x00000002   PAD
    0x0800db0c   0x00000044   Code   RO         4902    i._SetPixelAlpha    GUI_CM4F_L.lib(gui_drawbitmap_8888.o)
    0x0800db50   0x000000bc   Code   RO         5055    i._SetPixelIndex    GUI_CM4F_L.lib(gui_sprite.o)
    0x0800dc0c   0x00000082   Code   RO         5401    i._SetPixelIndex    GUI_CM4F_L.lib(guidrv_lin_24.o)
    0x0800dc8e   0x00000002   PAD
    0x0800dc90   0x00000048   Code   RO         6343    i._SetPixelIndex    GUI_CM4F_L.lib(guidev_32.o)
    0x0800dcd8   0x000000f6   Code   RO         5402    i._SetPos           GUI_CM4F_L.lib(guidrv_lin_24.o)
    0x0800ddce   0x00000002   PAD
    0x0800ddd0   0x0000045c   Code   RO         5056    i._SetPosition      GUI_CM4F_L.lib(gui_sprite.o)
    0x0800e22c   0x00000044   Code   RO         5403    i._SetSize          GUI_CM4F_L.lib(guidrv_lin_24.o)
    0x0800e270   0x00000028   Code   RO         5404    i._SetVRAMAddr      GUI_CM4F_L.lib(guidrv_lin_24.o)
    0x0800e298   0x0000002a   Code   RO         5405    i._SetVSize         GUI_CM4F_L.lib(guidrv_lin_24.o)
    0x0800e2c2   0x00000026   Code   RO         5406    i._SetVis           GUI_CM4F_L.lib(guidrv_lin_24.o)
    0x0800e2e8   0x00000024   Code   RO         5407    i._ShowBuffer       GUI_CM4F_L.lib(guidrv_lin_24.o)
    0x0800e30c   0x000001ec   Code   RO         5057    i._SpriteDraw       GUI_CM4F_L.lib(gui_sprite.o)
    0x0800e4f8   0x000000ea   Code   RO         4756    i._TestRAM          GUI_CM4F_L.lib(gui_alloc.o)
    0x0800e5e2   0x00000002   PAD
    0x0800e5e4   0x00000050   Code   RO         7130    i._Unlink           GUI_CM4F_L.lib(gui_timer.o)
    0x0800e634   0x0000000e   Code   RO         4757    i._WriteTagData     GUI_CM4F_L.lib(gui_alloc.o)
    0x0800e642   0x00000002   PAD
    0x0800e644   0x00000180   Code   RO         6774    i._WriteToActiveAlpha  GUI_CM4F_L.lib(guidev_writetoactivealpha.o)
    0x0800e7c4   0x00000340   Code   RO         6786    i._WriteToActiveOpaque_8  GUI_CM4F_L.lib(guidev_writetoactiveopaque.o)
    0x0800eb04   0x00000344   Code   RO         6787    i._WriteToActiveOpaque_HT  GUI_CM4F_L.lib(guidev_writetoactiveopaque.o)
    0x0800ee48   0x0000003c   Code   RO         6344    i._XY2PTR           GUI_CM4F_L.lib(guidev_32.o)
    0x0800ee84   0x000000dc   Code   RO         5060    i._XorPixel         GUI_CM4F_L.lib(gui_sprite.o)
    0x0800ef60   0x00000028   Code   RO         5408    i._XorPixel         GUI_CM4F_L.lib(guidrv_lin_24.o)
    0x0800ef88   0x00000058   Code   RO         6345    i._XorPixel         GUI_CM4F_L.lib(guidev_32.o)
    0x0800efe0   0x00000010   Code   RO         1151    i.__NVIC_GetPriorityGrouping  stm32f7xx_hal_cortex.o
    0x0800eff0   0x00000028   Code   RO         1152    i.__NVIC_SetPriority  stm32f7xx_hal_cortex.o
    0x0800f018   0x00000050   Code   RO         6425    i._cbBackWin        GUI_CM4F_L.lib(wm.o)
    0x0800f068   0x00000044   Code   RO         6426    i._cbPaintMemDev    GUI_CM4F_L.lib(wm.o)
    0x0800f0ac   0x00000046   Code   RO         5784    i._init_box         RTX_CM4.lib(rt_membox.o)
    0x0800f0f2   0x00000002   PAD
    0x0800f0f4   0x00000020   Code   RO          912    i._mutex_acquire    rtx_conf_cm.o
    0x0800f114   0x0000002c   Code   RO          913    i._mutex_initialize  rtx_conf_cm.o
    0x0800f140   0x0000001c   Code   RO          914    i._mutex_release    rtx_conf_cm.o
    0x0800f15c   0x00000030   Code   RO         5837    i.dbg_init          RTX_CM4.lib(hal_cm.o)
    0x0800f18c   0x00000020   Code   RO         5838    i.dbg_task_notify   RTX_CM4.lib(hal_cm.o)
    0x0800f1ac   0x00000010   Code   RO         5839    i.dbg_task_switch   RTX_CM4.lib(hal_cm.o)
    0x0800f1bc   0x00000044   Code   RO          221    i.deq               pipeline.o
    0x0800f200   0x00000010   Code   RO          293    i.drawAllPipes      initgame.o
    0x0800f210   0x00000056   Code   RO          222    i.drawPipes         pipeline.o
    0x0800f266   0x00000002   PAD
    0x0800f268   0x00000038   Code   RO          223    i.enq               pipeline.o
    0x0800f2a0   0x0000000c   Code   RO          346    i.ft5336_Get_I2C_InitializedStatus  ft5336.o
    0x0800f2ac   0x00000018   Code   RO          347    i.ft5336_I2C_InitializeIfRequired  ft5336.o
    0x0800f2c4   0x00000010   Code   RO          348    i.ft5336_Init       ft5336.o
    0x0800f2d4   0x0000003a   Code   RO          349    i.ft5336_ReadID     ft5336.o
    0x0800f30e   0x00000002   Code   RO          350    i.ft5336_Reset      ft5336.o
    0x0800f310   0x00000002   Code   RO          351    i.ft5336_TS_ClearIT  ft5336.o
    0x0800f312   0x00000006   Code   RO          352    i.ft5336_TS_Configure  ft5336.o
    0x0800f318   0x00000040   Code   RO          353    i.ft5336_TS_DetectTouch  ft5336.o
    0x0800f358   0x00000014   Code   RO          354    i.ft5336_TS_DisableIT  ft5336.o
    0x0800f36c   0x00000014   Code   RO          355    i.ft5336_TS_EnableIT  ft5336.o
    0x0800f380   0x0000001c   Code   RO          356    i.ft5336_TS_GetGestureID  ft5336.o
    0x0800f39c   0x00000108   Code   RO          357    i.ft5336_TS_GetTouchInfo  ft5336.o
    0x0800f4a4   0x00000164   Code   RO          358    i.ft5336_TS_GetXY   ft5336.o
    0x0800f608   0x00000006   Code   RO          359    i.ft5336_TS_ITStatus  ft5336.o
    0x0800f60e   0x00000016   Code   RO          360    i.ft5336_TS_Start   ft5336.o
    0x0800f624   0x0000005c   Code   RO          294    i.initBirds         initgame.o
    0x0800f680   0x00000024   Code   RO          295    i.initGame          initgame.o
    0x0800f6a4   0x0000005c   Code   RO          296    i.initPipes         initgame.o
    0x0800f700   0x00000014   Code   RO          225    i.isOffScreen       pipeline.o
    0x0800f714   0x0000002a   Code   RO         3816    i.isrMessageGet     RTX_CM4.lib(rt_cmsis.o)
    0x0800f73e   0x0000002c   Code   RO         3817    i.isrMessagePut     RTX_CM4.lib(rt_cmsis.o)
    0x0800f76a   0x00000002   PAD
    0x0800f76c   0x00000056   Code   RO         5672    i.isr_mbx_receive   RTX_CM4.lib(rt_mailbox.o)
    0x0800f7c2   0x0000000e   Code   RO         5673    i.isr_mbx_send      RTX_CM4.lib(rt_mailbox.o)
    0x0800f7d0   0x00000004   Code   RO           10    i.main              main.o
    0x0800f7d4   0x00000018   Code   RO         3820    i.osDelay           RTX_CM4.lib(rt_cmsis.o)
    0x0800f7ec   0x00000024   Code   RO         3821    i.osKernelInitialize  RTX_CM4.lib(rt_cmsis.o)
    0x0800f810   0x0000006c   Code   RO         3823    i.osKernelStart     RTX_CM4.lib(rt_cmsis.o)
    0x0800f87c   0x00000018   Code   RO         3832    i.osMessageGet      RTX_CM4.lib(rt_cmsis.o)
    0x0800f894   0x0000002c   Code   RO         3834    i.osMutexCreate     RTX_CM4.lib(rt_cmsis.o)
    0x0800f8c0   0x00000018   Code   RO         3836    i.osMutexRelease    RTX_CM4.lib(rt_cmsis.o)
    0x0800f8d8   0x00000018   Code   RO         3837    i.osMutexWait       RTX_CM4.lib(rt_cmsis.o)
    0x0800f8f0   0x0000002c   Code   RO         3849    i.osThreadCreate    RTX_CM4.lib(rt_cmsis.o)
    0x0800f91c   0x00000018   Code   RO         3850    i.osThreadExit      RTX_CM4.lib(rt_cmsis.o)
    0x0800f934   0x00000018   Code   RO         3851    i.osThreadGetId     RTX_CM4.lib(rt_cmsis.o)
    0x0800f94c   0x0000000c   Code   RO         3856    i.osTimerCall       RTX_CM4.lib(rt_cmsis.o)
    0x0800f958   0x0000002c   Code   RO         3857    i.osTimerCreate     RTX_CM4.lib(rt_cmsis.o)
    0x0800f984   0x00000018   Code   RO         3859    i.osTimerStart      RTX_CM4.lib(rt_cmsis.o)
    0x0800f99c   0x0000002c   Code   RO         3861    i.osTimerThread     RTX_CM4.lib(rt_cmsis.o)
    0x0800f9c8   0x00000022   Code   RO          915    i.os_error          rtx_conf_cm.o
    0x0800f9ea   0x00000004   Code   RO          916    i.os_idle_demon     rtx_conf_cm.o
    0x0800f9ee   0x00000002   PAD
    0x0800f9f0   0x00000028   Code   RO         5464    i.os_tick_init      RTX_CM4.lib(rt_system.o)
    0x0800fa18   0x00000002   Code   RO         5465    i.os_tick_irqack    RTX_CM4.lib(rt_system.o)
    0x0800fa1a   0x00000014   Code   RO          226    i.queueCreate       pipeline.o
    0x0800fa2e   0x0000000e   Code   RO          228    i.queueEmpty        pipeline.o
    0x0800fa3c   0x0000001a   Code   RO         5785    i.rt_alloc_box      RTX_CM4.lib(rt_membox.o)
    0x0800fa56   0x0000003e   Code   RO         5813    i.rt_alloc_mem      RTX_CM4.lib(rt_memory.o)
    0x0800fa94   0x00000038   Code   RO         4435    i.rt_block          RTX_CM4.lib(rt_task.o)
    0x0800facc   0x00000048   Code   RO         5762    i.rt_chk_robin      RTX_CM4.lib(rt_robin.o)
    0x0800fb14   0x00000070   Code   RO         5596    i.rt_dec_dly        RTX_CM4.lib(rt_list.o)
    0x0800fb84   0x00000044   Code   RO         4436    i.rt_dispatch       RTX_CM4.lib(rt_task.o)
    0x0800fbc8   0x00000006   Code   RO         4519    i.rt_dly_wait       RTX_CM4.lib(rt_time.o)
    0x0800fbce   0x00000002   PAD
    0x0800fbd0   0x00000050   Code   RO         5557    i.rt_evt_psh        RTX_CM4.lib(rt_event.o)
    0x0800fc20   0x0000002c   Code   RO         5786    i.rt_free_box       RTX_CM4.lib(rt_membox.o)
    0x0800fc4c   0x00000028   Code   RO         5814    i.rt_free_mem       RTX_CM4.lib(rt_memory.o)
    0x0800fc74   0x00000028   Code   RO         5597    i.rt_get_first      RTX_CM4.lib(rt_list.o)
    0x0800fc9c   0x00000008   Code   RO         3866    i.rt_id2obj         RTX_CM4.lib(rt_cmsis.o)
    0x0800fca4   0x00000048   Code   RO         4437    i.rt_init_context   RTX_CM4.lib(rt_task.o)
    0x0800fcec   0x0000001a   Code   RO         5815    i.rt_init_mem       RTX_CM4.lib(rt_memory.o)
    0x0800fd06   0x00000002   PAD
    0x0800fd08   0x00000018   Code   RO         5763    i.rt_init_robin     RTX_CM4.lib(rt_robin.o)
    0x0800fd20   0x00000080   Code   RO         5840    i.rt_init_stack     RTX_CM4.lib(hal_cm.o)
    0x0800fda0   0x00000008   Code   RO         5674    i.rt_mbx_check      RTX_CM4.lib(rt_mailbox.o)
    0x0800fda8   0x0000001a   Code   RO         5675    i.rt_mbx_init       RTX_CM4.lib(rt_mailbox.o)
    0x0800fdc2   0x00000002   PAD
    0x0800fdc4   0x000000f0   Code   RO         5676    i.rt_mbx_psh        RTX_CM4.lib(rt_mailbox.o)
    0x0800feb4   0x000000b4   Code   RO         5678    i.rt_mbx_wait       RTX_CM4.lib(rt_mailbox.o)
    0x0800ff68   0x00000044   Code   RO         3867    i.rt_ms2tick        RTX_CM4.lib(rt_cmsis.o)
    0x0800ffac   0x00000010   Code   RO         4553    i.rt_mut_init       RTX_CM4.lib(rt_mutex.o)
    0x0800ffbc   0x000000d8   Code   RO         4554    i.rt_mut_release    RTX_CM4.lib(rt_mutex.o)
    0x08010094   0x00000078   Code   RO         4555    i.rt_mut_wait       RTX_CM4.lib(rt_mutex.o)
    0x0801010c   0x0000007c   Code   RO         5468    i.rt_pop_req        RTX_CM4.lib(rt_system.o)
    0x08010188   0x00000020   Code   RO         5469    i.rt_psh_req        RTX_CM4.lib(rt_system.o)
    0x080101a8   0x0000005c   Code   RO         5599    i.rt_psq_enq        RTX_CM4.lib(rt_list.o)
    0x08010204   0x00000048   Code   RO         5600    i.rt_put_dly        RTX_CM4.lib(rt_list.o)
    0x0801024c   0x00000036   Code   RO         5601    i.rt_put_prio       RTX_CM4.lib(rt_list.o)
    0x08010282   0x00000002   PAD
    0x08010284   0x00000014   Code   RO         5602    i.rt_put_rdy_first  RTX_CM4.lib(rt_list.o)
    0x08010298   0x00000034   Code   RO         5603    i.rt_resort_prio    RTX_CM4.lib(rt_list.o)
    0x080102cc   0x00000010   Code   RO         5841    i.rt_ret_regs       RTX_CM4.lib(hal_cm.o)
    0x080102dc   0x0000000c   Code   RO         5842    i.rt_ret_val        RTX_CM4.lib(hal_cm.o)
    0x080102e8   0x00000010   Code   RO         5843    i.rt_ret_val2       RTX_CM4.lib(hal_cm.o)
    0x080102f8   0x00000028   Code   RO         5604    i.rt_rmv_dly        RTX_CM4.lib(rt_list.o)
    0x08010320   0x00000030   Code   RO         5605    i.rt_rmv_list       RTX_CM4.lib(rt_list.o)
    0x08010350   0x00000034   Code   RO         5723    i.rt_sem_psh        RTX_CM4.lib(rt_semaphore.o)
    0x08010384   0x00000024   Code   RO         5471    i.rt_stk_check      RTX_CM4.lib(rt_system.o)
    0x080103a8   0x00000028   Code   RO         4438    i.rt_switch_req     RTX_CM4.lib(rt_task.o)
    0x080103d0   0x000000cc   Code   RO         4439    i.rt_sys_init       RTX_CM4.lib(rt_task.o)
    0x0801049c   0x00000078   Code   RO         4440    i.rt_sys_start      RTX_CM4.lib(rt_task.o)
    0x08010514   0x00000040   Code   RO         5473    i.rt_systick        RTX_CM4.lib(rt_system.o)
    0x08010554   0x00000012   Code   RO         3868    i.rt_tid2ptcb       RTX_CM4.lib(rt_cmsis.o)
    0x08010566   0x00000002   PAD
    0x08010568   0x00000034   Code   RO         3869    i.rt_timer_insert   RTX_CM4.lib(rt_cmsis.o)
    0x0801059c   0x0000003c   Code   RO         3870    i.rt_timer_remove   RTX_CM4.lib(rt_cmsis.o)
    0x080105d8   0x00000088   Code   RO         4441    i.rt_tsk_create     RTX_CM4.lib(rt_task.o)
    0x08010660   0x0000017c   Code   RO         4442    i.rt_tsk_delete     RTX_CM4.lib(rt_task.o)
    0x080107dc   0x0000007c   Code   RO         4444    i.rt_tsk_prio       RTX_CM4.lib(rt_task.o)
    0x08010858   0x00000010   Code   RO         4445    i.rt_tsk_self       RTX_CM4.lib(rt_task.o)
    0x08010868   0x00000012   Code   RO         3871    i.svcDelay          RTX_CM4.lib(rt_cmsis.o)
    0x0801087a   0x00000002   PAD
    0x0801087c   0x00000070   Code   RO         3872    i.svcKernelInitialize  RTX_CM4.lib(rt_cmsis.o)
    0x080108ec   0x00000048   Code   RO         3874    i.svcKernelStart    RTX_CM4.lib(rt_cmsis.o)
    0x08010934   0x00000024   Code   RO         3877    i.svcMessageCreate  RTX_CM4.lib(rt_cmsis.o)
    0x08010958   0x0000003a   Code   RO         3878    i.svcMessageGet     RTX_CM4.lib(rt_cmsis.o)
    0x08010992   0x0000001c   Code   RO         3880    i.svcMutexCreate    RTX_CM4.lib(rt_cmsis.o)
    0x080109ae   0x00000022   Code   RO         3882    i.svcMutexRelease   RTX_CM4.lib(rt_cmsis.o)
    0x080109d0   0x0000003a   Code   RO         3883    i.svcMutexWait      RTX_CM4.lib(rt_cmsis.o)
    0x08010a0a   0x00000002   PAD
    0x08010a0c   0x0000006c   Code   RO         3892    i.svcThreadCreate   RTX_CM4.lib(rt_cmsis.o)
    0x08010a78   0x0000001c   Code   RO         3893    i.svcThreadGetId    RTX_CM4.lib(rt_cmsis.o)
    0x08010a94   0x00000038   Code   RO         3896    i.svcThreadTerminate  RTX_CM4.lib(rt_cmsis.o)
    0x08010acc   0x00000018   Code   RO         3898    i.svcTimerCall      RTX_CM4.lib(rt_cmsis.o)
    0x08010ae4   0x00000038   Code   RO         3899    i.svcTimerCreate    RTX_CM4.lib(rt_cmsis.o)
    0x08010b1c   0x00000064   Code   RO         3901    i.svcTimerStart     RTX_CM4.lib(rt_cmsis.o)
    0x08010b80   0x0000005c   Code   RO         3907    i.sysTimerTick      RTX_CM4.lib(rt_cmsis.o)
    0x08010bdc   0x0000001c   Code   RO          297    i.upBirdy           initgame.o
    0x08010bf8   0x00000024   Code   RO          298    i.updateAllPipes    initgame.o
    0x08010c1c   0x00000078   Code   RO          299    i.updateBirdy       initgame.o
    0x08010c94   0x00000016   Code   RO          229    i.updatePipes       pipeline.o
    0x08010caa   0x00000002   PAD
    0x08010cac   0x0000005e   Code   RO         7581    x$fpl$dfix          fz_wm.l(dfix.o)
    0x08010d0a   0x0000002e   Code   RO         7586    x$fpl$dflt          fz_wm.l(dflt_clz.o)
    0x08010d38   0x00000154   Code   RO         7591    x$fpl$dmul          fz_wm.l(dmul.o)
    0x08010e8c   0x0000009c   Code   RO         7682    x$fpl$dnaninf       fz_wm.l(dnaninf.o)
    0x08010f28   0x0000000c   Code   RO         7684    x$fpl$dretinf       fz_wm.l(dretinf.o)
    0x08010f34   0x0000000a   Code   RO         7738    x$fpl$fpinit        fz_wm.l(fpinit.o)
    0x08010f3e   0x00000000   Code   RO         7686    x$fpl$usenofp       fz_wm.l(usenofp.o)
    0x08010f3e   0x00000002   PAD
    0x08010f40   0x0000134c   Data   RO          209    .constdata          bluebird.o
    0x0801228c   0x00000068   Data   RO          918    .constdata          rtx_conf_cm.o
    0x080122f4   0x00000008   Data   RO         1288    .constdata          stm32f7xx_hal_dma.o
    0x080122fc   0x00000018   Data   RO         3374    .constdata          system_stm32f7xx.o
    0x08012314   0x0000000c   Data   RO         3422    .constdata          gui_x_rte.o
    0x08012320   0x00000008   Data   RO         3576    .constdata          lcdconf.o
    0x08012328   0x00000018   Data   RO         4591    .constdata          GUI_CM4F_L.lib(guicc_1616i.o)
    0x08012340   0x00000018   Data   RO         4606    .constdata          GUI_CM4F_L.lib(guicc_8666.o)
    0x08012358   0x00000018   Data   RO         4622    .constdata          GUI_CM4F_L.lib(guicc_88666i.o)
    0x08012370   0x00000018   Data   RO         4640    .constdata          GUI_CM4F_L.lib(guicc_m1555i.o)
    0x08012388   0x00000018   Data   RO         4660    .constdata          GUI_CM4F_L.lib(guicc_m4444i.o)
    0x080123a0   0x00000018   Data   RO         4679    .constdata          GUI_CM4F_L.lib(guicc_m8888i.o)
    0x080123b8   0x00000008   Data   RO         4815    .constdata          GUI_CM4F_L.lib(gui_core.o)
    0x080123c0   0x00000010   Data   RO         4904    .constdata          GUI_CM4F_L.lib(gui_drawbitmap_8888.o)
    0x080123d0   0x00000034   Data   RO         5061    .constdata          GUI_CM4F_L.lib(gui_sprite.o)
    0x08012404   0x00000018   Data   RO         5128    .constdata          GUI_CM4F_L.lib(guicc_m565.o)
    0x0801241c   0x00000018   Data   RO         5147    .constdata          GUI_CM4F_L.lib(guicc_m888.o)
    0x08012434   0x0000000c   Data   RO         5178    .constdata          GUI_CM4F_L.lib(lcd.o)
    0x08012440   0x00000034   Data   RO         5409    .constdata          GUI_CM4F_L.lib(guidrv_lin_24.o)
    0x08012474   0x00000518   Data   RO         5451    .constdata          GUI_CM4F_L.lib(f6x8.o)
    0x0801298c   0x000001c0   Data   RO         5452    .constdata          GUI_CM4F_L.lib(f6x8.o)
    0x08012b4c   0x00000008   Data   RO         5453    .constdata          GUI_CM4F_L.lib(f6x8.o)
    0x08012b54   0x00000014   Data   RO         5454    .constdata          GUI_CM4F_L.lib(f6x8.o)
    0x08012b68   0x00000024   Data   RO         5455    .constdata          GUI_CM4F_L.lib(f6x8.o)
    0x08012b8c   0x00000018   Data   RO         5903    .constdata          GUI_CM4F_L.lib(guicc_16.o)
    0x08012ba4   0x00000010   Data   RO         5925    .constdata          GUI_CM4F_L.lib(gui__divtbl_15_255.o)
    0x08012bb4   0x00000100   Data   RO         5932    .constdata          GUI_CM4F_L.lib(gui__divtbl_255_15.o)
    0x08012cb4   0x00000100   Data   RO         5939    .constdata          GUI_CM4F_L.lib(gui__divtbl_255_31.o)
    0x08012db4   0x00000100   Data   RO         5946    .constdata          GUI_CM4F_L.lib(gui__divtbl_255_63.o)
    0x08012eb4   0x00000020   Data   RO         5953    .constdata          GUI_CM4F_L.lib(gui__divtbl_31_255.o)
    0x08012ed4   0x00000040   Data   RO         5960    .constdata          GUI_CM4F_L.lib(gui__divtbl_63_255.o)
    0x08012f14   0x00000010   Data   RO         6145    .constdata          GUI_CM4F_L.lib(gui_uc_encodenone.o)
    0x08012f24   0x00000018   Data   RO         6162    .constdata          GUI_CM4F_L.lib(guicc_0.o)
    0x08012f3c   0x00000100   Data   RO         6280    .constdata          GUI_CM4F_L.lib(lcd_mirror.o)
    0x0801303c   0x00000074   Data   RO         6346    .constdata          GUI_CM4F_L.lib(guidev_32.o)
    0x080130b0   0x00000018   Data   RO         6635    .constdata          GUI_CM4F_L.lib(guicc_8888.o)
    0x080130c8   0x00000018   Data   RO         6760    .constdata          GUI_CM4F_L.lib(guidev_usagebm.o)
    0x080130e0   0x00000008   Data   RO         6788    .constdata          GUI_CM4F_L.lib(guidev_writetoactiveopaque.o)
    0x080130e8   0x00000020   Data   RO         7811    Region$$Table       anon$$obj.o


    Execution Region RW_IRAM1 (Base: 0x20010000, Size: 0x00012278, Max: 0x00040000, ABSOLUTE, COMPRESSED[0x00000094])

    Base Addr    Size         Type   Attr      Idx    E Section Name        Object

    0x20010000   0x00000008   Data   RW          301    .data               initgame.o
    0x20010008   0x0000002e   Data   RW          361    .data               ft5336.o
    0x20010036   0x00000002   Data   RW          690    .data               stm32746g_discovery_sdram.o
    0x20010038   0x0000000a   Data   RW          770    .data               stm32746g_discovery_ts.o
    0x20010042   0x00000002   PAD
    0x20010044   0x00000014   Data   RW          919    .data               rtx_conf_cm.o
    0x20010058   0x00000004   Data   RW         3375    .data               system_stm32f7xx.o
    0x2001005c   0x00000010   Data   RW         3423    .data               gui_x_rte.o
    0x2001006c   0x0000002c   Data   RW         3577    .data               lcdconf.o
    0x20010098   0x00000008   Data   RW         3910    .data               RTX_CM4.lib(rt_cmsis.o)
    0x200100a0   0x00000008   Data   RW         4447    .data               RTX_CM4.lib(rt_task.o)
    0x200100a8   0x00000004   Data   RW         4523    .data               RTX_CM4.lib(rt_time.o)
    0x200100ac   0x00000008   Data   RW         4641    .data               GUI_CM4F_L.lib(guicc_m1555i.o)
    0x200100b4   0x00000008   Data   RW         4661    .data               GUI_CM4F_L.lib(guicc_m4444i.o)
    0x200100bc   0x00000008   Data   RW         4680    .data               GUI_CM4F_L.lib(guicc_m8888i.o)
    0x200100c4   0x00000030   Data   RW         4703    .data               GUI_CM4F_L.lib(gui__alpha.o)
    0x200100f4   0x00000034   Data   RW         4816    .data               GUI_CM4F_L.lib(gui_core.o)
    0x20010128   0x00000004   Data   RW         4817    .data               GUI_CM4F_L.lib(gui_core.o)
    0x2001012c   0x00000004   Data   RW         4819    .data               GUI_CM4F_L.lib(gui_core.o)
    0x20010130   0x00000004   Data   RW         4821    .data               GUI_CM4F_L.lib(gui_core.o)
    0x20010134   0x00000004   Data   RW         4822    .data               GUI_CM4F_L.lib(gui_core.o)
    0x20010138   0x00000002   Data   RW         4823    .data               GUI_CM4F_L.lib(gui_core.o)
    0x2001013a   0x00000001   Data   RW         4824    .data               GUI_CM4F_L.lib(gui_core.o)
    0x2001013b   0x00000001   PAD
    0x2001013c   0x00000004   Data   RW         4825    .data               GUI_CM4F_L.lib(gui_core.o)
    0x20010140   0x00000002   Data   RW         4826    .data               GUI_CM4F_L.lib(gui_core.o)
    0x20010142   0x00000002   Data   RW         4827    .data               GUI_CM4F_L.lib(gui_core.o)
    0x20010144   0x0000000c   Data   RW         4906    .data               GUI_CM4F_L.lib(gui_drawbitmap_8888.o)
    0x20010150   0x00000030   Data   RW         4960    .data               GUI_CM4F_L.lib(gui_multibuf.o)
    0x20010180   0x00000008   Data   RW         5129    .data               GUI_CM4F_L.lib(guicc_m565.o)
    0x20010188   0x00000008   Data   RW         5148    .data               GUI_CM4F_L.lib(guicc_m888.o)
    0x20010190   0x00000004   Data   RW         5179    .data               GUI_CM4F_L.lib(lcd.o)
    0x20010194   0x00000010   Data   RW         5211    .data               GUI_CM4F_L.lib(lcd_color.o)
    0x200101a4   0x00000008   Data   RW         5267    .data               GUI_CM4F_L.lib(lcd_getex.o)
    0x200101ac   0x00000008   Data   RW         5476    .data               RTX_CM4.lib(rt_system.o)
    0x200101b4   0x00000008   Data   RW         5764    .data               RTX_CM4.lib(rt_robin.o)
    0x200101bc   0x00000001   Data   RW         5844    .data               RTX_CM4.lib(hal_cm.o)
    0x200101bd   0x00000003   PAD
    0x200101c0   0x0000001c   Data   RW         6124    .data               GUI_CM4F_L.lib(gui_task.o)
    0x200101dc   0x00000064   Data   RW         6429    .data               GUI_CM4F_L.lib(wm.o)
    0x20010240   0x00000018   Data   RW         6519    .data               GUI_CM4F_L.lib(gui__managecache.o)
    0x20010258   0x00000010   Data   RW         6567    .data               GUI_CM4F_L.lib(gui_onkey.o)
    0x20010268   0x0000000c   Data   RW         6618    .data               GUI_CM4F_L.lib(gui_waitevent.o)
    0x20010274   0x00000004   Data   RW         6703    .data               GUI_CM4F_L.lib(guidev_banding.o)
    0x20010278   0x00000001   Data   RW         6724    .data               GUI_CM4F_L.lib(guidev_staticdevices.o)
    0x20010279   0x00000003   PAD
    0x2001027c   0x00000004   Data   RW         6801    .data               GUI_CM4F_L.lib(wm__sendmessage.o)
    0x20010280   0x00000014   Data   RW         7131    .data               GUI_CM4F_L.lib(gui_timer.o)
    0x20010294   0x00000018   Data   RW         7407    .data               GUI_CM4F_L.lib(lcd_aa.o)
    0x200102ac   0x00000034   Zero   RW           11    .bss                main.o
    0x200102e0   0x0000001c   Zero   RW          300    .bss                initgame.o
    0x200102fc   0x00000098   Zero   RW          485    .bss                stm32746g_discovery.o
    0x20010394   0x00000120   Zero   RW          689    .bss                stm32746g_discovery_sdram.o
    0x200104b4   0x00000028   Zero   RW          769    .bss                stm32746g_discovery_ts.o
    0x200104dc   0x00000004   PAD
    0x200104e0   0x00000ee8   Zero   RW          917    .bss                rtx_conf_cm.o
    0x200113c8   0x00000028   Zero   RW         3421    .bss                gui_x_rte.o
    0x200113f0   0x00010000   Zero   RW         3511    .bss                guiconf.o
    0x200213f0   0x000004e8   Zero   RW         3575    .bss                lcdconf.o
    0x200218d8   0x00000034   Zero   RW         4446    .bss                RTX_CM4.lib(rt_task.o)
    0x2002190c   0x000000cc   Zero   RW         4758    .bss                GUI_CM4F_L.lib(gui_alloc.o)
    0x200219d8   0x00000070   Zero   RW         4814    .bss                GUI_CM4F_L.lib(gui_core.o)
    0x20021a48   0x00000030   Zero   RW         5606    .bss                RTX_CM4.lib(rt_list.o)
    0x20021a78   0x00000018   Zero   RW         6427    .bss                GUI_CM4F_L.lib(wm.o)
    0x20021a90   0x00000058   Zero   RW         6566    .bss                GUI_CM4F_L.lib(gui_onkey.o)
    0x20021ae8   0x00000048   Zero   RW         6898    .bss                GUI_CM4F_L.lib(wm_touch.o)
    0x20021b30   0x00000060   Zero   RW         7492    .bss                c_w.l(libspace.o)
    0x20021b90   0x000000e4   Zero   RW         7560    .bss                c_w.l(rand.o)
    0x20021c74   0x00000004   PAD
    0x20021c78   0x00000200   Zero   RW         3363    HEAP                startup_stm32f746xx.o
    0x20021e78   0x00000400   Zero   RW         3362    STACK               startup_stm32f746xx.o



  Load Region LR$$.ARM.__AT_0x20000000 (Base: 0x20000000, Size: 0x00000000, Max: 0x00005a00, ABSOLUTE)

    Execution Region ER$$.ARM.__AT_0x20000000 (Base: 0x20000000, Size: 0x00005a00, Max: 0x00005a00, ABSOLUTE, UNINIT)

    Base Addr    Size         Type   Attr      Idx    E Section Name        Object

    0x20000000   0x00005a00   Zero   RW         3573    .ARM.__AT_0x20000000  lcdconf.o



  Load Region LR$$.ARM.__AT_0xC0000000 (Base: 0xc0000000, Size: 0x00000000, Max: 0x0005fa00, ABSOLUTE)

    Execution Region ER$$.ARM.__AT_0xC0000000 (Base: 0xc0000000, Size: 0x0005fa00, Max: 0x0005fa00, ABSOLUTE, UNINIT)

    Base Addr    Size         Type   Attr      Idx    E Section Name        Object

    0xc0000000   0x0005fa00   Zero   RW         3574    .ARM.__AT_0xC0000000  lcdconf.o


==============================================================================

Image component sizes


      Code (inc. data)   RO Data    RW Data    ZI Data      Debug   Object Name

         0          0       4940          0          0        645   bluebird.o
       900         52          0         46          0      17867   ft5336.o
       154         36         12         16         40      10218   gui_x_rte.o
        28          8          0          0      65536        551   guiconf.o
       420         60          0          8         28       4447   initgame.o
       368         42          0          0          0       2646   lcd_x.o
      3876        522          8         44     415976      38827   lcdconf.o
       476         22          0          0         52     892558   main.o
       286         46          0          0          0       4275   pipeline.o
       170         36        104         20       3816      10103   rtx_conf_cm.o
        64         26        456          0       1536        888   startup_stm32f746xx.o
       676         48          0          0        152       8352   stm32746g_discovery.o
       748         66          0          2        288       4748   stm32746g_discovery_sdram.o
       768         62          0         10         40       5862   stm32746g_discovery_ts.o
       108         10          0          0          0       3236   stm32f7xx_hal.o
       304         22          0          0          0      39171   stm32f7xx_hal_cortex.o
       568         10          8          0          0       3764   stm32f7xx_hal_dma.o
       548         52          0          0          0       2576   stm32f7xx_hal_gpio.o
      1922         24          0          0          0      14588   stm32f7xx_hal_i2c.o
      2178         12          0          0          0      14248   stm32f7xx_hal_ltdc.o
       144          8          0          0          0       1392   stm32f7xx_hal_pwr_ex.o
      1872         40          0          0          0       3972   stm32f7xx_hal_rcc.o
      2328         26          0          0          0       2376   stm32f7xx_hal_rcc_ex.o
       164          0          0          0          0       3520   stm32f7xx_hal_sdram.o
       368          4          0          0          0       3744   stm32f7xx_ll_fmc.o
       100         18         24          4          0       1423   system_stm32f7xx.o
        88          0          0          0          0       2100   touch_746g_discovery.o

    ----------------------------------------------------------------------
     19644       1252       5584        152     487468    1098097   Object Totals
         0          0         32          0          0          0   (incl. Generated)
        18          0          0          2          4          0   (incl. Padding)

    ----------------------------------------------------------------------

      Code (inc. data)   RO Data    RW Data    ZI Data      Debug   Library Member Name

         0          0       1816          0          0          0   f6x8.o
       898         56          0         48          0       1148   gui__alpha.o
       664          0          0          0          0        384   gui__compactpixelindices.o
         0          0         16          0          0          0   gui__divtbl_15_255.o
         0          0        256          0          0          0   gui__divtbl_255_15.o
         0          0        256          0          0          0   gui__divtbl_255_31.o
         0          0        256          0          0          0   gui__divtbl_255_63.o
         0          0         32          0          0          0   gui__divtbl_31_255.o
         0          0         64          0          0          0   gui__divtbl_63_255.o
       322          0          0          0          0        156   gui__expandpixelindices.o
        58          0          0          0          0        116   gui__intersectrect.o
        82          0          0          0          0        128   gui__intersectrects.o
       228          8          0         24          0        252   gui__managecache.o
        76          0          0          0          0        124   gui__memset.o
        26          0          0          0          0        116   gui__sqrt32.o
      1774        102          0          0        204       2864   gui_alloc.o
        46          0          0          0          0        128   gui_alloc_alloczero.o
        60          0          0          0          0        124   gui_calccolordist.o
       394         12          0          0          0        492   gui_charm.o
       480         66          8         79        112       1120   gui_core.o
       370         22          0          0          0        984   gui_device.o
      1542         44         16         12          0        832   gui_drawbitmap_8888.o
       384          8          0          0          0        300   gui_drawgradientrounded.o
        68          8          0          0          0        248   gui_exec.o
       160          0          0          0          0        248   gui_getbitmappixelindex.o
        24          0          0          0          0        124   gui_getcolor.o
        24          4          0          0          0        124   gui_getdrawmode.o
        54         10          0          0          0        252   gui_getorg.o
        66         12          0          0          0        360   gui_goto.o
        88          0          0          0          0        124   gui_mergerect.o
        30          0          0          0          0        116   gui_moverect.o
        44          6          0         48          0        116   gui_multibuf.o
       102         12          0         16         88        476   gui_onkey.o
        28          4          0          0          0        128   gui_pen.o
        56          0          0          0          0        116   gui_rectsintersect.o
        32         10          0          0          0        232   gui_savecontext.o
        96         10          0          0          0        256   gui_selectlayer.o
        26          0          0          0          0        128   gui_selectlcd.o
        36          4          0          0          0        124   gui_setalpha.o
        44          0          0          0          0        256   gui_setcolor.o
        36          4          0          0          0        128   gui_setcolorindex.o
        64          6          0          0          0        128   gui_setdefault.o
        24          0          0          0          0        124   gui_setdrawmode.o
        32          6          0          0          0        128   gui_setfont.o
        28          4          0          0          0        128   gui_setlinestyle.o
        64         16          0          0          0        136   gui_setorg.o
        32          6          0          0          0        128   gui_settextalign.o
        32          6          0          0          0        128   gui_settextmode.o
      6266         94         52          0          0       4040   gui_sprite.o
       376         42          0         28          0        764   gui_task.o
       104          6          0          0          0        132   gui_time.o
       354         14          0         20          0        772   gui_timer.o
        18          0         16          0          0        464   gui_uc_encodenone.o
        16          4          0         12          0        116   gui_waitevent.o
       198          0         24          0          0        388   guicc_0.o
       172          0         24          0          0        376   guicc_16.o
       228         36         24          0          0        636   guicc_1616i.o
       190          0         24          0          0        356   guicc_8666.o
       194         18         24          0          0        636   guicc_88666i.o
        36          0         24          0          0        480   guicc_8888.o
         2          0          0          0          0        116   guicc_8888_index2color.o
         2          0          0          0          0        116   guicc_888_index2color.o
       290         32         24          8          0        768   guicc_m1555i.o
       312         22         24          8          0        768   guicc_m4444i.o
       258         46         24          8          0        652   guicc_m565.o
       142         16         24          8          0        636   guicc_m888.o
       184         12         24          8          0        644   guicc_m8888i.o
        30          0          0          0          0        124   guicc_m8888i_index2color.o
        20          0          0          0          0        116   guicc_m888_index2color.o
       806         40          0          0          0       1064   guidev.o
      2374         62        116          0          0       2256   guidev_32.o
       352         12          0          4          0        264   guidev_banding.o
        68          4          0          0          0        124   guidev_clear.o
        40          0          0          0          0        128   guidev_getdataptr.o
        52          6          0          0          0        128   guidev_getysize.o
        56          4          0          0          0        128   guidev_reduceysize.o
       100          4          0          0          0        128   guidev_setorg.o
       358         20          0          1          0        284   guidev_staticdevices.o
        84          0          0          0          0        260   guidev_usage.o
       424          4         24          0          0        748   guidev_usagebm.o
       116          4          0          0          0        244   guidev_write.o
       416         22          0          0          0        272   guidev_writetoactivealpha.o
      1854         18          8          0          0        732   guidev_writetoactiveopaque.o
      5414        182         52          0          0       4536   guidrv_lin_24.o
      1646        110         12          4          0       2164   lcd.o
       116         16          0         24          0        244   lcd_aa.o
       276         30          0         16          0        748   lcd_color.o
        16          6          0          0          0        116   lcd_getcolorindex.o
       474         54          0          8          0       3296   lcd_getex.o
        26          0          0          0          0        128   lcd_getnumdisplays.o
        96         10          0          0          0        132   lcd_getp.o
        14          0          0          0          0        128   lcd_getpixelcolor.o
         0          0        256          0          0          0   lcd_mirror.o
       504         18          0          0          0        280   lcd_readrect.o
        64          8          0          0          0        128   lcd_selectlcd.o
       260          0          0          0          0        788   lcd_set.o
        48         10          0          0          0        128   lcd_setcliprectex.o
        36          4          0          0          0        128   lcd_updatecolorindices.o
      4766        246          0        100         24       6584   wm.o
        18          0          0          0          0        124   wm__getfirstsibling.o
        36          0          0          0          0        128   wm__getprevsibling.o
        60          6          0          4          0        136   wm__sendmessage.o
        38          0          0          0          0        128   wm__sendmessagenopara.o
       220          0          0          0          0        144   wm__updatechildpositions.o
       136          0          0          0          0        140   wm_bringtobottom.o
        16          6          0          0          0        116   wm_criticalhandle.o
        32          0          0          0          0        128   wm_getclientrect.o
        24         10          0          0          0        116   wm_getdesktopwindow.o
        26          0          0          0          0        124   wm_getfirstchild.o
        32          0          0          0          0        128   wm_getorg.o
        26          0          0          0          0        124   wm_getparent.o
       294          0          0          0          0        416   wm_move.o
        16          0          0          0          0        124   wm_notifyparent.o
        64          8          0          0          0        136   wm_onkey.o
       244          0          0          0          0        136   wm_resizewindow.o
        26          0          0          0          0        136   wm_sendmessagenopara.o
        38          0          0          0          0        140   wm_sendtoparent.o
        72          0          0          0          0        132   wm_setsize.o
       124          0          0          0          0        260   wm_timer.o
         0          0          0          0         72          0   wm_touch.o
       268         24          0          1          0       4524   hal_cm.o
       408         34          0          0          0        824   hal_cm4.o
      1672        196          0          8          0      44178   rt_cmsis.o
        80          4          0          0          0        709   rt_event.o
       530         34          0          0         48       8685   rt_list.o
       554         10          0          0          0       4237   rt_mailbox.o
       140          0          0          0          0       2069   rt_membox.o
       128          0          0          0          0       2451   rt_memory.o
       352         14          0          0          0       2249   rt_mutex.o
        96         22          0          8          0       1254   rt_robin.o
        52          4          0          0          0        621   rt_semaphore.o
       298         52          0          8          0       6511   rt_system.o
      1216        174          0          8         52      10129   rt_task.o
         6          0          0          4          0        700   rt_time.o
         4          4          0          0          0        208   svc_table.o
        90          0          0          0          0          0   __dczerorl2.o
         8          0          0          0          0         68   __main.o
         0          0          0          0          0          0   __rtentry.o
        20          0          0          0          0          0   __rtentry2.o
         6          0          0          0          0          0   __rtentry4.o
        52          8          0          0          0          0   __scatter.o
        28          0          0          0          0          0   __scatter_zi.o
        22          0          0          0          0         80   abort.o
        16          0          0          0          0         68   aeabi_memset.o
       128         42          0          0          0         76   assert.o
        20          0          0          0          0         76   assert_puts.o
        48         34          0          0          0         76   defsig_abrt_inner.o
        14          0          0          0          0         80   defsig_abrt_outer.o
        10          0          0          0          0         68   defsig_exit.o
        50          0          0          0          0         88   defsig_general.o
        80         58          0          0          0         76   defsig_rtmem_inner.o
        14          0          0          0          0         80   defsig_rtmem_outer.o
        18          0          0          0          0         80   exit.o
       158          0          0          0          0        128   h1_alloc_mt.o
        62          0          0          0          0         80   h1_extend_mt.o
       118          0          0          0          0        108   h1_free_mt.o
        18          0          0          0          0         84   h1_init_mt.o
         6          0          0          0          0        152   heapauxi.o
         4          0          0          0          0        136   hguard.o
         0          0          0          0          0          0   indicate_semi.o
       138          0          0          0          0        168   init_alloc.o
         2          0          0          0          0          0   libinit.o
        18          0          0          0          0          0   libinit2.o
         2          0          0          0          0          0   libshutdown.o
         2          0          0          0          0          0   libshutdown2.o
         8          4          0          0         96         68   libspace.o
       238          0          0          0          0        100   lludivv7m.o
         0          0          0          0          0          0   maybetermalloc1.o
       112         18          0          0        228        160   rand.o
        10          0          0          0          0         76   rt_heap_descriptor_twolibspace.o
        68          0          0          0          0         68   rt_memclr.o
        78          0          0          0          0         80   rt_memclr_w.o
       138          0          0          0          0         68   rt_memcpy_v6.o
       100          0          0          0          0         80   rt_memcpy_w.o
       132          0          0          0          0         68   rt_memmove_v6.o
       122          0          0          0          0         80   rt_memmove_w.o
         2          0          0          0          0          0   rtexit.o
        10          0          0          0          0          0   rtexit2.o
        12          4          0          0          0         68   sys_exit.o
        74          0          0          0          0         80   sys_stackheap_outer.o
        14          0          0          0          0         76   sys_wrch.o
         2          0          0          0          0         68   use_no_semi.o
        94          4          0          0          0        140   dfix.o
        46          0          0          0          0        116   dflt_clz.o
       340         12          0          0          0        152   dmul.o
       156          4          0          0          0        140   dnaninf.o
        12          0          0          0          0        116   dretinf.o
        10          0          0          0          0        116   fpinit.o
         0          0          0          0          0          0   usenofp.o

    ----------------------------------------------------------------------
     49340       2472       3520        532        928     149169   Library Totals
       122          0          0          7          4          0   (incl. Padding)

    ----------------------------------------------------------------------

      Code (inc. data)   RO Data    RW Data    ZI Data      Debug   Library Name

     40484       1712       3520        488        500      56128   GUI_CM4F_L.lib
      5804        572          0         37        100      89349   RTX_CM4.lib
      2272        168          0          0        324       2912   c_w.l
       658         20          0          0          0        780   fz_wm.l

    ----------------------------------------------------------------------
     49340       2472       3520        532        928     149169   Library Totals

    ----------------------------------------------------------------------

==============================================================================


      Code (inc. data)   RO Data    RW Data    ZI Data      Debug   

     68984       3724       9104        684     488396    1175254   Grand Totals
     68984       3724       9104        148     488396    1175254   ELF Image Totals (compressed)
     68984       3724       9104        148          0          0   ROM Totals

==============================================================================

    Total RO  Size (Code + RO Data)                78088 (  76.26kB)
    Total RW  Size (RW Data + ZI Data)            489080 ( 477.62kB)
    Total ROM Size (Code + RO Data + RW Data)      78236 (  76.40kB)

==============================================================================

