Component: ARM Compiler 5.06 update 4 (build 422) Tool: armlink [4d35d2]

==============================================================================

Section Cross References

    main.o(i.CPU_CACHE_Enable) refers to main.o(i.SCB_EnableICache) for SCB_EnableICache
    main.o(i.CPU_CACHE_Enable) refers to main.o(i.SCB_EnableDCache) for SCB_EnableDCache
    main.o(i.HAL_GetTick) refers to rt_time.o(.data) for os_time
    main.o(i.MainTask) refers to main.o(i.CPU_CACHE_Enable) for CPU_CACHE_Enable
    main.o(i.MainTask) refers to stm32f7xx_hal.o(i.HAL_Init) for HAL_Init
    main.o(i.MainTask) refers to stm32746g_discovery_sdram.o(i.BSP_SDRAM_Init) for BSP_SDRAM_Init
    main.o(i.MainTask) refers to main.o(i.SystemClock_Config) for SystemClock_Config
    main.o(i.MainTask) refers to gui_core.o(i.GUI_Init) for GUI_Init
    main.o(i.MainTask) refers to touch_746g_discovery.o(i.Touch_Initialize) for Touch_Initialize
    main.o(i.MainTask) refers to gui_setcolor.o(i.GUI_SetBkColor) for GUI_SetBkColor
    main.o(i.MainTask) refers to gui_core.o(i.GUI_Clear) for GUI_Clear
    main.o(i.MainTask) refers to main.o(i.initBird) for initBird
    main.o(i.MainTask) refers to main.o(i.initPipes) for initPipes
    main.o(i.MainTask) refers to touch_746g_discovery.o(i.Touch_GetState) for Touch_GetState
    main.o(i.MainTask) refers to main.o(i.updatePipes) for updatePipes
    main.o(i.MainTask) refers to main.o(i.updateBird) for updateBird
    main.o(i.MainTask) refers to gui_drawbitmap.o(i.GUI_DrawBitmap) for GUI_DrawBitmap
    main.o(i.MainTask) refers to gui_2dlib.o(i.GUI_DrawRect) for GUI_DrawRect
    main.o(i.MainTask) refers to lcd_getex.o(i.LCD_GetYSize) for LCD_GetYSize
    main.o(i.MainTask) refers to gui_core.o(i.GUI_ClearRect) for GUI_ClearRect
    main.o(i.MainTask) refers to bluebird.o(.constdata) for bmBlueBird
    main.o(i.SystemClock_Config) refers to stm32f7xx_hal_rcc.o(i.HAL_RCC_OscConfig) for HAL_RCC_OscConfig
    main.o(i.SystemClock_Config) refers to stm32f7xx_hal_pwr_ex.o(i.HAL_PWREx_EnableOverDrive) for HAL_PWREx_EnableOverDrive
    main.o(i.SystemClock_Config) refers to stm32f7xx_hal_rcc.o(i.HAL_RCC_ClockConfig) for HAL_RCC_ClockConfig
    main.o(i.initBird) refers to lcd_getex.o(i.LCD_GetXSize) for LCD_GetXSize
    main.o(i.initBird) refers to lcd_getex.o(i.LCD_GetYSize) for LCD_GetYSize
    main.o(i.initPipes) refers to rand.o(.emb_text) for rand
    main.o(i.main) refers to main.o(i.MainTask) for MainTask
    main.o(i.updateBird) refers to lcd_getex.o(i.LCD_GetYSize) for LCD_GetYSize
    main.o(i.updateBird) refers to main.o(i.up) for up
    bluebird.o(.constdata) refers to gui_drawbitmap_8888.o(.constdata) for GUI_BitmapMethods8888
    ft5336.o(i.ft5336_Get_I2C_InitializedStatus) refers to ft5336.o(.data) for ft5336_handle
    ft5336.o(i.ft5336_I2C_InitializeIfRequired) refers to ft5336.o(i.ft5336_Get_I2C_InitializedStatus) for ft5336_Get_I2C_InitializedStatus
    ft5336.o(i.ft5336_I2C_InitializeIfRequired) refers to stm32746g_discovery.o(i.TS_IO_Init) for TS_IO_Init
    ft5336.o(i.ft5336_I2C_InitializeIfRequired) refers to ft5336.o(.data) for ft5336_handle
    ft5336.o(i.ft5336_Init) refers to stm32746g_discovery.o(i.TS_IO_Delay) for TS_IO_Delay
    ft5336.o(i.ft5336_Init) refers to ft5336.o(i.ft5336_I2C_InitializeIfRequired) for ft5336_I2C_InitializeIfRequired
    ft5336.o(i.ft5336_ReadID) refers to ft5336.o(i.ft5336_I2C_InitializeIfRequired) for ft5336_I2C_InitializeIfRequired
    ft5336.o(i.ft5336_ReadID) refers to stm32746g_discovery.o(i.TS_IO_Read) for TS_IO_Read
    ft5336.o(i.ft5336_TS_DetectTouch) refers to stm32746g_discovery.o(i.TS_IO_Read) for TS_IO_Read
    ft5336.o(i.ft5336_TS_DetectTouch) refers to ft5336.o(.data) for ft5336_handle
    ft5336.o(i.ft5336_TS_DisableIT) refers to stm32746g_discovery.o(i.TS_IO_Write) for TS_IO_Write
    ft5336.o(i.ft5336_TS_EnableIT) refers to stm32746g_discovery.o(i.TS_IO_Write) for TS_IO_Write
    ft5336.o(i.ft5336_TS_GetGestureID) refers to stm32746g_discovery.o(i.TS_IO_Read) for TS_IO_Read
    ft5336.o(i.ft5336_TS_GetTouchInfo) refers to stm32746g_discovery.o(i.TS_IO_Read) for TS_IO_Read
    ft5336.o(i.ft5336_TS_GetTouchInfo) refers to ft5336.o(.data) for ft5336_handle
    ft5336.o(i.ft5336_TS_GetXY) refers to stm32746g_discovery.o(i.TS_IO_Read) for TS_IO_Read
    ft5336.o(i.ft5336_TS_GetXY) refers to ft5336.o(.data) for ft5336_handle
    ft5336.o(i.ft5336_TS_Start) refers to ft5336.o(i.ft5336_TS_Configure) for ft5336_TS_Configure
    ft5336.o(i.ft5336_TS_Start) refers to ft5336.o(i.ft5336_TS_DisableIT) for ft5336_TS_DisableIT
    ft5336.o(.data) refers to ft5336.o(i.ft5336_Init) for ft5336_Init
    ft5336.o(.data) refers to ft5336.o(i.ft5336_ReadID) for ft5336_ReadID
    ft5336.o(.data) refers to ft5336.o(i.ft5336_Reset) for ft5336_Reset
    ft5336.o(.data) refers to ft5336.o(i.ft5336_TS_Start) for ft5336_TS_Start
    ft5336.o(.data) refers to ft5336.o(i.ft5336_TS_DetectTouch) for ft5336_TS_DetectTouch
[...]
    WM__NumInvalidWindows                    0x200101cc   Data           2  wm.o(.data)
    WM__TouchedLayer                         0x200101d4   Data           4  wm.o(.data)
    WM__FirstWin                             0x200101d8   Data           4  wm.o(.data)
    WM__pFirstCriticalHandle                 0x200101dc   Data           4  wm.o(.data)
    WM__CreateFlags                          0x200101e0   Data           4  wm.o(.data)
    WM_pfPollPID                             0x200101e4   Data           4  wm.o(.data)
    WM_MULTIBUF__pAPI                        0x200101e8   Data           4  wm.o(.data)
    WM__TransWindowCnt                       0x200101ec   Data           4  wm.o(.data)
    WM__hATransWindow                        0x200101f0   Data           4  wm.o(.data)
    WM__hCreateStatic                        0x200101f4   Data           4  wm.o(.data)
    WM__pExecGestures                        0x200101f8   Data           4  wm.o(.data)
    WM__ahDesktopWin                         0x2001020c   Data           8  wm.o(.data)
    WM__aBkColor                             0x20010214   Data           8  wm.o(.data)
    WM__ahCapture                            0x2001021c   Data           8  wm.o(.data)
    WM__ahWinFocus                           0x20010224   Data           8  wm.o(.data)
    sdramHandle                              0x200102e4   Data          52  stm32746g_discovery_sdram.o(.bss)
    mp_tcb                                   0x20010430   Data         376  rtx_conf_cm.o(.bss)
    mp_stk                                   0x200105a8   Data        1216  rtx_conf_cm.o(.bss)
    os_stack_mem                             0x20010a68   Data        1232  rtx_conf_cm.o(.bss)
    os_fifo                                  0x20010f38   Data         132  rtx_conf_cm.o(.bss)
    os_active_TCB                            0x20010fbc   Data          28  rtx_conf_cm.o(.bss)
    os_messageQ_q_osTimerMessageQ            0x20010fd8   Data          32  rtx_conf_cm.o(.bss)
    os_timer_cb_GUI_Timer                    0x20011318   Data          24  gui_x_rte.o(.bss)
    os_mutex_cb_GUI_Mutex                    0x20011330   Data          16  gui_x_rte.o(.bss)
    os_idle_TCB                              0x20021828   Data          52  rt_task.o(.bss)
    GUI_ALLOC__Context                       0x2002185c   Data         192  gui_alloc.o(.bss)
    os_rdy                                   0x20021998   Data          24  rt_list.o(.bss)
    os_dly                                   0x200219b0   Data          24  rt_list.o(.bss)
    WM__aCHWinModal                          0x20021a50   Data          16  wm_touch.o(.bss)
    WM__aCHWinLast                           0x20021a60   Data          16  wm_touch.o(.bss)
    WM__aCHWinMouseOver                      0x20021a70   Data          16  wm_touch.o(.bss)
    __libspace_start                         0x20021a80   Data          96  libspace.o(.bss)
    __temporary_stack_top$libspace           0x20021ae0   Data           0  libspace.o(.bss)
    _random_number_data                      0x20021ae0   Data         228  rand.o(.bss)



==============================================================================

Memory Map of the image

  Image Entry point : 0x080001c9

  Load Region LR_IROM1 (Base: 0x08000000, Size: 0x0000dd48, Max: 0x00100000, ABSOLUTE, COMPRESSED[0x0000db70])

    Execution Region ER_IROM1 (Base: 0x08000000, Size: 0x0000dafc, Max: 0x00100000, ABSOLUTE)

    Base Addr    Size         Type   Attr      Idx    E Section Name        Object

    0x08000000   0x000001c8   Data   RO         3253    RESET               startup_stm32f746xx.o
    0x080001c8   0x00000008   Code   RO         7298  * !!!main             c_w.l(__main.o)
    0x080001d0   0x00000034   Code   RO         7464    !!!scatter          c_w.l(__scatter.o)
    0x08000204   0x0000005a   Code   RO         7462    !!dczerorl2         c_w.l(__dczerorl2.o)
    0x0800025e   0x00000002   PAD
    0x08000260   0x0000001c   Code   RO         7466    !!handler_zi        c_w.l(__scatter_zi.o)
    0x0800027c   0x00000002   Code   RO         7402    .ARM.Collect$$libinit$$00000000  c_w.l(libinit.o)
    0x0800027e   0x00000004   Code   RO         7311    .ARM.Collect$$libinit$$00000001  c_w.l(libinit2.o)
    0x08000282   0x00000000   Code   RO         7314    .ARM.Collect$$libinit$$00000004  c_w.l(libinit2.o)
    0x08000282   0x00000000   Code   RO         7317    .ARM.Collect$$libinit$$0000000A  c_w.l(libinit2.o)
    0x08000282   0x00000000   Code   RO         7319    .ARM.Collect$$libinit$$0000000C  c_w.l(libinit2.o)
    0x08000282   0x00000004   Code   RO         7320    .ARM.Collect$$libinit$$0000000D  c_w.l(libinit2.o)
    0x08000286   0x00000000   Code   RO         7321    .ARM.Collect$$libinit$$0000000E  c_w.l(libinit2.o)
    0x08000286   0x00000000   Code   RO         7324    .ARM.Collect$$libinit$$00000011  c_w.l(libinit2.o)
    0x08000286   0x00000000   Code   RO         7326    .ARM.Collect$$libinit$$00000013  c_w.l(libinit2.o)
    0x08000286   0x00000000   Code   RO         7328    .ARM.Collect$$libinit$$00000015  c_w.l(libinit2.o)
    0x08000286   0x00000000   Code   RO         7330    .ARM.Collect$$libinit$$00000017  c_w.l(libinit2.o)
    0x08000286   0x00000000   Code   RO         7332    .ARM.Collect$$libinit$$00000019  c_w.l(libinit2.o)
    0x08000286   0x00000000   Code   RO         7334    .ARM.Collect$$libinit$$0000001B  c_w.l(libinit2.o)
    0x08000286   0x00000000   Code   RO         7336    .ARM.Collect$$libinit$$0000001D  c_w.l(libinit2.o)
    0x08000286   0x00000000   Code   RO         7338    .ARM.Collect$$libinit$$0000001F  c_w.l(libinit2.o)
    0x08000286   0x00000000   Code   RO         7340    .ARM.Collect$$libinit$$00000021  c_w.l(libinit2.o)
    0x08000286   0x00000000   Code   RO         7342    .ARM.Collect$$libinit$$00000023  c_w.l(libinit2.o)
    0x08000286   0x00000000   Code   RO         7344    .ARM.Collect$$libinit$$00000025  c_w.l(libinit2.o)
    0x08000286   0x00000000   Code   RO         7348    .ARM.Collect$$libinit$$0000002C  c_w.l(libinit2.o)
    0x08000286   0x00000000   Code   RO         7350    .ARM.Collect$$libinit$$0000002E  c_w.l(libinit2.o)
    0x08000286   0x00000000   Code   RO         7352    .ARM.Collect$$libinit$$00000030  c_w.l(libinit2.o)
    0x08000286   0x00000000   Code   RO         7354    .ARM.Collect$$libinit$$00000032  c_w.l(libinit2.o)
    0x08000286   0x00000002   Code   RO         7355    .ARM.Collect$$libinit$$00000033  c_w.l(libinit2.o)
    0x08000288   0x00000002   Code   RO         7403    .ARM.Collect$$libshutdown$$00000000  c_w.l(libshutdown.o)
    0x0800028a   0x00000000   Code   RO         7422    .ARM.Collect$$libshutdown$$00000002  c_w.l(libshutdown2.o)
    0x0800028a   0x00000000   Code   RO         7424    .ARM.Collect$$libshutdown$$00000004  c_w.l(libshutdown2.o)
    0x0800028a   0x00000000   Code   RO         7427    .ARM.Collect$$libshutdown$$00000007  c_w.l(libshutdown2.o)
    0x0800028a   0x00000000   Code   RO         7430    .ARM.Collect$$libshutdown$$0000000A  c_w.l(libshutdown2.o)
    0x0800028a   0x00000000   Code   RO         7432    .ARM.Collect$$libshutdown$$0000000C  c_w.l(libshutdown2.o)
    0x0800028a   0x00000000   Code   RO         7435    .ARM.Collect$$libshutdown$$0000000F  c_w.l(libshutdown2.o)
    0x0800028a   0x00000002   Code   RO         7436    .ARM.Collect$$libshutdown$$00000010  c_w.l(libshutdown2.o)
    0x0800028c   0x00000000   Code   RO         7300    .ARM.Collect$$rtentry$$00000000  c_w.l(__rtentry.o)
    0x0800028c   0x00000000   Code   RO         7357    .ARM.Collect$$rtentry$$00000002  c_w.l(__rtentry2.o)
    0x0800028c   0x00000006   Code   RO         7369    .ARM.Collect$$rtentry$$00000004  c_w.l(__rtentry4.o)
    0x08000292   0x00000000   Code   RO         7359    .ARM.Collect$$rtentry$$00000009  c_w.l(__rtentry2.o)
    0x08000292   0x00000004   Code   RO         7360    .ARM.Collect$$rtentry$$0000000A  c_w.l(__rtentry2.o)
    0x08000296   0x00000008   Code   RO         7361    .ARM.Collect$$rtentry$$0000000B  c_w.l(__rtentry2.o)
    0x0800029e   0x00000008   Code   RO         7363    .ARM.Collect$$rtentry$$0000000D  c_w.l(__rtentry2.o)
    0x080002a6   0x00000002   Code   RO         7301    .ARM.Collect$$rtexit$$00000000  c_w.l(rtexit.o)
    0x080002a8   0x00000000   Code   RO         7372    .ARM.Collect$$rtexit$$00000002  c_w.l(rtexit2.o)
    0x080002a8   0x00000004   Code   RO         7373    .ARM.Collect$$rtexit$$00000003  c_w.l(rtexit2.o)
    0x080002ac   0x00000006   Code   RO         7374    .ARM.Collect$$rtexit$$00000004  c_w.l(rtexit2.o)
    0x080002b2   0x00000002   PAD
    0x080002b4   0x0000001c   Code   RO          799    .emb_text           rtx_conf_cm.o
    0x080002d0   0x00000198   Code   RO         5664    .emb_text           RTX_CM4.lib(hal_cm4.o)
    0x08000468   0x00000034   Code   RO         7279    .emb_text           c_w.l(rand.o)
    0x0800049c   0x00000040   Code   RO         3254    .text               startup_stm32f746xx.o
    0x080004dc   0x00000008   Code   RO         7274    .text               c_w.l(libspace.o)
    0x080004e4   0x000000ee   Code   RO         7277    .text               c_w.l(lludivv7m.o)
    0x080005d2   0x00000002   PAD
    0x080005d4   0x0000003c   Code   RO         7280    .text               c_w.l(rand.o)
    0x08000610   0x00000012   Code   RO         7284    .text               c_w.l(exit.o)
    0x08000622   0x0000008a   Code   RO         7286    .text               c_w.l(rt_memcpy_v6.o)
    0x080006ac   0x00000084   Code   RO         7288    .text               c_w.l(rt_memmove_v6.o)
    0x08000730   0x00000064   Code   RO         7290    .text               c_w.l(rt_memcpy_w.o)
    0x08000794   0x0000004e   Code   RO         7294    .text               c_w.l(rt_memclr_w.o)
    0x080007e2   0x00000006   Code   RO         7296    .text               c_w.l(heapauxi.o)
    0x080007e8   0x0000007a   Code   RO         7307    .text               c_w.l(rt_memmove_w.o)
    0x08000862   0x00000002   PAD
    0x08000864   0x0000000c   Code   RO         7384    .text               c_w.l(sys_exit.o)
    0x08000870   0x0000004a   Code   RO         7386    .text               c_w.l(sys_stackheap_outer.o)
    0x080008ba   0x00000002   Code   RO         7406    .text               c_w.l(use_no_semi.o)
    0x080008bc   0x00000000   Code   RO         7408    .text               c_w.l(indicate_semi.o)
    0x080008bc   0x00000004   Code   RO         6169    SVC_TABLE           RTX_CM4.lib(svc_table.o)
    0x080008c0   0x0000008c   Code   RO          569    i.BSP_SDRAM_Init    stm32746g_discovery_sdram.o
    0x0800094c   0x00000098   Code   RO          570    i.BSP_SDRAM_Initialization_sequence  stm32746g_discovery_sdram.o
    0x080009e4   0x000001c8   Code   RO          572    i.BSP_SDRAM_MspInit  stm32746g_discovery_sdram.o
    0x08000bac   0x0000022c   Code   RO          651    i.BSP_TS_GetState   stm32746g_discovery_ts.o
    0x08000dd8   0x00000070   Code   RO          652    i.BSP_TS_Get_GestureId  stm32746g_discovery_ts.o
    0x08000e48   0x00000064   Code   RO          656    i.BSP_TS_Init       stm32746g_discovery_ts.o
    0x08000eac   0x0000000c   Code   RO            4    i.CPU_CACHE_Enable  main.o
    0x08000eb8   0x00000010   Code   RO         3415    i.DMA2D_IRQHandler  lcdconf.o
    0x08000ec8   0x00000034   Code   RO         1162    i.DMA_CalcBaseAndBitshift  stm32f7xx_hal_dma.o
    0x08000efc   0x000000ba   Code   RO         1163    i.DMA_CheckFifoParam  stm32f7xx_hal_dma.o
    0x08000fb6   0x00000074   Code   RO         3119    i.FMC_SDRAM_Init    stm32f7xx_ll_fmc.o
    0x0800102a   0x0000000e   Code   RO         3120    i.FMC_SDRAM_ProgramRefreshRate  stm32f7xx_ll_fmc.o
    0x08001038   0x00000052   Code   RO         3121    i.FMC_SDRAM_SendCommand  stm32f7xx_ll_fmc.o
    0x0800108a   0x00000002   PAD
    0x0800108c   0x0000009c   Code   RO         3123    i.FMC_SDRAM_Timing_Init  stm32f7xx_ll_fmc.o
    0x08001128   0x0000009c   Code   RO         4774    i.GL_DrawBitmap     GUI_CM4F_L.lib(gui_drawbitmap.o)
    0x080011c4   0x0000000c   Code   RO         4523    i.GUICC_M1555I_SetCustColorConv  GUI_CM4F_L.lib(guicc_m1555i.o)
    0x080011d0   0x0000000c   Code   RO         4543    i.GUICC_M4444I_SetCustColorConv  GUI_CM4F_L.lib(guicc_m4444i.o)
    0x080011dc   0x0000000c   Code   RO         4563    i.GUICC_M8888I_SetCustColorConv  GUI_CM4F_L.lib(guicc_m8888i.o)
    0x080011e8   0x0000000c   Code   RO         4916    i.GUICC_M888_SetCustColorConv  GUI_CM4F_L.lib(guicc_m888.o)
    0x080011f4   0x00000134   Code   RO         5747    i.GUIMONO_DispChar  GUI_CM4F_L.lib(gui_charm.o)
    0x08001328   0x00000018   Code   RO         5748    i.GUIMONO_GetCharDistX  GUI_CM4F_L.lib(gui_charm.o)
    0x08001340   0x00000006   Code   RO         5749    i.GUIMONO_GetFontInfo  GUI_CM4F_L.lib(gui_charm.o)
    0x08001346   0x00000038   Code   RO         5750    i.GUIMONO_IsInFont  GUI_CM4F_L.lib(gui_charm.o)
    0x0800137e   0x00000002   PAD
    0x08001380   0x00000064   Code   RO         5825    i.GUITASK_CopyContext  GUI_CM4F_L.lib(gui_task.o)
    0x080013e4   0x00000044   Code   RO         5828    i.GUITASK_Init      GUI_CM4F_L.lib(gui_task.o)
    0x08001428   0x0000001e   Code   RO         4624    i.GUI_ALLOC_AllocNoInit  GUI_CM4F_L.lib(gui_alloc.o)
    0x08001446   0x0000002e   Code   RO         6207    i.GUI_ALLOC_AllocZero  GUI_CM4F_L.lib(gui_alloc_alloczero.o)
    0x08001474   0x00000010   Code   RO         4625    i.GUI_ALLOC_AssignMemory  GUI_CM4F_L.lib(gui_alloc.o)
    0x08001484   0x0000003c   Code   RO         4627    i.GUI_ALLOC_Free    GUI_CM4F_L.lib(gui_alloc.o)
    0x080014c0   0x00000018   Code   RO         4628    i.GUI_ALLOC_FreeFixedBlock  GUI_CM4F_L.lib(gui_alloc.o)
    0x080014d8   0x000000b0   Code   RO         4631    i.GUI_ALLOC_GetFixedBlock  GUI_CM4F_L.lib(gui_alloc.o)
    0x08001588   0x0000001c   Code   RO         4641    i.GUI_ALLOC_LockH   GUI_CM4F_L.lib(gui_alloc.o)
    0x080015a4   0x00000030   Code   RO         4647    i.GUI_ALLOC_UnlockH  GUI_CM4F_L.lib(gui_alloc.o)
    0x080015d4   0x00000018   Code   RO         4648    i.GUI_ALLOC_h2p     GUI_CM4F_L.lib(gui_alloc.o)
    0x080015ec   0x0000003c   Code   RO         6215    i.GUI_CalcColorDist  GUI_CM4F_L.lib(gui_calccolordist.o)
    0x08001628   0x0000001c   Code   RO         4705    i.GUI_Clear         GUI_CM4F_L.lib(gui_core.o)
    0x08001644   0x00000068   Code   RO         4706    i.GUI_ClearRect     GUI_CM4F_L.lib(gui_core.o)
    0x080016ac   0x00000050   Code   RO         4750    i.GUI_DEVICE_Create  GUI_CM4F_L.lib(gui_device.o)
    0x080016fc   0x00000028   Code   RO         4751    i.GUI_DEVICE_CreateAndLink  GUI_CM4F_L.lib(gui_device.o)
    0x08001724   0x00000004   Code   RO         4752    i.GUI_DEVICE_Delete  GUI_CM4F_L.lib(gui_device.o)
    0x08001728   0x00000088   Code   RO         4753    i.GUI_DEVICE_Link   GUI_CM4F_L.lib(gui_device.o)
    0x080017b0   0x00000012   Code   RO         4754    i.GUI_DEVICE_LinkDevices  GUI_CM4F_L.lib(gui_device.o)
    0x080017c2   0x00000002   PAD
    0x080017c4   0x00000034   Code   RO         4755    i.GUI_DEVICE_Unlink  GUI_CM4F_L.lib(gui_device.o)
    0x080017f8   0x00000004   Code   RO         4756    i.GUI_DEVICE_UnlinkTaskDevices  GUI_CM4F_L.lib(gui_device.o)
    0x080017fc   0x00000024   Code   RO         4758    i.GUI_DEVICE__GetpDriver  GUI_CM4F_L.lib(gui_device.o)
    0x08001820   0x00000058   Code   RO         4775    i.GUI_DrawBitmap    GUI_CM4F_L.lib(gui_drawbitmap.o)
    0x08001878   0x00000080   Code   RO         4611    i.GUI_DrawRect      GUI_CM4F_L.lib(gui_2dlib.o)
    0x080018f8   0x00000014   Code   RO         4999    i.GUI_GetBitsPerPixelEx  GUI_CM4F_L.lib(lcd_getex.o)
    0x0800190c   0x00000018   Code   RO         5763    i.GUI_GetColor      GUI_CM4F_L.lib(gui_getcolor.o)
    0x08001924   0x00000018   Code   RO         4813    i.GUI_GetDrawMode   GUI_CM4F_L.lib(gui_getdrawmode.o)
    0x0800193c   0x00000028   Code   RO         4863    i.GUI_GetLayerPosEx  GUI_CM4F_L.lib(gui_selectlayer.o)
    0x08001964   0x00000010   Code   RO         5000    i.GUI_GetpfColor2IndexEx  GUI_CM4F_L.lib(lcd_getex.o)
    0x08001974   0x00000010   Code   RO         5001    i.GUI_GetpfIndex2ColorEx  GUI_CM4F_L.lib(lcd_getex.o)
    0x08001984   0x00000022   Code   RO         5776    i.GUI_GotoXY        GUI_CM4F_L.lib(gui_goto.o)
    0x080019a6   0x00000002   PAD
    0x080019a8   0x00000060   Code   RO         4708    i.GUI_Init          GUI_CM4F_L.lib(gui_core.o)
    0x08001a08   0x0000006c   Code   RO         5830    i.GUI_Lock          GUI_CM4F_L.lib(gui_task.o)
    0x08001a74   0x00000048   Code   RO         6352    i.GUI_MEMDEV_Delete  GUI_CM4F_L.lib(guidev.o)
    0x08001abc   0x00000028   Code   RO         6849    i.GUI_MEMDEV_GetDataPtr  GUI_CM4F_L.lib(guidev_getdataptr.o)
    0x08001ae4   0x00000020   Code   RO         6428    i.GUI_MEMDEV__WriteToActiveAlpha  GUI_CM4F_L.lib(guidev_writetoactivealpha.o)
    0x08001b04   0x0000002c   Code   RO         4826    i.GUI_MULTIBUF_ConfirmEx  GUI_CM4F_L.lib(gui_multibuf.o)
    0x08001b30   0x00000058   Code   RO         6223    i.GUI_MergeRect     GUI_CM4F_L.lib(gui_mergerect.o)
    0x08001b88   0x0000001e   Code   RO         6231    i.GUI_MoveRect      GUI_CM4F_L.lib(gui_moverect.o)
    0x08001ba6   0x00000002   PAD
    0x08001ba8   0x00000060   Code   RO         5981    i.GUI_ReadRectEx    GUI_CM4F_L.lib(lcd_readrect.o)
    0x08001c08   0x00000038   Code   RO         6267    i.GUI_RectsIntersect  GUI_CM4F_L.lib(gui_rectsintersect.o)
    0x08001c40   0x0000001a   Code   RO         5791    i.GUI_SelectLCD     GUI_CM4F_L.lib(gui_selectlcd.o)
    0x08001c5a   0x00000002   PAD
    0x08001c5c   0x00000038   Code   RO         4865    i.GUI_SelectLayer   GUI_CM4F_L.lib(gui_selectlayer.o)
    0x08001c94   0x00000016   Code   RO         4886    i.GUI_SetBkColor    GUI_CM4F_L.lib(gui_setcolor.o)
    0x08001caa   0x00000016   Code   RO         4887    i.GUI_SetColor      GUI_CM4F_L.lib(gui_setcolor.o)
    0x08001cc0   0x00000024   Code   RO         5800    i.GUI_SetColorIndex  GUI_CM4F_L.lib(gui_setcolorindex.o)
    0x08001ce4   0x0000000c   Code   RO         4711    i.GUI_SetDefaultFont  GUI_CM4F_L.lib(gui_core.o)
    0x08001cf0   0x00000018   Code   RO         5809    i.GUI_SetDrawMode   GUI_CM4F_L.lib(gui_setdrawmode.o)
    0x08001d08   0x0000000c   Code   RO         4581    i.GUI_SetFuncAlphaBlending  GUI_CM4F_L.lib(gui__alpha.o)
    0x08001d14   0x0000000c   Code   RO         4712    i.GUI_SetFuncGetpPalConvTable  GUI_CM4F_L.lib(gui_core.o)
    0x08001d20   0x0000000c   Code   RO         4583    i.GUI_SetFuncMixColors  GUI_CM4F_L.lib(gui__alpha.o)
    0x08001d2c   0x0000000c   Code   RO         4584    i.GUI_SetFuncMixColorsBulk  GUI_CM4F_L.lib(gui__alpha.o)
    0x08001d38   0x00000040   Code   RO         5817    i.GUI_SetOrg        GUI_CM4F_L.lib(gui_setorg.o)
    0x08001d78   0x00000010   Code   RO         6298    i.GUI_SignalEvent   GUI_CM4F_L.lib(gui_waitevent.o)
    0x08001d88   0x00000010   Code   RO         6245    i.GUI_StoreKey      GUI_CM4F_L.lib(gui_onkey.o)
    0x08001d98   0x00000010   Code   RO         3295    i.GUI_Tick          gui_x_rte.o
    0x08001da8   0x00000028   Code   RO         6416    i.GUI_USAGE_AddRect  GUI_CM4F_L.lib(guidev_usage.o)
    0x08001dd0   0x0000002c   Code   RO         6417    i.GUI_USAGE_DecUseCnt  GUI_CM4F_L.lib(guidev_usage.o)
    0x08001dfc   0x00000014   Code   RO         5831    i.GUI_Unlock        GUI_CM4F_L.lib(gui_task.o)
    0x08001e10   0x0000001c   Code   RO         3399    i.GUI_X_Config      guiconf.o
    0x08001e2c   0x0000000a   Code   RO         3298    i.GUI_X_ExecIdle    gui_x_rte.o
    0x08001e36   0x00000008   Code   RO         3299    i.GUI_X_GetTaskId   gui_x_rte.o
    0x08001e3e   0x00000002   PAD
    0x08001e40   0x00000024   Code   RO         3301    i.GUI_X_Init        gui_x_rte.o
    0x08001e64   0x00000018   Code   RO         3302    i.GUI_X_InitOS      gui_x_rte.o
    0x08001e7c   0x00000014   Code   RO         3303    i.GUI_X_Lock        gui_x_rte.o
    0x08001e90   0x00000010   Code   RO         3306    i.GUI_X_Unlock      gui_x_rte.o
    0x08001ea0   0x00000016   Code   RO         4585    i.GUI__AllocAlphaBuffer  GUI_CM4F_L.lib(gui__alpha.o)
    0x08001eb6   0x0000000c   Code   RO         6554    i.GUI__CompactPixelIndicesEx  GUI_CM4F_L.lib(gui__compactpixelindices.o)
    0x08001ec2   0x00000002   PAD
    0x08001ec4   0x00000038   Code   RO         4713    i.GUI__Config       GUI_CM4F_L.lib(gui_core.o)
    0x08001efc   0x00000168   Code   RO         6555    i.GUI__ConvertColor2Index  GUI_CM4F_L.lib(gui__compactpixelindices.o)
    0x08002064   0x000001d0   Code   RO         4586    i.GUI__DoAlphaBlending  GUI_CM4F_L.lib(gui__alpha.o)
    0x08002234   0x00000142   Code   RO         5730    i.GUI__ExpandPixelIndicesEx  GUI_CM4F_L.lib(gui__expandpixelindices.o)
    0x08002376   0x00000002   PAD
    0x08002378   0x0000009c   Code   RO         4587    i.GUI__GetAlphaBuffer  GUI_CM4F_L.lib(gui__alpha.o)
    0x08002414   0x0000003a   Code   RO         6172    i.GUI__IntersectRect  GUI_CM4F_L.lib(gui__intersectrect.o)
    0x0800244e   0x00000052   Code   RO         6180    i.GUI__IntersectRects  GUI_CM4F_L.lib(gui__intersectrects.o)
    0x080024a0   0x00000066   Code   RO         4588    i.GUI__MixColors    GUI_CM4F_L.lib(gui__alpha.o)
    0x08002506   0x0000004e   Code   RO         4589    i.GUI__MixColorsBulk  GUI_CM4F_L.lib(gui__alpha.o)
    0x08002554   0x00000010   Code   RO         4714    i.GUI__RegisterExit  GUI_CM4F_L.lib(gui_core.o)
    0x08002564   0x0000004c   Code   RO         5739    i.GUI__memset       GUI_CM4F_L.lib(gui__memset.o)
    0x080025b0   0x00000062   Code   RO         1167    i.HAL_DMA_DeInit    stm32f7xx_hal_dma.o
    0x08002612   0x00000002   PAD
    0x08002614   0x000000e8   Code   RO         1171    i.HAL_DMA_Init      stm32f7xx_hal_dma.o
    0x080026fc   0x0000001a   Code   RO          870    i.HAL_Delay         stm32f7xx_hal.o
    0x08002716   0x00000002   PAD
    0x08002718   0x00000218   Code   RO         1509    i.HAL_GPIO_Init     stm32f7xx_hal_gpio.o
    0x08002930   0x0000000c   Code   RO         1513    i.HAL_GPIO_WritePin  stm32f7xx_hal_gpio.o
    0x0800293c   0x0000000c   Code   RO            5    i.HAL_GetTick       main.o
    0x08002948   0x0000003c   Code   RO         1574    i.HAL_I2C_DeInit    stm32f7xx_hal_i2c.o
    0x08002984   0x00000008   Code   RO         1582    i.HAL_I2C_GetState  stm32f7xx_hal_i2c.o
    0x0800298c   0x000000c4   Code   RO         1583    i.HAL_I2C_Init      stm32f7xx_hal_i2c.o
    0x08002a50   0x000001bc   Code   RO         1599    i.HAL_I2C_Mem_Read  stm32f7xx_hal_i2c.o
    0x08002c0c   0x000001b8   Code   RO         1602    i.HAL_I2C_Mem_Write  stm32f7xx_hal_i2c.o
    0x08002dc4   0x00000002   Code   RO         1605    i.HAL_I2C_MspDeInit  stm32f7xx_hal_i2c.o
    0x08002dc6   0x00000002   Code   RO         1606    i.HAL_I2C_MspInit   stm32f7xx_hal_i2c.o
    0x08002dc8   0x00000028   Code   RO          880    i.HAL_Init          stm32f7xx_hal.o
    0x08002df0   0x00000028   Code   RO          881    i.HAL_InitTick      stm32f7xx_hal.o
    0x08002e18   0x000000b4   Code   RO         2030    i.HAL_LTDC_ConfigCLUT  stm32f7xx_hal_ltdc.o
    0x08002ecc   0x00000060   Code   RO         2031    i.HAL_LTDC_ConfigColorKeying  stm32f7xx_hal_ltdc.o
    0x08002f2c   0x0000005e   Code   RO         2033    i.HAL_LTDC_ConfigLayer  stm32f7xx_hal_ltdc.o
    0x08002f8a   0x0000004c   Code   RO         2038    i.HAL_LTDC_DisableColorKeying  stm32f7xx_hal_ltdc.o
    0x08002fd6   0x0000004c   Code   RO         2041    i.HAL_LTDC_EnableCLUT  stm32f7xx_hal_ltdc.o
    0x08003022   0x0000004c   Code   RO         2043    i.HAL_LTDC_EnableColorKeying  stm32f7xx_hal_ltdc.o
    0x0800306e   0x00000002   Code   RO         2046    i.HAL_LTDC_ErrorCallback  stm32f7xx_hal_ltdc.o
    0x08003070   0x0000010c   Code   RO         2049    i.HAL_LTDC_IRQHandler  stm32f7xx_hal_ltdc.o
    0x0800317c   0x00000128   Code   RO         2050    i.HAL_LTDC_Init     stm32f7xx_hal_ltdc.o
    0x080032a4   0x00000088   Code   RO         3416    i.HAL_LTDC_LineEventCallback  lcdconf.o
    0x0800332c   0x00000002   Code   RO         2053    i.HAL_LTDC_MspInit  stm32f7xx_hal_ltdc.o
    0x0800332e   0x00000002   PAD
    0x08003330   0x00000048   Code   RO         2054    i.HAL_LTDC_ProgramLineEvent  stm32f7xx_hal_ltdc.o
    0x08003378   0x00000002   Code   RO         2056    i.HAL_LTDC_ReloadEventCallback  stm32f7xx_hal_ltdc.o
    0x0800337a   0x0000005c   Code   RO         2057    i.HAL_LTDC_SetAddress  stm32f7xx_hal_ltdc.o
    0x080033d6   0x0000005c   Code   RO         2059    i.HAL_LTDC_SetAlpha  stm32f7xx_hal_ltdc.o
    0x08003432   0x0000006c   Code   RO         2065    i.HAL_LTDC_SetWindowPosition  stm32f7xx_hal_ltdc.o
    0x0800349e   0x00000074   Code   RO         2067    i.HAL_LTDC_SetWindowSize  stm32f7xx_hal_ltdc.o
    0x08003512   0x00000002   Code   RO          883    i.HAL_MspInit       stm32f7xx_hal.o
    0x08003514   0x00000020   Code   RO         1027    i.HAL_NVIC_EnableIRQ  stm32f7xx_hal_cortex.o
    0x08003534   0x0000007c   Code   RO         1033    i.HAL_NVIC_SetPriority  stm32f7xx_hal_cortex.o
    0x080035b0   0x00000028   Code   RO         1034    i.HAL_NVIC_SetPriorityGrouping  stm32f7xx_hal_cortex.o
    0x080035d8   0x00000090   Code   RO         2435    i.HAL_PWREx_EnableOverDrive  stm32f7xx_hal_pwr_ex.o
    0x08003668   0x00000918   Code   RO         2625    i.HAL_RCCEx_PeriphCLKConfig  stm32f7xx_hal_rcc_ex.o
    0x08003f80   0x000001b4   Code   RO         2522    i.HAL_RCC_ClockConfig  stm32f7xx_hal_rcc.o
    0x08004134   0x000000b4   Code   RO         2531    i.HAL_RCC_GetSysClockFreq  stm32f7xx_hal_rcc.o
    0x080041e8   0x000004e8   Code   RO         2534    i.HAL_RCC_OscConfig  stm32f7xx_hal_rcc.o
    0x080046d0   0x00000040   Code   RO         2665    i.HAL_SDRAM_Init    stm32f7xx_hal_sdram.o
    0x08004710   0x00000002   Code   RO         2667    i.HAL_SDRAM_MspInit  stm32f7xx_hal_sdram.o
    0x08004712   0x00000028   Code   RO         2668    i.HAL_SDRAM_ProgramRefreshRate  stm32f7xx_hal_sdram.o
    0x0800473a   0x0000003a   Code   RO         2674    i.HAL_SDRAM_SendCommand  stm32f7xx_hal_sdram.o
    0x08004774   0x00000034   Code   RO         1038    i.HAL_SYSTICK_Config  stm32f7xx_hal_cortex.o
    0x080047a8   0x00000028   Code   RO         1625    i.I2C_Flush_TXDR    stm32f7xx_hal_i2c.o
    0x080047d0   0x0000008c   Code   RO         1633    i.I2C_IsAcknowledgeFailed  stm32f7xx_hal_i2c.o
    0x0800485c   0x0000008c   Code   RO         1636    i.I2C_RequestMemoryRead  stm32f7xx_hal_i2c.o
    0x080048e8   0x0000008c   Code   RO         1637    i.I2C_RequestMemoryWrite  stm32f7xx_hal_i2c.o
    0x08004974   0x00000030   Code   RO         1640    i.I2C_TransferConfig  stm32f7xx_hal_i2c.o
    0x080049a4   0x00000056   Code   RO         1641    i.I2C_WaitOnFlagUntilTimeout  stm32f7xx_hal_i2c.o
    0x080049fa   0x00000056   Code   RO         1643    i.I2C_WaitOnSTOPFlagUntilTimeout  stm32f7xx_hal_i2c.o
    0x08004a50   0x0000005a   Code   RO         1644    i.I2C_WaitOnTXISFlagUntilTimeout  stm32f7xx_hal_i2c.o
    0x08004aaa   0x00000014   Code   RO          364    i.I2Cx_Error        stm32746g_discovery.o
    0x08004abe   0x00000002   PAD
    0x08004ac0   0x00000050   Code   RO          365    i.I2Cx_Init         stm32746g_discovery.o
    0x08004b10   0x00000164   Code   RO          367    i.I2Cx_MspInit      stm32746g_discovery.o
    0x08004c74   0x0000003a   Code   RO          368    i.I2Cx_ReadMultiple  stm32746g_discovery.o
    0x08004cae   0x0000003a   Code   RO          369    i.I2Cx_WriteMultiple  stm32746g_discovery.o
    0x08004ce8   0x0000001c   Code   RO         4934    i.LCD_Color2Index   GUI_CM4F_L.lib(lcd.o)
    0x08004d04   0x00000056   Code   RO         4492    i.LCD_Color2Index_8666  GUI_CM4F_L.lib(guicc_8666.o)
    0x08004d5a   0x00000002   PAD
    0x08004d5c   0x00000204   Code   RO         4935    i.LCD_DrawBitmap    GUI_CM4F_L.lib(lcd.o)
    0x08004f60   0x00000058   Code   RO         4936    i.LCD_DrawHLine     GUI_CM4F_L.lib(lcd.o)
    0x08004fb8   0x00000068   Code   RO         4937    i.LCD_DrawPixel     GUI_CM4F_L.lib(lcd.o)
    0x08005020   0x00000054   Code   RO         4938    i.LCD_DrawVLine     GUI_CM4F_L.lib(lcd.o)
    0x08005074   0x00000058   Code   RO         4939    i.LCD_FillRect      GUI_CM4F_L.lib(lcd.o)
    0x080050cc   0x00000006   Code   RO         5003    i.LCD_GetBitsPerPixelEx  GUI_CM4F_L.lib(lcd_getex.o)
    0x080050d2   0x00000002   PAD
    0x080050d4   0x00000010   Code   RO         5948    i.LCD_GetColorIndex  GUI_CM4F_L.lib(lcd_getcolorindex.o)
    0x080050e4   0x00000018   Code   RO         5005    i.LCD_GetDevFunc    GUI_CM4F_L.lib(lcd_getex.o)
    0x080050fc   0x00000006   Code   RO         5007    i.LCD_GetMirrorXEx  GUI_CM4F_L.lib(lcd_getex.o)
    0x08005102   0x00000006   Code   RO         5009    i.LCD_GetMirrorYEx  GUI_CM4F_L.lib(lcd_getex.o)
    0x08005108   0x00000010   Code   RO         5010    i.LCD_GetNumColors  GUI_CM4F_L.lib(lcd_getex.o)
    0x08005118   0x00000006   Code   RO         5011    i.LCD_GetNumColorsEx  GUI_CM4F_L.lib(lcd_getex.o)
    0x0800511e   0x0000001a   Code   RO         5957    i.LCD_GetNumLayers  GUI_CM4F_L.lib(lcd_getnumdisplays.o)
    0x08005138   0x00000010   Code   RO         5012    i.LCD_GetPalette    GUI_CM4F_L.lib(lcd_getex.o)
    0x08005148   0x00000018   Code   RO         5013    i.LCD_GetPaletteEx  GUI_CM4F_L.lib(lcd_getex.o)
    0x08005160   0x0000000e   Code   RO         5965    i.LCD_GetPixelColor  GUI_CM4F_L.lib(lcd_getpixelcolor.o)
    0x0800516e   0x00000002   PAD
    0x08005170   0x00000060   Code   RO         6315    i.LCD_GetPixelIndex  GUI_CM4F_L.lib(lcd_getp.o)
    0x080051d0   0x0000002c   Code   RO         5091    i.LCD_GetPosEx      GUI_CM4F_L.lib(lcd_set.o)
    0x080051fc   0x00000006   Code   RO         5015    i.LCD_GetSwapXYEx   GUI_CM4F_L.lib(lcd_getex.o)
    0x08005202   0x00000006   Code   RO         5018    i.LCD_GetVXSizeMax  GUI_CM4F_L.lib(lcd_getex.o)
    0x08005208   0x00000010   Code   RO         5024    i.LCD_GetXSize      GUI_CM4F_L.lib(lcd_getex.o)
    0x08005218   0x0000000c   Code   RO         5025    i.LCD_GetXSizeDisplay  GUI_CM4F_L.lib(lcd_getex.o)
    0x08005224   0x00000006   Code   RO         5026    i.LCD_GetXSizeEx    GUI_CM4F_L.lib(lcd_getex.o)
    0x0800522a   0x00000006   Code   RO         5027    i.LCD_GetXSizeMax   GUI_CM4F_L.lib(lcd_getex.o)
    0x08005230   0x00000010   Code   RO         5030    i.LCD_GetYSize      GUI_CM4F_L.lib(lcd_getex.o)
    0x08005240   0x0000000c   Code   RO         5031    i.LCD_GetYSizeDisplay  GUI_CM4F_L.lib(lcd_getex.o)
    0x0800524c   0x00000006   Code   RO         5032    i.LCD_GetYSizeEx    GUI_CM4F_L.lib(lcd_getex.o)
    0x08005252   0x00000006   Code   RO         5033    i.LCD_GetYSizeMax   GUI_CM4F_L.lib(lcd_getex.o)
    0x08005258   0x00000004   Code   RO         4978    i.LCD_GetpPalConvTable  GUI_CM4F_L.lib(lcd_color.o)
    0x0800525c   0x00000004   Code   RO         4979    i.LCD_GetpPalConvTableBM  GUI_CM4F_L.lib(lcd_color.o)
    0x08005260   0x00000048   Code   RO         4980    i.LCD_GetpPalConvTableUncached  GUI_CM4F_L.lib(lcd_color.o)
    0x080052a8   0x0000001c   Code   RO         4940    i.LCD_Index2Color   GUI_CM4F_L.lib(lcd.o)
    0x080052c4   0x00000064   Code   RO         4493    i.LCD_Index2Color_8666  GUI_CM4F_L.lib(guicc_8666.o)
    0x08005328   0x00000002   Code   RO         5884    i.LCD_Index2Color_888  GUI_CM4F_L.lib(guicc_888_index2color.o)
    0x0800532a   0x00000002   Code   RO         5892    i.LCD_Index2Color_8888  GUI_CM4F_L.lib(guicc_8888_index2color.o)
    0x0800532c   0x0000002c   Code   RO         4897    i.LCD_Index2Color_M565  GUI_CM4F_L.lib(guicc_m565.o)
    0x08005358   0x00000014   Code   RO         5908    i.LCD_Index2Color_M888  GUI_CM4F_L.lib(guicc_m888_index2color.o)
    0x0800536c   0x0000001e   Code   RO         5900    i.LCD_Index2Color_M8888I  GUI_CM4F_L.lib(guicc_m8888i_index2color.o)
    0x0800538a   0x0000008a   Code   RO         4941    i.LCD_Init          GUI_CM4F_L.lib(lcd.o)
    0x08005414   0x00000034   Code   RO         4981    i.LCD_InitColors    GUI_CM4F_L.lib(lcd_color.o)
    0x08005448   0x0000007c   Code   RO         4982    i.LCD_InitLUT       GUI_CM4F_L.lib(lcd_color.o)
    0x080054c4   0x00000198   Code   RO         5983    i.LCD_ReadRectEx    GUI_CM4F_L.lib(lcd_readrect.o)
    0x0800565c   0x00000040   Code   RO         6324    i.LCD_SelectLCD     GUI_CM4F_L.lib(lcd_selectlcd.o)
    0x0800569c   0x0000000c   Code   RO         4942    i.LCD_SetBkColor    GUI_CM4F_L.lib(lcd.o)
    0x080056a8   0x00000018   Code   RO         4943    i.LCD_SetBkColorIndex  GUI_CM4F_L.lib(lcd.o)
    0x080056c0   0x00000030   Code   RO         6332    i.LCD_SetClipRectEx  GUI_CM4F_L.lib(lcd_setcliprectex.o)
    0x080056f0   0x0000001c   Code   RO         4944    i.LCD_SetClipRectMax  GUI_CM4F_L.lib(lcd.o)
    0x0800570c   0x0000000c   Code   RO         4945    i.LCD_SetColor      GUI_CM4F_L.lib(lcd.o)
    0x08005718   0x00000018   Code   RO         4946    i.LCD_SetColorIndex  GUI_CM4F_L.lib(lcd.o)
    0x08005730   0x0000002c   Code   RO         5102    i.LCD_SetDevFunc    GUI_CM4F_L.lib(lcd_set.o)
    0x0800575c   0x0000000c   Code   RO         5036    i.LCD_SetDisplaySize  GUI_CM4F_L.lib(lcd_getex.o)
    0x08005768   0x0000000c   Code   RO         4947    i.LCD_SetDrawMode   GUI_CM4F_L.lib(lcd.o)
    0x08005774   0x0000002c   Code   RO         5104    i.LCD_SetLUTEntryEx  GUI_CM4F_L.lib(lcd_set.o)
    0x080057a0   0x0000002c   Code   RO         5109    i.LCD_SetSizeEx     GUI_CM4F_L.lib(lcd_set.o)
    0x080057cc   0x00000028   Code   RO         5111    i.LCD_SetVRAMAddrEx  GUI_CM4F_L.lib(lcd_set.o)
    0x080057f4   0x0000002c   Code   RO         5113    i.LCD_SetVSizeEx    GUI_CM4F_L.lib(lcd_set.o)
    0x08005820   0x00000024   Code   RO         6340    i.LCD_UpdateColorIndices  GUI_CM4F_L.lib(lcd_updatecolorindices.o)
    0x08005844   0x0000015c   Code   RO         3417    i.LCD_X_Config      lcdconf.o
    0x080059a0   0x00000100   Code   RO         3418    i.LCD_X_DisplayDriver  lcdconf.o
    0x08005aa0   0x00000024   Code   RO          730    i.LCD_X_DisplayOff  lcd_x.o
    0x08005ac4   0x00000020   Code   RO          731    i.LCD_X_DisplayOn   lcd_x.o
    0x08005ae4   0x0000012c   Code   RO          732    i.LCD_X_Init        lcd_x.o
    0x08005c10   0x00000010   Code   RO         3419    i.LTDC_IRQHandler   lcdconf.o
    0x08005c20   0x00000212   Code   RO         2069    i.LTDC_SetConfig    stm32f7xx_hal_ltdc.o
    0x08005e32   0x00000002   PAD
    0x08005e34   0x000000c8   Code   RO            6    i.MainTask          main.o
    0x08005efc   0x00000010   Code   RO         1040    i.NVIC_GetPriorityGrouping  stm32f7xx_hal_cortex.o
    0x08005f0c   0x00000028   Code   RO         1041    i.NVIC_SetPriority  stm32f7xx_hal_cortex.o
    0x08005f34   0x0000009c   Code   RO            7    i.SCB_EnableDCache  main.o
    0x08005fd0   0x0000007c   Code   RO            8    i.SCB_EnableICache  main.o
    0x0800604c   0x00000056   Code   RO            9    i.SystemClock_Config  main.o
    0x080060a2   0x00000002   PAD
    0x080060a4   0x00000064   Code   RO         3262    i.SystemInit        system_stm32f7xx.o
    0x08006108   0x0000000c   Code   RO          370    i.TS_IO_Delay       stm32746g_discovery.o
    0x08006114   0x00000010   Code   RO          371    i.TS_IO_Init        stm32746g_discovery.o
    0x08006124   0x00000028   Code   RO          372    i.TS_IO_Read        stm32746g_discovery.o
    0x0800614c   0x00000024   Code   RO          373    i.TS_IO_Write       stm32746g_discovery.o
    0x08006170   0x0000003c   Code   RO          766    i.Touch_GetState    touch_746g_discovery.o
    0x080061ac   0x0000001c   Code   RO          767    i.Touch_Initialize  touch_746g_discovery.o
    0x080061c8   0x00000010   Code   RO         6037    i.WM_Activate       GUI_CM4F_L.lib(wm.o)
    0x080061d8   0x00000088   Code   RO         6447    i.WM_BringToBottom  GUI_CM4F_L.lib(wm_bringtobottom.o)
    0x08006260   0x00000150   Code   RO         6039    i.WM_CreateWindowAsChild  GUI_CM4F_L.lib(wm.o)
    0x080063b0   0x00000046   Code   RO         6041    i.WM_DefaultProc    GUI_CM4F_L.lib(wm.o)
    0x080063f6   0x00000002   PAD
    0x080063f8   0x00000018   Code   RO         6161    i.WM_GetDesktopWindow  GUI_CM4F_L.lib(wm_getdesktopwindow.o)
    0x08006410   0x0000001a   Code   RO         6477    i.WM_GetFirstChild  GUI_CM4F_L.lib(wm_getfirstchild.o)
    0x0800642a   0x0000001a   Code   RO         7005    i.WM_GetParent      GUI_CM4F_L.lib(wm_getparent.o)
    0x08006444   0x000000d4   Code   RO         6047    i.WM_Init           GUI_CM4F_L.lib(wm.o)
    0x08006518   0x00000080   Code   RO         6048    i.WM_InvalidateRect  GUI_CM4F_L.lib(wm.o)
    0x08006598   0x00000006   Code   RO         6049    i.WM_InvalidateWindow  GUI_CM4F_L.lib(wm.o)
    0x0800659e   0x0000005e   Code   RO         6050    i.WM_InvalidateWindowAndDescsEx  GUI_CM4F_L.lib(wm.o)
    0x080065fc   0x00000044   Code   RO         6051    i.WM_SelectWindow   GUI_CM4F_L.lib(wm.o)
    0x08006640   0x00000026   Code   RO         6501    i.WM_SendToParent   GUI_CM4F_L.lib(wm_sendtoparent.o)
    0x08006666   0x00000002   PAD
    0x08006668   0x00000048   Code   RO         6054    i.WM__ActivateClipRect  GUI_CM4F_L.lib(wm.o)
    0x080066b0   0x00000010   Code   RO         6455    i.WM__AddCriticalHandle  GUI_CM4F_L.lib(wm_criticalhandle.o)
    0x080066c0   0x00000010   Code   RO         6055    i.WM__Client2Screen  GUI_CM4F_L.lib(wm.o)
    0x080066d0   0x0000004e   Code   RO         6056    i.WM__ClipAtParentBorders  GUI_CM4F_L.lib(wm.o)
    0x0800671e   0x00000020   Code   RO         6467    i.WM__GetClientRectEx  GUI_CM4F_L.lib(wm_getclientrect.o)
    0x0800673e   0x00000018   Code   RO         6059    i.WM__GetClientRectWin  GUI_CM4F_L.lib(wm.o)
    0x08006756   0x00000012   Code   RO         7199    i.WM__GetFirstSibling  GUI_CM4F_L.lib(wm__getfirstsibling.o)
    0x08006768   0x00000040   Code   RO         6060    i.WM__GetNextIVR    GUI_CM4F_L.lib(wm.o)
    0x080067a8   0x00000024   Code   RO         6949    i.WM__GetPrevSibling  GUI_CM4F_L.lib(wm__getprevsibling.o)
    0x080067cc   0x00000018   Code   RO         6061    i.WM__GetTopLevelLayer  GUI_CM4F_L.lib(wm.o)
    0x080067e4   0x000000f0   Code   RO         6062    i.WM__InitIVRSearch  GUI_CM4F_L.lib(wm.o)
    0x080068d4   0x000000a4   Code   RO         6063    i.WM__InsertWindowIntoList  GUI_CM4F_L.lib(wm.o)
    0x08006978   0x00000006   Code   RO         6064    i.WM__Invalidate1Abs  GUI_CM4F_L.lib(wm.o)
    0x0800697e   0x00000002   PAD
    0x08006980   0x00000054   Code   RO         6065    i.WM__InvalidateDrawAndDescs  GUI_CM4F_L.lib(wm.o)
    0x080069d4   0x00000076   Code   RO         6067    i.WM__InvalidateRect  GUI_CM4F_L.lib(wm.o)
    0x08006a4a   0x00000006   Code   RO         6068    i.WM__InvalidateRectEx  GUI_CM4F_L.lib(wm.o)
    0x08006a50   0x00000020   Code   RO         6073    i.WM__RectIsNZ      GUI_CM4F_L.lib(wm.o)
    0x08006a70   0x00000014   Code   RO         6075    i.WM__SelectTopLevelLayer  GUI_CM4F_L.lib(wm.o)
    0x08006a84   0x0000003c   Code   RO         6438    i.WM__SendMessage   GUI_CM4F_L.lib(wm__sendmessage.o)
    0x08006ac0   0x0000000e   Code   RO         6076    i.WM__SendMsgNoData  GUI_CM4F_L.lib(wm.o)
    0x08006ace   0x00000002   PAD
    0x08006ad0   0x00000090   Code   RO         4650    i._AddFreeMemory    GUI_CM4F_L.lib(gui_alloc.o)
    0x08006b60   0x000000b8   Code   RO         4651    i._Alloc            GUI_CM4F_L.lib(gui_alloc.o)
    0x08006c18   0x00000004   Code   RO         5851    i._CalcSizeOfChar   GUI_CM4F_L.lib(gui_uc_encodenone.o)
    0x08006c1c   0x0000004c   Code   RO         4898    i._Color2IndexBulk  GUI_CM4F_L.lib(guicc_m565.o)
    0x08006c68   0x00000034   Code   RO         4917    i._Color2IndexBulk  GUI_CM4F_L.lib(guicc_m888.o)
    0x08006c9c   0x00000044   Code   RO         4475    i._Color2IndexBulk_1616I  GUI_CM4F_L.lib(guicc_1616i.o)
    0x08006ce0   0x00000038   Code   RO         4506    i._Color2IndexBulk_88666I  GUI_CM4F_L.lib(guicc_88666i.o)
    0x08006d18   0x00000054   Code   RO         4524    i._Color2IndexBulk_M1555I  GUI_CM4F_L.lib(guicc_m1555i.o)
    0x08006d6c   0x0000001c   Code   RO         3420    i._Color2IndexBulk_M1555I_DMA2D  lcdconf.o
    0x08006d88   0x00000060   Code   RO         4544    i._Color2IndexBulk_M4444I  GUI_CM4F_L.lib(guicc_m4444i.o)
    0x08006de8   0x0000001c   Code   RO         3421    i._Color2IndexBulk_M4444I_DMA2D  lcdconf.o
    0x08006e04   0x00000044   Code   RO         4564    i._Color2IndexBulk_M8888I  GUI_CM4F_L.lib(guicc_m8888i.o)
    0x08006e48   0x0000001c   Code   RO         3422    i._Color2IndexBulk_M8888I_DMA2D  lcdconf.o
    0x08006e64   0x0000001c   Code   RO         3423    i._Color2IndexBulk_M888_DMA2D  lcdconf.o
    0x08006e80   0x00000054   Code   RO         5869    i._Color2Index_0    GUI_CM4F_L.lib(guicc_0.o)
    0x08006ed4   0x00000072   Code   RO         5674    i._Color2Index_16   GUI_CM4F_L.lib(guicc_16.o)
    0x08006f46   0x00000002   PAD
    0x08006f48   0x00000028   Code   RO         4476    i._Color2Index_1616I  GUI_CM4F_L.lib(guicc_1616i.o)
    0x08006f70   0x00000020   Code   RO         4507    i._Color2Index_88666I  GUI_CM4F_L.lib(guicc_88666i.o)
    0x08006f90   0x00000030   Code   RO         4525    i._Color2Index_M1555I  GUI_CM4F_L.lib(guicc_m1555i.o)
    0x08006fc0   0x0000003a   Code   RO         4545    i._Color2Index_M4444I  GUI_CM4F_L.lib(guicc_m4444i.o)
    0x08006ffa   0x00000002   PAD
    0x08006ffc   0x0000002c   Code   RO         4899    i._Color2Index_M565  GUI_CM4F_L.lib(guicc_m565.o)
    0x08007028   0x00000014   Code   RO         4918    i._Color2Index_M888  GUI_CM4F_L.lib(guicc_m888.o)
    0x0800703c   0x0000001e   Code   RO         4565    i._Color2Index_M8888I  GUI_CM4F_L.lib(guicc_m8888i.o)
    0x0800705a   0x00000050   Code   RO         5148    i._CopyBuffer       GUI_CM4F_L.lib(guidrv_lin_24.o)
    0x080070aa   0x00000002   PAD
    0x080070ac   0x00000054   Code   RO         3424    i._DMA_AlphaBlending  lcdconf.o
    0x08007100   0x00000040   Code   RO         3425    i._DMA_AlphaBlendingBulk  lcdconf.o
    0x08007140   0x00000034   Code   RO         3426    i._DMA_Color2IndexBulk  lcdconf.o
    0x08007174   0x00000040   Code   RO         3427    i._DMA_ConvertColor  lcdconf.o
    0x080071b4   0x0000004c   Code   RO         3428    i._DMA_Copy         lcdconf.o
    0x08007200   0x00000044   Code   RO         3429    i._DMA_DrawBitmapL8  lcdconf.o
    0x08007244   0x00000024   Code   RO         3430    i._DMA_ExecOperation  lcdconf.o
    0x08007268   0x00000048   Code   RO         3431    i._DMA_Fill         lcdconf.o
    0x080072b0   0x00000034   Code   RO         3432    i._DMA_Index2ColorBulk  lcdconf.o
    0x080072e4   0x00000024   Code   RO         3433    i._DMA_LoadLUT      lcdconf.o
    0x08007308   0x0000009c   Code   RO         3434    i._DMA_MixColors    lcdconf.o
    0x080073a4   0x00000054   Code   RO         3435    i._DMA_MixColorsBulk  lcdconf.o
    0x080073f8   0x00000020   Code   RO         6078    i._DesktopHandle2Index  GUI_CM4F_L.lib(wm.o)
    0x08007418   0x000000b0   Code   RO         4787    i._DoClipping       GUI_CM4F_L.lib(gui_drawbitmap_8888.o)
    0x080074c8   0x00000648   Code   RO         5149    i._DrawBitLine1BPP  GUI_CM4F_L.lib(guidrv_lin_24.o)
    0x08007b10   0x0000011c   Code   RO         5996    i._DrawBitLine1BPP  GUI_CM4F_L.lib(guidev_32.o)
    0x08007c2c   0x00000114   Code   RO         5150    i._DrawBitLine2BPP  GUI_CM4F_L.lib(guidrv_lin_24.o)
    0x08007d40   0x000000e0   Code   RO         5997    i._DrawBitLine2BPP  GUI_CM4F_L.lib(guidev_32.o)
    0x08007e20   0x00000152   Code   RO         5151    i._DrawBitLine32BPP  GUI_CM4F_L.lib(guidrv_lin_24.o)
    0x08007f72   0x00000002   PAD
    0x08007f74   0x000000a2   Code   RO         5998    i._DrawBitLine32BPP_DDB  GUI_CM4F_L.lib(guidev_32.o)
    0x08008016   0x00000002   PAD
    0x08008018   0x00000114   Code   RO         5152    i._DrawBitLine4BPP  GUI_CM4F_L.lib(guidrv_lin_24.o)
    0x0800812c   0x00000158   Code   RO         5999    i._DrawBitLine4BPP  GUI_CM4F_L.lib(guidev_32.o)
    0x08008284   0x0000009c   Code   RO         5153    i._DrawBitLine8BPP  GUI_CM4F_L.lib(guidrv_lin_24.o)
    0x08008320   0x00000446   Code   RO         4788    i._DrawBitmap       GUI_CM4F_L.lib(gui_drawbitmap_8888.o)
    0x08008766   0x00000002   PAD
    0x08008768   0x00000148   Code   RO         5154    i._DrawBitmap       GUI_CM4F_L.lib(guidrv_lin_24.o)
    0x080088b0   0x000002a4   Code   RO         6000    i._DrawBitmap       GUI_CM4F_L.lib(guidev_32.o)
    0x08008b54   0x00000098   Code   RO         4789    i._DrawBitmapHW     GUI_CM4F_L.lib(gui_drawbitmap_8888.o)
    0x08008bec   0x0000000c   Code   RO         4790    i._DrawBitmapHW_8888  GUI_CM4F_L.lib(gui_drawbitmap_8888.o)
    0x08008bf8   0x00000028   Code   RO         4791    i._DrawBitmap_8888  GUI_CM4F_L.lib(gui_drawbitmap_8888.o)
    0x08008c20   0x0000000a   Code   RO         5155    i._DrawHLine        GUI_CM4F_L.lib(guidrv_lin_24.o)
    0x08008c2a   0x0000000a   Code   RO         6001    i._DrawHLine        GUI_CM4F_L.lib(guidev_32.o)
    0x08008c34   0x0000000c   Code   RO         5156    i._DrawVLine        GUI_CM4F_L.lib(guidrv_lin_24.o)
    0x08008c40   0x000000ac   Code   RO         6002    i._DrawVLine        GUI_CM4F_L.lib(guidev_32.o)
    0x08008cec   0x00000006   Code   RO         5852    i._Encode           GUI_CM4F_L.lib(gui_uc_encodenone.o)
    0x08008cf2   0x00000002   PAD
    0x08008cf4   0x00000098   Code   RO         4652    i._EnlargeBlocks    GUI_CM4F_L.lib(gui_alloc.o)
    0x08008d8c   0x00000028   Code   RO         5157    i._FillRect         GUI_CM4F_L.lib(guidrv_lin_24.o)
    0x08008db4   0x000000a4   Code   RO         6003    i._FillRect         GUI_CM4F_L.lib(guidev_32.o)
    0x08008e58   0x00000338   Code   RO         5158    i._FillRectOpt24    GUI_CM4F_L.lib(guidrv_lin_24.o)
    0x08009190   0x00000148   Code   RO         6082    i._FindNext_IVR     GUI_CM4F_L.lib(wm.o)
    0x080092d8   0x0000007c   Code   RO         6083    i._Findx0           GUI_CM4F_L.lib(wm.o)
    0x08009354   0x00000072   Code   RO         6084    i._Findx1           GUI_CM4F_L.lib(wm.o)
    0x080093c6   0x000000a6   Code   RO         6085    i._Findy1           GUI_CM4F_L.lib(wm.o)
    0x0800946c   0x00000028   Code   RO         3436    i._GetBufferSize    lcdconf.o
    0x08009494   0x00000004   Code   RO         5853    i._GetCharCode      GUI_CM4F_L.lib(gui_uc_encodenone.o)
    0x08009498   0x00000004   Code   RO         5854    i._GetCharSize      GUI_CM4F_L.lib(gui_uc_encodenone.o)
    0x0800949c   0x00000010   Code   RO         5159    i._GetDevData       GUI_CM4F_L.lib(guidrv_lin_24.o)
    0x080094ac   0x00000010   Code   RO         6004    i._GetDevData       GUI_CM4F_L.lib(guidev_32.o)
    0x080094bc   0x000000d4   Code   RO         5160    i._GetDevFunc       GUI_CM4F_L.lib(guidrv_lin_24.o)
    0x08009590   0x00000010   Code   RO         6005    i._GetDevFunc       GUI_CM4F_L.lib(guidev_32.o)
    0x080095a0   0x0000001e   Code   RO         5039    i._GetDevProp       GUI_CM4F_L.lib(lcd_getex.o)
    0x080095be   0x0000003c   Code   RO         5161    i._GetDevProp       GUI_CM4F_L.lib(guidrv_lin_24.o)
    0x080095fa   0x0000000c   Code   RO         6006    i._GetDevProp       GUI_CM4F_L.lib(guidev_32.o)
    0x08009606   0x00000052   Code   RO         5870    i._GetIndexMask_0   GUI_CM4F_L.lib(guicc_0.o)
    0x08009658   0x00000004   Code   RO         5675    i._GetIndexMask_16  GUI_CM4F_L.lib(guicc_16.o)
    0x0800965c   0x00000004   Code   RO         4477    i._GetIndexMask_1616I  GUI_CM4F_L.lib(guicc_1616i.o)
    0x08009660   0x00000004   Code   RO         4494    i._GetIndexMask_8666  GUI_CM4F_L.lib(guicc_8666.o)
    0x08009664   0x00000006   Code   RO         4508    i._GetIndexMask_88666I  GUI_CM4F_L.lib(guicc_88666i.o)
    0x0800966a   0x00000006   Code   RO         4526    i._GetIndexMask_M1555I  GUI_CM4F_L.lib(guicc_m1555i.o)
    0x08009670   0x00000006   Code   RO         4546    i._GetIndexMask_M4444I  GUI_CM4F_L.lib(guicc_m4444i.o)
    0x08009676   0x00000006   Code   RO         4900    i._GetIndexMask_M565  GUI_CM4F_L.lib(guicc_m565.o)
    0x0800967c   0x00000006   Code   RO         4919    i._GetIndexMask_M888  GUI_CM4F_L.lib(guicc_m888.o)
    0x08009682   0x00000006   Code   RO         4566    i._GetIndexMask_M8888I  GUI_CM4F_L.lib(guicc_m8888i.o)
    0x08009688   0x0000001e   Code   RO         5040    i._GetMaxValue      GUI_CM4F_L.lib(lcd_getex.o)
    0x080096a6   0x00000002   PAD
    0x080096a8   0x0000001c   Code   RO         4653    i._GetMinIndex      GUI_CM4F_L.lib(gui_alloc.o)
    0x080096c4   0x00000058   Code   RO         5162    i._GetPixelIndex    GUI_CM4F_L.lib(guidrv_lin_24.o)
    0x0800971c   0x0000000e   Code   RO         6007    i._GetPixelIndex    GUI_CM4F_L.lib(guidev_32.o)
    0x0800972a   0x00000002   PAD
    0x0800972c   0x00000088   Code   RO         3437    i._GetPixelformat   lcdconf.o
    0x080097b4   0x0000001c   Code   RO         5163    i._GetPos           GUI_CM4F_L.lib(guidrv_lin_24.o)
    0x080097d0   0x00000016   Code   RO         5164    i._GetRect          GUI_CM4F_L.lib(guidrv_lin_24.o)
    0x080097e6   0x00000034   Code   RO         6008    i._GetRect          GUI_CM4F_L.lib(guidev_32.o)
    0x0800981a   0x00000002   PAD
    0x0800981c   0x0000003c   Code   RO         5832    i._GetTaskNo        GUI_CM4F_L.lib(gui_task.o)
    0x08009858   0x00000010   Code   RO         5778    i._GotoX            GUI_CM4F_L.lib(gui_goto.o)
    0x08009868   0x00000010   Code   RO         5779    i._GotoY            GUI_CM4F_L.lib(gui_goto.o)
    0x08009878   0x00000058   Code   RO         4901    i._Index2ColorBulk  GUI_CM4F_L.lib(guicc_m565.o)
    0x080098d0   0x00000034   Code   RO         4920    i._Index2ColorBulk  GUI_CM4F_L.lib(guicc_m888.o)
    0x08009904   0x0000004c   Code   RO         4478    i._Index2ColorBulk_1616I  GUI_CM4F_L.lib(guicc_1616i.o)
    0x08009950   0x00000044   Code   RO         4509    i._Index2ColorBulk_88666I  GUI_CM4F_L.lib(guicc_88666i.o)
    0x08009994   0x0000005c   Code   RO         4527    i._Index2ColorBulk_M1555I  GUI_CM4F_L.lib(guicc_m1555i.o)
    0x080099f0   0x0000001c   Code   RO         3438    i._Index2ColorBulk_M1555I_DMA2D  lcdconf.o
    0x08009a0c   0x0000005c   Code   RO         4547    i._Index2ColorBulk_M4444I  GUI_CM4F_L.lib(guicc_m4444i.o)
    0x08009a68   0x0000001c   Code   RO         3439    i._Index2ColorBulk_M4444I_DMA2D  lcdconf.o
    0x08009a84   0x00000044   Code   RO         4567    i._Index2ColorBulk_M8888I  GUI_CM4F_L.lib(guicc_m8888i.o)
    0x08009ac8   0x0000001c   Code   RO         3440    i._Index2ColorBulk_M8888I_DMA2D  lcdconf.o
    0x08009ae4   0x0000001c   Code   RO         3441    i._Index2ColorBulk_M888_DMA2D  lcdconf.o
    0x08009b00   0x00000020   Code   RO         5871    i._Index2Color_0    GUI_CM4F_L.lib(guicc_0.o)
    0x08009b20   0x00000036   Code   RO         5676    i._Index2Color_16   GUI_CM4F_L.lib(guicc_16.o)
    0x08009b56   0x00000002   PAD
    0x08009b58   0x00000028   Code   RO         4479    i._Index2Color_1616I  GUI_CM4F_L.lib(guicc_1616i.o)
    0x08009b80   0x00000020   Code   RO         4510    i._Index2Color_88666I  GUI_CM4F_L.lib(guicc_88666i.o)
    0x08009ba0   0x00000030   Code   RO         4528    i._Index2Color_M1555I  GUI_CM4F_L.lib(guicc_m1555i.o)
    0x08009bd0   0x00000030   Code   RO         4548    i._Index2Color_M4444I  GUI_CM4F_L.lib(guicc_m4444i.o)
    0x08009c00   0x00000018   Code   RO         5165    i._Init             GUI_CM4F_L.lib(guidrv_lin_24.o)
    0x08009c18   0x00000070   Code   RO         4715    i._InitContext      GUI_CM4F_L.lib(gui_core.o)
    0x08009c88   0x00000094   Code   RO         4654    i._InitOnce         GUI_CM4F_L.lib(gui_alloc.o)
    0x08009d1c   0x00000024   Code   RO         5166    i._InitOnce         GUI_CM4F_L.lib(guidrv_lin_24.o)
    0x08009d40   0x00000080   Code   RO         6086    i._Invalidate1Abs   GUI_CM4F_L.lib(wm.o)
    0x08009dc0   0x00000014   Code   RO         3442    i._InvertAlpha      lcdconf.o
    0x08009dd4   0x0000002c   Code   RO         3443    i._InvertAlpha_SwapRB  lcdconf.o
    0x08009e00   0x00000060   Code   RO         3444    i._LCD_CopyBuffer   lcdconf.o
    0x08009e60   0x0000009c   Code   RO         3445    i._LCD_CopyRect     lcdconf.o
    0x08009efc   0x0000001c   Code   RO         3446    i._LCD_DisplayOff   lcdconf.o
    0x08009f18   0x0000001c   Code   RO         3447    i._LCD_DisplayOn    lcdconf.o
    0x08009f34   0x00000084   Code   RO         3448    i._LCD_DrawBitmap16bpp  lcdconf.o
    0x08009fb8   0x00000084   Code   RO         3449    i._LCD_DrawBitmap8bpp  lcdconf.o
    0x0800a03c   0x000000a8   Code   RO         3450    i._LCD_FillRect     lcdconf.o
    0x0800a0e4   0x00000070   Code   RO         3451    i._LCD_GetpPalConvTable  lcdconf.o
    0x0800a154   0x000001cc   Code   RO         3452    i._LCD_InitController  lcdconf.o
    0x0800a320   0x00000084   Code   RO         3453    i._LCD_MixColorsBulk  lcdconf.o
    0x0800a3a4   0x0000002c   Code   RO         3454    i._LCD_SetChroma    lcdconf.o
    0x0800a3d0   0x00000020   Code   RO         3455    i._LCD_SetChromaMode  lcdconf.o
    0x0800a3f0   0x00000034   Code   RO         3456    i._LCD_SetLUTEntry  lcdconf.o
    0x0800a424   0x00000018   Code   RO         3457    i._LCD_SetLayerAlpha  lcdconf.o
    0x0800a43c   0x0000001c   Code   RO         3458    i._LCD_SetLayerPos  lcdconf.o
    0x0800a458   0x0000001c   Code   RO         3459    i._LCD_SetLayerSize  lcdconf.o
    0x0800a474   0x00000044   Code   RO         3460    i._LCD_SetOrg       lcdconf.o
    0x0800a4b8   0x0000004c   Code   RO         3461    i._LCD_SetVis       lcdconf.o
    0x0800a504   0x0000000a   Code   RO         5167    i._Off              GUI_CM4F_L.lib(guidrv_lin_24.o)
    0x0800a50e   0x0000000a   Code   RO         5168    i._On               GUI_CM4F_L.lib(guidrv_lin_24.o)
    0x0800a518   0x00000028   Code   RO         4591    i._OnExit           GUI_CM4F_L.lib(gui__alpha.o)
    0x0800a540   0x0000002c   Code   RO         4716    i._OnExit           GUI_CM4F_L.lib(gui_core.o)
    0x0800a56c   0x00000014   Code   RO         4984    i._OnExit           GUI_CM4F_L.lib(lcd_color.o)
    0x0800a580   0x00000014   Code   RO         5833    i._OnExit           GUI_CM4F_L.lib(gui_task.o)
    0x0800a594   0x00000084   Code   RO         6087    i._OnExit           GUI_CM4F_L.lib(wm.o)
    0x0800a618   0x00000040   Code   RO         4655    i._PopFreeBlock     GUI_CM4F_L.lib(gui_alloc.o)
    0x0800a658   0x00000028   Code   RO         4656    i._PushFreeBlock    GUI_CM4F_L.lib(gui_alloc.o)
    0x0800a680   0x00000034   Code   RO         4657    i._RemoveFreeBlock  GUI_CM4F_L.lib(gui_alloc.o)
    0x0800a6b4   0x000000a0   Code   RO         4658    i._RemoveHoles      GUI_CM4F_L.lib(gui_alloc.o)
    0x0800a754   0x00000026   Code   RO         5169    i._SetAlpha         GUI_CM4F_L.lib(guidrv_lin_24.o)
    0x0800a77a   0x00000010   Code   RO         5170    i._SetAlphaMode     GUI_CM4F_L.lib(guidrv_lin_24.o)
    0x0800a78a   0x00000002   PAD
    0x0800a78c   0x00000020   Code   RO         4949    i._SetBkColor       GUI_CM4F_L.lib(lcd.o)
    0x0800a7ac   0x00000012   Code   RO         5171    i._SetChroma        GUI_CM4F_L.lib(guidrv_lin_24.o)
    0x0800a7be   0x00000010   Code   RO         5172    i._SetChromaMode    GUI_CM4F_L.lib(guidrv_lin_24.o)
    0x0800a7ce   0x00000002   PAD
    0x0800a7d0   0x0000004c   Code   RO         6091    i._SetClipRectUserIntersect  GUI_CM4F_L.lib(wm.o)
    0x0800a81c   0x00000020   Code   RO         4950    i._SetColor         GUI_CM4F_L.lib(lcd.o)
    0x0800a83c   0x00000044   Code   RO         5173    i._SetDevFunc       GUI_CM4F_L.lib(guidrv_lin_24.o)
    0x0800a880   0x0000002c   Code   RO         4951    i._SetDrawMode      GUI_CM4F_L.lib(lcd.o)
    0x0800a8ac   0x000000a4   Code   RO         5174    i._SetOrg           GUI_CM4F_L.lib(guidrv_lin_24.o)
    0x0800a950   0x00000008   Code   RO         6009    i._SetOrg           GUI_CM4F_L.lib(guidev_32.o)
    0x0800a958   0x00000044   Code   RO         4793    i._SetPixelAlpha    GUI_CM4F_L.lib(gui_drawbitmap_8888.o)
    0x0800a99c   0x00000082   Code   RO         5175    i._SetPixelIndex    GUI_CM4F_L.lib(guidrv_lin_24.o)
    0x0800aa1e   0x00000002   PAD
    0x0800aa20   0x00000048   Code   RO         6010    i._SetPixelIndex    GUI_CM4F_L.lib(guidev_32.o)
    0x0800aa68   0x000000f6   Code   RO         5176    i._SetPos           GUI_CM4F_L.lib(guidrv_lin_24.o)
    0x0800ab5e   0x00000044   Code   RO         5177    i._SetSize          GUI_CM4F_L.lib(guidrv_lin_24.o)
    0x0800aba2   0x00000028   Code   RO         5178    i._SetVRAMAddr      GUI_CM4F_L.lib(guidrv_lin_24.o)
    0x0800abca   0x0000002a   Code   RO         5179    i._SetVSize         GUI_CM4F_L.lib(guidrv_lin_24.o)
    0x0800abf4   0x00000026   Code   RO         5180    i._SetVis           GUI_CM4F_L.lib(guidrv_lin_24.o)
    0x0800ac1a   0x00000024   Code   RO         5181    i._ShowBuffer       GUI_CM4F_L.lib(guidrv_lin_24.o)
    0x0800ac3e   0x00000002   PAD
    0x0800ac40   0x000000ea   Code   RO         4659    i._TestRAM          GUI_CM4F_L.lib(gui_alloc.o)
    0x0800ad2a   0x0000000e   Code   RO         4660    i._WriteTagData     GUI_CM4F_L.lib(gui_alloc.o)
    0x0800ad38   0x00000180   Code   RO         6429    i._WriteToActiveAlpha  GUI_CM4F_L.lib(guidev_writetoactivealpha.o)
    0x0800aeb8   0x0000003c   Code   RO         6011    i._XY2PTR           GUI_CM4F_L.lib(guidev_32.o)
    0x0800aef4   0x00000028   Code   RO         5182    i._XorPixel         GUI_CM4F_L.lib(guidrv_lin_24.o)
    0x0800af1c   0x00000058   Code   RO         6012    i._XorPixel         GUI_CM4F_L.lib(guidev_32.o)
    0x0800af74   0x00000050   Code   RO         6092    i._cbBackWin        GUI_CM4F_L.lib(wm.o)
    0x0800afc4   0x00000046   Code   RO         5558    i._init_box         RTX_CM4.lib(rt_membox.o)
    0x0800b00a   0x00000002   PAD
    0x0800b00c   0x00000020   Code   RO          801    i._mutex_acquire    rtx_conf_cm.o
    0x0800b02c   0x0000001c   Code   RO          803    i._mutex_release    rtx_conf_cm.o
    0x0800b048   0x00000030   Code   RO         5611    i.dbg_init          RTX_CM4.lib(hal_cm.o)
    0x0800b078   0x00000020   Code   RO         5612    i.dbg_task_notify   RTX_CM4.lib(hal_cm.o)
    0x0800b098   0x00000010   Code   RO         5613    i.dbg_task_switch   RTX_CM4.lib(hal_cm.o)
    0x0800b0a8   0x0000000c   Code   RO          235    i.ft5336_Get_I2C_InitializedStatus  ft5336.o
    0x0800b0b4   0x00000018   Code   RO          236    i.ft5336_I2C_InitializeIfRequired  ft5336.o
    0x0800b0cc   0x00000010   Code   RO          237    i.ft5336_Init       ft5336.o
    0x0800b0dc   0x0000003a   Code   RO          238    i.ft5336_ReadID     ft5336.o
    0x0800b116   0x00000002   Code   RO          239    i.ft5336_Reset      ft5336.o
    0x0800b118   0x00000002   Code   RO          240    i.ft5336_TS_ClearIT  ft5336.o
    0x0800b11a   0x00000006   Code   RO          241    i.ft5336_TS_Configure  ft5336.o
    0x0800b120   0x00000040   Code   RO          242    i.ft5336_TS_DetectTouch  ft5336.o
    0x0800b160   0x00000014   Code   RO          243    i.ft5336_TS_DisableIT  ft5336.o
    0x0800b174   0x00000014   Code   RO          244    i.ft5336_TS_EnableIT  ft5336.o
    0x0800b188   0x0000001c   Code   RO          245    i.ft5336_TS_GetGestureID  ft5336.o
    0x0800b1a4   0x00000108   Code   RO          246    i.ft5336_TS_GetTouchInfo  ft5336.o
    0x0800b2ac   0x00000164   Code   RO          247    i.ft5336_TS_GetXY   ft5336.o
    0x0800b410   0x00000006   Code   RO          248    i.ft5336_TS_ITStatus  ft5336.o
    0x0800b416   0x00000016   Code   RO          249    i.ft5336_TS_Start   ft5336.o
    0x0800b42c   0x00000036   Code   RO           10    i.initBird          main.o
    0x0800b462   0x00000034   Code   RO           11    i.initPipes         main.o
    0x0800b496   0x0000002a   Code   RO         3705    i.isrMessageGet     RTX_CM4.lib(rt_cmsis.o)
    0x0800b4c0   0x0000002c   Code   RO         3706    i.isrMessagePut     RTX_CM4.lib(rt_cmsis.o)
    0x0800b4ec   0x00000056   Code   RO         5446    i.isr_mbx_receive   RTX_CM4.lib(rt_mailbox.o)
    0x0800b542   0x0000000e   Code   RO         5447    i.isr_mbx_send      RTX_CM4.lib(rt_mailbox.o)
    0x0800b550   0x00000004   Code   RO           12    i.main              main.o
    0x0800b554   0x00000018   Code   RO         3709    i.osDelay           RTX_CM4.lib(rt_cmsis.o)
    0x0800b56c   0x00000024   Code   RO         3710    i.osKernelInitialize  RTX_CM4.lib(rt_cmsis.o)
    0x0800b590   0x0000006c   Code   RO         3712    i.osKernelStart     RTX_CM4.lib(rt_cmsis.o)
    0x0800b5fc   0x00000018   Code   RO         3721    i.osMessageGet      RTX_CM4.lib(rt_cmsis.o)
    0x0800b614   0x0000002c   Code   RO         3723    i.osMutexCreate     RTX_CM4.lib(rt_cmsis.o)
    0x0800b640   0x00000018   Code   RO         3725    i.osMutexRelease    RTX_CM4.lib(rt_cmsis.o)
    0x0800b658   0x00000018   Code   RO         3726    i.osMutexWait       RTX_CM4.lib(rt_cmsis.o)
    0x0800b670   0x0000002c   Code   RO         3738    i.osThreadCreate    RTX_CM4.lib(rt_cmsis.o)
    0x0800b69c   0x00000018   Code   RO         3739    i.osThreadExit      RTX_CM4.lib(rt_cmsis.o)
    0x0800b6b4   0x00000018   Code   RO         3740    i.osThreadGetId     RTX_CM4.lib(rt_cmsis.o)
    0x0800b6cc   0x0000000c   Code   RO         3745    i.osTimerCall       RTX_CM4.lib(rt_cmsis.o)
    0x0800b6d8   0x0000002c   Code   RO         3746    i.osTimerCreate     RTX_CM4.lib(rt_cmsis.o)
    0x0800b704   0x00000018   Code   RO         3748    i.osTimerStart      RTX_CM4.lib(rt_cmsis.o)
    0x0800b71c   0x0000002c   Code   RO         3750    i.osTimerThread     RTX_CM4.lib(rt_cmsis.o)
    0x0800b748   0x00000022   Code   RO          804    i.os_error          rtx_conf_cm.o
    0x0800b76a   0x00000004   Code   RO          805    i.os_idle_demon     rtx_conf_cm.o
    0x0800b76e   0x00000002   PAD
    0x0800b770   0x00000028   Code   RO         5238    i.os_tick_init      RTX_CM4.lib(rt_system.o)
    0x0800b798   0x00000002   Code   RO         5239    i.os_tick_irqack    RTX_CM4.lib(rt_system.o)
    0x0800b79a   0x0000001a   Code   RO         5559    i.rt_alloc_box      RTX_CM4.lib(rt_membox.o)
    0x0800b7b4   0x0000003e   Code   RO         5587    i.rt_alloc_mem      RTX_CM4.lib(rt_memory.o)
    0x0800b7f2   0x00000002   PAD
    0x0800b7f4   0x00000038   Code   RO         4324    i.rt_block          RTX_CM4.lib(rt_task.o)
    0x0800b82c   0x00000048   Code   RO         5536    i.rt_chk_robin      RTX_CM4.lib(rt_robin.o)
    0x0800b874   0x00000070   Code   RO         5370    i.rt_dec_dly        RTX_CM4.lib(rt_list.o)
    0x0800b8e4   0x00000044   Code   RO         4325    i.rt_dispatch       RTX_CM4.lib(rt_task.o)
    0x0800b928   0x00000006   Code   RO         4408    i.rt_dly_wait       RTX_CM4.lib(rt_time.o)
    0x0800b92e   0x00000002   PAD
    0x0800b930   0x00000050   Code   RO         5331    i.rt_evt_psh        RTX_CM4.lib(rt_event.o)
    0x0800b980   0x0000002c   Code   RO         5560    i.rt_free_box       RTX_CM4.lib(rt_membox.o)
    0x0800b9ac   0x00000028   Code   RO         5588    i.rt_free_mem       RTX_CM4.lib(rt_memory.o)
    0x0800b9d4   0x00000028   Code   RO         5371    i.rt_get_first      RTX_CM4.lib(rt_list.o)
    0x0800b9fc   0x00000008   Code   RO         3755    i.rt_id2obj         RTX_CM4.lib(rt_cmsis.o)
    0x0800ba04   0x00000048   Code   RO         4326    i.rt_init_context   RTX_CM4.lib(rt_task.o)
    0x0800ba4c   0x0000001a   Code   RO         5589    i.rt_init_mem       RTX_CM4.lib(rt_memory.o)
    0x0800ba66   0x00000002   PAD
    0x0800ba68   0x00000018   Code   RO         5537    i.rt_init_robin     RTX_CM4.lib(rt_robin.o)
    0x0800ba80   0x00000080   Code   RO         5614    i.rt_init_stack     RTX_CM4.lib(hal_cm.o)
    0x0800bb00   0x00000008   Code   RO         5448    i.rt_mbx_check      RTX_CM4.lib(rt_mailbox.o)
    0x0800bb08   0x0000001a   Code   RO         5449    i.rt_mbx_init       RTX_CM4.lib(rt_mailbox.o)
    0x0800bb22   0x00000002   PAD
    0x0800bb24   0x000000f0   Code   RO         5450    i.rt_mbx_psh        RTX_CM4.lib(rt_mailbox.o)
    0x0800bc14   0x000000b4   Code   RO         5452    i.rt_mbx_wait       RTX_CM4.lib(rt_mailbox.o)
    0x0800bcc8   0x00000044   Code   RO         3756    i.rt_ms2tick        RTX_CM4.lib(rt_cmsis.o)
    0x0800bd0c   0x00000010   Code   RO         4442    i.rt_mut_init       RTX_CM4.lib(rt_mutex.o)
    0x0800bd1c   0x000000d8   Code   RO         4443    i.rt_mut_release    RTX_CM4.lib(rt_mutex.o)
    0x0800bdf4   0x00000078   Code   RO         4444    i.rt_mut_wait       RTX_CM4.lib(rt_mutex.o)
    0x0800be6c   0x0000007c   Code   RO         5242    i.rt_pop_req        RTX_CM4.lib(rt_system.o)
    0x0800bee8   0x00000020   Code   RO         5243    i.rt_psh_req        RTX_CM4.lib(rt_system.o)
    0x0800bf08   0x0000005c   Code   RO         5373    i.rt_psq_enq        RTX_CM4.lib(rt_list.o)
    0x0800bf64   0x00000048   Code   RO         5374    i.rt_put_dly        RTX_CM4.lib(rt_list.o)
    0x0800bfac   0x00000036   Code   RO         5375    i.rt_put_prio       RTX_CM4.lib(rt_list.o)
    0x0800bfe2   0x00000002   PAD
    0x0800bfe4   0x00000014   Code   RO         5376    i.rt_put_rdy_first  RTX_CM4.lib(rt_list.o)
    0x0800bff8   0x00000034   Code   RO         5377    i.rt_resort_prio    RTX_CM4.lib(rt_list.o)
    0x0800c02c   0x00000010   Code   RO         5615    i.rt_ret_regs       RTX_CM4.lib(hal_cm.o)
    0x0800c03c   0x0000000c   Code   RO         5616    i.rt_ret_val        RTX_CM4.lib(hal_cm.o)
    0x0800c048   0x00000010   Code   RO         5617    i.rt_ret_val2       RTX_CM4.lib(hal_cm.o)
    0x0800c058   0x00000028   Code   RO         5378    i.rt_rmv_dly        RTX_CM4.lib(rt_list.o)
    0x0800c080   0x00000030   Code   RO         5379    i.rt_rmv_list       RTX_CM4.lib(rt_list.o)
    0x0800c0b0   0x00000034   Code   RO         5497    i.rt_sem_psh        RTX_CM4.lib(rt_semaphore.o)
    0x0800c0e4   0x00000024   Code   RO         5245    i.rt_stk_check      RTX_CM4.lib(rt_system.o)
    0x0800c108   0x00000028   Code   RO         4327    i.rt_switch_req     RTX_CM4.lib(rt_task.o)
    0x0800c130   0x000000cc   Code   RO         4328    i.rt_sys_init       RTX_CM4.lib(rt_task.o)
    0x0800c1fc   0x00000078   Code   RO         4329    i.rt_sys_start      RTX_CM4.lib(rt_task.o)
    0x0800c274   0x00000040   Code   RO         5247    i.rt_systick        RTX_CM4.lib(rt_system.o)
    0x0800c2b4   0x00000012   Code   RO         3757    i.rt_tid2ptcb       RTX_CM4.lib(rt_cmsis.o)
    0x0800c2c6   0x00000002   PAD
    0x0800c2c8   0x00000034   Code   RO         3758    i.rt_timer_insert   RTX_CM4.lib(rt_cmsis.o)
    0x0800c2fc   0x0000003c   Code   RO         3759    i.rt_timer_remove   RTX_CM4.lib(rt_cmsis.o)
    0x0800c338   0x00000088   Code   RO         4330    i.rt_tsk_create     RTX_CM4.lib(rt_task.o)
    0x0800c3c0   0x0000017c   Code   RO         4331    i.rt_tsk_delete     RTX_CM4.lib(rt_task.o)
    0x0800c53c   0x0000007c   Code   RO         4333    i.rt_tsk_prio       RTX_CM4.lib(rt_task.o)
    0x0800c5b8   0x00000010   Code   RO         4334    i.rt_tsk_self       RTX_CM4.lib(rt_task.o)
    0x0800c5c8   0x00000012   Code   RO         3760    i.svcDelay          RTX_CM4.lib(rt_cmsis.o)
    0x0800c5da   0x00000002   PAD
    0x0800c5dc   0x00000070   Code   RO         3761    i.svcKernelInitialize  RTX_CM4.lib(rt_cmsis.o)
    0x0800c64c   0x00000048   Code   RO         3763    i.svcKernelStart    RTX_CM4.lib(rt_cmsis.o)
    0x0800c694   0x00000024   Code   RO         3766    i.svcMessageCreate  RTX_CM4.lib(rt_cmsis.o)
    0x0800c6b8   0x0000003a   Code   RO         3767    i.svcMessageGet     RTX_CM4.lib(rt_cmsis.o)
    0x0800c6f2   0x0000001c   Code   RO         3769    i.svcMutexCreate    RTX_CM4.lib(rt_cmsis.o)
    0x0800c70e   0x00000022   Code   RO         3771    i.svcMutexRelease   RTX_CM4.lib(rt_cmsis.o)
    0x0800c730   0x0000003a   Code   RO         3772    i.svcMutexWait      RTX_CM4.lib(rt_cmsis.o)
    0x0800c76a   0x00000002   PAD
    0x0800c76c   0x0000006c   Code   RO         3781    i.svcThreadCreate   RTX_CM4.lib(rt_cmsis.o)
    0x0800c7d8   0x0000001c   Code   RO         3782    i.svcThreadGetId    RTX_CM4.lib(rt_cmsis.o)
    0x0800c7f4   0x00000038   Code   RO         3785    i.svcThreadTerminate  RTX_CM4.lib(rt_cmsis.o)
    0x0800c82c   0x00000018   Code   RO         3787    i.svcTimerCall      RTX_CM4.lib(rt_cmsis.o)
    0x0800c844   0x00000038   Code   RO         3788    i.svcTimerCreate    RTX_CM4.lib(rt_cmsis.o)
    0x0800c87c   0x00000064   Code   RO         3790    i.svcTimerStart     RTX_CM4.lib(rt_cmsis.o)
    0x0800c8e0   0x0000005c   Code   RO         3796    i.sysTimerTick      RTX_CM4.lib(rt_cmsis.o)
    0x0800c93c   0x0000000e   Code   RO           13    i.up                main.o
    0x0800c94a   0x00000048   Code   RO           14    i.updateBird        main.o
    0x0800c992   0x0000000a   Code   RO           15    i.updatePipes       main.o
    0x0800c99c   0x0000000a   Code   RO         7382    x$fpl$fpinit        fz_wm.l(fpinit.o)
    0x0800c9a6   0x00000002   PAD
    0x0800c9a8   0x00000344   Data   RO          223    .constdata          bluebird.o
    0x0800ccec   0x00000068   Data   RO          807    .constdata          rtx_conf_cm.o
    0x0800cd54   0x00000008   Data   RO         1177    .constdata          stm32f7xx_hal_dma.o
    0x0800cd5c   0x00000018   Data   RO         3263    .constdata          system_stm32f7xx.o
    0x0800cd74   0x0000000c   Data   RO         3311    .constdata          gui_x_rte.o
    0x0800cd80   0x00000008   Data   RO         3465    .constdata          lcdconf.o
    0x0800cd88   0x00000018   Data   RO         4480    .constdata          GUI_CM4F_L.lib(guicc_1616i.o)
    0x0800cda0   0x00000018   Data   RO         4495    .constdata          GUI_CM4F_L.lib(guicc_8666.o)
    0x0800cdb8   0x00000018   Data   RO         4511    .constdata          GUI_CM4F_L.lib(guicc_88666i.o)
    0x0800cdd0   0x00000018   Data   RO         4529    .constdata          GUI_CM4F_L.lib(guicc_m1555i.o)
    0x0800cde8   0x00000018   Data   RO         4549    .constdata          GUI_CM4F_L.lib(guicc_m4444i.o)
    0x0800ce00   0x00000018   Data   RO         4568    .constdata          GUI_CM4F_L.lib(guicc_m8888i.o)
    0x0800ce18   0x00000008   Data   RO         4718    .constdata          GUI_CM4F_L.lib(gui_core.o)
    0x0800ce20   0x00000010   Data   RO         4795    .constdata          GUI_CM4F_L.lib(gui_drawbitmap_8888.o)
    0x0800ce30   0x00000018   Data   RO         4902    .constdata          GUI_CM4F_L.lib(guicc_m565.o)
    0x0800ce48   0x00000018   Data   RO         4921    .constdata          GUI_CM4F_L.lib(guicc_m888.o)
    0x0800ce60   0x0000000c   Data   RO         4952    .constdata          GUI_CM4F_L.lib(lcd.o)
    0x0800ce6c   0x00000034   Data   RO         5183    .constdata          GUI_CM4F_L.lib(guidrv_lin_24.o)
    0x0800cea0   0x00000518   Data   RO         5225    .constdata          GUI_CM4F_L.lib(f6x8.o)
    0x0800d3b8   0x000001c0   Data   RO         5226    .constdata          GUI_CM4F_L.lib(f6x8.o)
    0x0800d578   0x00000008   Data   RO         5227    .constdata          GUI_CM4F_L.lib(f6x8.o)
    0x0800d580   0x00000014   Data   RO         5228    .constdata          GUI_CM4F_L.lib(f6x8.o)
    0x0800d594   0x00000024   Data   RO         5229    .constdata          GUI_CM4F_L.lib(f6x8.o)
    0x0800d5b8   0x00000018   Data   RO         5677    .constdata          GUI_CM4F_L.lib(guicc_16.o)
    0x0800d5d0   0x00000010   Data   RO         5687    .constdata          GUI_CM4F_L.lib(gui__divtbl_15_255.o)
    0x0800d5e0   0x00000100   Data   RO         5694    .constdata          GUI_CM4F_L.lib(gui__divtbl_255_15.o)
    0x0800d6e0   0x00000100   Data   RO         5701    .constdata          GUI_CM4F_L.lib(gui__divtbl_255_31.o)
    0x0800d7e0   0x00000100   Data   RO         5708    .constdata          GUI_CM4F_L.lib(gui__divtbl_255_63.o)
    0x0800d8e0   0x00000020   Data   RO         5715    .constdata          GUI_CM4F_L.lib(gui__divtbl_31_255.o)
    0x0800d900   0x00000040   Data   RO         5722    .constdata          GUI_CM4F_L.lib(gui__divtbl_63_255.o)
    0x0800d940   0x00000010   Data   RO         5855    .constdata          GUI_CM4F_L.lib(gui_uc_encodenone.o)
    0x0800d950   0x00000018   Data   RO         5872    .constdata          GUI_CM4F_L.lib(guicc_0.o)
    0x0800d968   0x00000100   Data   RO         5973    .constdata          GUI_CM4F_L.lib(lcd_mirror.o)
    0x0800da68   0x00000074   Data   RO         6013    .constdata          GUI_CM4F_L.lib(guidev_32.o)
    0x0800dadc   0x00000020   Data   RO         7461    Region$$Table       anon$$obj.o


    Execution Region RW_IRAM1 (Base: 0x20010000, Size: 0x000121c8, Max: 0x00040000, ABSOLUTE, COMPRESSED[0x00000074])

    Base Addr    Size         Type   Attr      Idx    E Section Name        Object

    0x20010000   0x0000002e   Data   RW          250    .data               ft5336.o
    0x2001002e   0x00000002   Data   RW          579    .data               stm32746g_discovery_sdram.o
    0x20010030   0x0000000a   Data   RW          659    .data               stm32746g_discovery_ts.o
    0x2001003a   0x00000002   PAD
    0x2001003c   0x00000014   Data   RW          808    .data               rtx_conf_cm.o
    0x20010050   0x00000004   Data   RW         3264    .data               system_stm32f7xx.o
    0x20010054   0x00000010   Data   RW         3312    .data               gui_x_rte.o
    0x20010064   0x0000002c   Data   RW         3466    .data               lcdconf.o
    0x20010090   0x00000008   Data   RW         3799    .data               RTX_CM4.lib(rt_cmsis.o)
    0x20010098   0x00000008   Data   RW         4336    .data               RTX_CM4.lib(rt_task.o)
    0x200100a0   0x00000004   Data   RW         4412    .data               RTX_CM4.lib(rt_time.o)
    0x200100a4   0x00000008   Data   RW         4530    .data               GUI_CM4F_L.lib(guicc_m1555i.o)
    0x200100ac   0x00000008   Data   RW         4550    .data               GUI_CM4F_L.lib(guicc_m4444i.o)
    0x200100b4   0x00000008   Data   RW         4569    .data               GUI_CM4F_L.lib(guicc_m8888i.o)
    0x200100bc   0x00000030   Data   RW         4592    .data               GUI_CM4F_L.lib(gui__alpha.o)
    0x200100ec   0x00000034   Data   RW         4719    .data               GUI_CM4F_L.lib(gui_core.o)
    0x20010120   0x00000004   Data   RW         4724    .data               GUI_CM4F_L.lib(gui_core.o)
    0x20010124   0x00000001   Data   RW         4727    .data               GUI_CM4F_L.lib(gui_core.o)
    0x20010125   0x00000003   PAD
    0x20010128   0x00000004   Data   RW         4728    .data               GUI_CM4F_L.lib(gui_core.o)
    0x2001012c   0x00000002   Data   RW         4729    .data               GUI_CM4F_L.lib(gui_core.o)
    0x2001012e   0x00000002   Data   RW         4730    .data               GUI_CM4F_L.lib(gui_core.o)
    0x20010130   0x0000000c   Data   RW         4797    .data               GUI_CM4F_L.lib(gui_drawbitmap_8888.o)
    0x2001013c   0x00000030   Data   RW         4839    .data               GUI_CM4F_L.lib(gui_multibuf.o)
    0x2001016c   0x00000008   Data   RW         4903    .data               GUI_CM4F_L.lib(guicc_m565.o)
    0x20010174   0x00000008   Data   RW         4922    .data               GUI_CM4F_L.lib(guicc_m888.o)
    0x2001017c   0x00000004   Data   RW         4953    .data               GUI_CM4F_L.lib(lcd.o)
    0x20010180   0x00000010   Data   RW         4985    .data               GUI_CM4F_L.lib(lcd_color.o)
    0x20010190   0x00000008   Data   RW         5041    .data               GUI_CM4F_L.lib(lcd_getex.o)
    0x20010198   0x00000008   Data   RW         5250    .data               RTX_CM4.lib(rt_system.o)
    0x200101a0   0x00000008   Data   RW         5538    .data               RTX_CM4.lib(rt_robin.o)
    0x200101a8   0x00000001   Data   RW         5618    .data               RTX_CM4.lib(hal_cm.o)
    0x200101a9   0x00000003   PAD
    0x200101ac   0x0000001c   Data   RW         5834    .data               GUI_CM4F_L.lib(gui_task.o)
    0x200101c8   0x00000064   Data   RW         6096    .data               GUI_CM4F_L.lib(wm.o)
    0x2001022c   0x00000010   Data   RW         6250    .data               GUI_CM4F_L.lib(gui_onkey.o)
    0x2001023c   0x0000000c   Data   RW         6301    .data               GUI_CM4F_L.lib(gui_waitevent.o)
    0x20010248   0x00000004   Data   RW         6439    .data               GUI_CM4F_L.lib(wm__sendmessage.o)
    0x2001024c   0x00000098   Zero   RW          374    .bss                stm32746g_discovery.o
    0x200102e4   0x00000120   Zero   RW          578    .bss                stm32746g_discovery_sdram.o
    0x20010404   0x00000028   Zero   RW          658    .bss                stm32746g_discovery_ts.o
    0x2001042c   0x00000004   PAD
    0x20010430   0x00000ee8   Zero   RW          806    .bss                rtx_conf_cm.o
    0x20011318   0x00000028   Zero   RW         3310    .bss                gui_x_rte.o
    0x20011340   0x00010000   Zero   RW         3400    .bss                guiconf.o
    0x20021340   0x000004e8   Zero   RW         3464    .bss                lcdconf.o
    0x20021828   0x00000034   Zero   RW         4335    .bss                RTX_CM4.lib(rt_task.o)
    0x2002185c   0x000000cc   Zero   RW         4661    .bss                GUI_CM4F_L.lib(gui_alloc.o)
    0x20021928   0x00000070   Zero   RW         4717    .bss                GUI_CM4F_L.lib(gui_core.o)
    0x20021998   0x00000030   Zero   RW         5380    .bss                RTX_CM4.lib(rt_list.o)
    0x200219c8   0x00000018   Zero   RW         6094    .bss                GUI_CM4F_L.lib(wm.o)
    0x200219e0   0x00000058   Zero   RW         6249    .bss                GUI_CM4F_L.lib(gui_onkey.o)
    0x20021a38   0x00000048   Zero   RW         6536    .bss                GUI_CM4F_L.lib(wm_touch.o)
    0x20021a80   0x00000060   Zero   RW         7275    .bss                c_w.l(libspace.o)
    0x20021ae0   0x000000e4   Zero   RW         7281    .bss                c_w.l(rand.o)
    0x20021bc4   0x00000004   PAD
    0x20021bc8   0x00000200   Zero   RW         3252    HEAP                startup_stm32f746xx.o
    0x20021dc8   0x00000400   Zero   RW         3251    STACK               startup_stm32f746xx.o



  Load Region LR$$.ARM.__AT_0x20000000 (Base: 0x20000000, Size: 0x00000000, Max: 0x00005a00, ABSOLUTE)

    Execution Region ER$$.ARM.__AT_0x20000000 (Base: 0x20000000, Size: 0x00005a00, Max: 0x00005a00, ABSOLUTE, UNINIT)

    Base Addr    Size         Type   Attr      Idx    E Section Name        Object

    0x20000000   0x00005a00   Zero   RW         3462    .ARM.__AT_0x20000000  lcdconf.o



  Load Region LR$$.ARM.__AT_0xC0000000 (Base: 0xc0000000, Size: 0x00000000, Max: 0x0005fa00, ABSOLUTE)

    Execution Region ER$$.ARM.__AT_0xC0000000 (Base: 0xc0000000, Size: 0x0005fa00, Max: 0x0005fa00, ABSOLUTE, UNINIT)

    Base Addr    Size         Type   Attr      Idx    E Section Name        Object

    0xc0000000   0x0005fa00   Zero   RW         3463    .ARM.__AT_0xC0000000  lcdconf.o


==============================================================================

Image component sizes


      Code (inc. data)   RO Data    RW Data    ZI Data      Debug   Object Name

         0          0        836          0          0        641   bluebird.o
       900         52          0         46          0      17867   ft5336.o
       130         30         12         16         40       9144   gui_x_rte.o
        28          8          0          0      65536        551   guiconf.o
       368         42          0          0          0       2646   lcd_x.o
      3876        522          8         44     415976      38851   lcdconf.o
       796         30          0          0          0     894903   main.o
       126         26        104         20       3816       9447   rtx_conf_cm.o
        64         26        456          0       1536        884   startup_stm32f746xx.o
       676         48          0          0        152       8352   stm32746g_discovery.o
       748         66          0          2        288       4748   stm32746g_discovery_sdram.o
       768         62          0         10         40       5862   stm32746g_discovery_ts.o
       108         10          0          0          0       3236   stm32f7xx_hal.o
       304         22          0          0          0      38603   stm32f7xx_hal_cortex.o
       568         10          8          0          0       3764   stm32f7xx_hal_dma.o
       548         52          0          0          0       2576   stm32f7xx_hal_gpio.o
      1922         24          0          0          0      14588   stm32f7xx_hal_i2c.o
      2178         12          0          0          0      14248   stm32f7xx_hal_ltdc.o
       144          8          0          0          0       1392   stm32f7xx_hal_pwr_ex.o
      1872         40          0          0          0       3972   stm32f7xx_hal_rcc.o
      2328         26          0          0          0       2376   stm32f7xx_hal_rcc_ex.o
       164          0          0          0          0       3520   stm32f7xx_hal_sdram.o
       368          4          0          0          0       3744   stm32f7xx_ll_fmc.o
       100         18         24          4          0       1419   system_stm32f7xx.o
        88          0          0          0          0       2100   touch_746g_discovery.o

    ----------------------------------------------------------------------
     19190       1138       1480        144     487388    1089434   Object Totals
         0          0         32          0          0          0   (incl. Generated)
        18          0          0          2          4          0   (incl. Padding)

    ----------------------------------------------------------------------

      Code (inc. data)   RO Data    RW Data    ZI Data      Debug   Library Member Name

         0          0       1816          0          0          0   f6x8.o
       128          4          0          0          0        132   gui_2dlib.o
       898         56          0         48          0       1148   gui__alpha.o
       372          0          0          0          0        260   gui__compactpixelindices.o
         0          0         16          0          0          0   gui__divtbl_15_255.o
         0          0        256          0          0          0   gui__divtbl_255_15.o
         0          0        256          0          0          0   gui__divtbl_255_31.o
         0          0        256          0          0          0   gui__divtbl_255_63.o
         0          0         32          0          0          0   gui__divtbl_31_255.o
         0          0         64          0          0          0   gui__divtbl_63_255.o
       322          0          0          0          0        156   gui__expandpixelindices.o
        58          0          0          0          0        116   gui__intersectrect.o
        82          0          0          0          0        128   gui__intersectrects.o
        76          0          0          0          0        124   gui__memset.o
      1626         78          0          0        204       2384   gui_alloc.o
        46          0          0          0          0        128   gui_alloc_alloczero.o
        60          0          0          0          0        124   gui_calccolordist.o
       394         12          0          0          0        492   gui_charm.o
       480         66          8         65        112       1120   gui_core.o
       370         22          0          0          0        984   gui_device.o
       244         14          0          0          0        280   gui_drawbitmap.o
      1542         44         16         12          0        832   gui_drawbitmap_8888.o
        24          0          0          0          0        124   gui_getcolor.o
        24          4          0          0          0        124   gui_getdrawmode.o
        66         12          0          0          0        360   gui_goto.o
        88          0          0          0          0        124   gui_mergerect.o
        30          0          0          0          0        116   gui_moverect.o
        44          6          0         48          0        116   gui_multibuf.o
        16          4          0         16         88        116   gui_onkey.o
        56          0          0          0          0        116   gui_rectsintersect.o
        96         10          0          0          0        256   gui_selectlayer.o
        26          0          0          0          0        128   gui_selectlcd.o
        44          0          0          0          0        256   gui_setcolor.o
        36          4          0          0          0        128   gui_setcolorindex.o
        24          0          0          0          0        124   gui_setdrawmode.o
        64         16          0          0          0        136   gui_setorg.o
       376         42          0         28          0        764   gui_task.o
        18          0         16          0          0        464   gui_uc_encodenone.o
        16          4          0         12          0        116   gui_waitevent.o
       198          0         24          0          0        388   guicc_0.o
       172          0         24          0          0        376   guicc_16.o
       228         36         24          0          0        636   guicc_1616i.o
       190          0         24          0          0        356   guicc_8666.o
       194         18         24          0          0        636   guicc_88666i.o
         2          0          0          0          0        116   guicc_8888_index2color.o
         2          0          0          0          0        116   guicc_888_index2color.o
       290         32         24          8          0        768   guicc_m1555i.o
       312         22         24          8          0        768   guicc_m4444i.o
       258         46         24          8          0        652   guicc_m565.o
       142         16         24          8          0        636   guicc_m888.o
       184         12         24          8          0        644   guicc_m8888i.o
        30          0          0          0          0        124   guicc_m8888i_index2color.o
        20          0          0          0          0        116   guicc_m888_index2color.o
        72          6          0          0          0        128   guidev.o
      2374         62        116          0          0       2256   guidev_32.o
        40          0          0          0          0        128   guidev_getdataptr.o
        84          0          0          0          0        260   guidev_usage.o
       416         22          0          0          0        272   guidev_writetoactivealpha.o
      5414        182         52          0          0       4536   guidrv_lin_24.o
      1294        106         12          4          0       2152   lcd.o
       276         30          0         16          0        748   lcd_color.o
        16          6          0          0          0        116   lcd_getcolorindex.o
       320         54          0          8          0       2824   lcd_getex.o
        26          0          0          0          0        128   lcd_getnumdisplays.o
        96         10          0          0          0        132   lcd_getp.o
        14          0          0          0          0        128   lcd_getpixelcolor.o
         0          0        256          0          0          0   lcd_mirror.o
       504         18          0          0          0        280   lcd_readrect.o
        64          8          0          0          0        128   lcd_selectlcd.o
       260          0          0          0          0        788   lcd_set.o
        48         10          0          0          0        128   lcd_setcliprectex.o
        36          4          0          0          0        128   lcd_updatecolorindices.o
      3072        148          0        100         24       4108   wm.o
        18          0          0          0          0        124   wm__getfirstsibling.o
        36          0          0          0          0        128   wm__getprevsibling.o
        60          6          0          4          0        136   wm__sendmessage.o
       136          0          0          0          0        140   wm_bringtobottom.o
        16          6          0          0          0        116   wm_criticalhandle.o
        32          0          0          0          0        128   wm_getclientrect.o
        24         10          0          0          0        116   wm_getdesktopwindow.o
        26          0          0          0          0        124   wm_getfirstchild.o
        26          0          0          0          0        124   wm_getparent.o
        38          0          0          0          0        140   wm_sendtoparent.o
         0          0          0          0         72          0   wm_touch.o
       268         24          0          1          0       4524   hal_cm.o
       408         34          0          0          0        824   hal_cm4.o
      1672        196          0          8          0      44178   rt_cmsis.o
        80          4          0          0          0        709   rt_event.o
       530         34          0          0         48       8685   rt_list.o
       554         10          0          0          0       4237   rt_mailbox.o
       140          0          0          0          0       2069   rt_membox.o
       128          0          0          0          0       2451   rt_memory.o
       352         14          0          0          0       2249   rt_mutex.o
        96         22          0          8          0       1254   rt_robin.o
        52          4          0          0          0        621   rt_semaphore.o
       298         52          0          8          0       6511   rt_system.o
      1216        174          0          8         52      10129   rt_task.o
         6          0          0          4          0        700   rt_time.o
         4          4          0          0          0        208   svc_table.o
        90          0          0          0          0          0   __dczerorl2.o
         8          0          0          0          0         68   __main.o
         0          0          0          0          0          0   __rtentry.o
        20          0          0          0          0          0   __rtentry2.o
         6          0          0          0          0          0   __rtentry4.o
        52          8          0          0          0          0   __scatter.o
        28          0          0          0          0          0   __scatter_zi.o
        18          0          0          0          0         80   exit.o
         6          0          0          0          0        152   heapauxi.o
         0          0          0          0          0          0   indicate_semi.o
         2          0          0          0          0          0   libinit.o
        10          0          0          0          0          0   libinit2.o
         2          0          0          0          0          0   libshutdown.o
         2          0          0          0          0          0   libshutdown2.o
         8          4          0          0         96         68   libspace.o
       238          0          0          0          0        100   lludivv7m.o
       112         18          0          0        228        160   rand.o
        78          0          0          0          0         80   rt_memclr_w.o
       138          0          0          0          0         68   rt_memcpy_v6.o
       100          0          0          0          0         80   rt_memcpy_w.o
       132          0          0          0          0         68   rt_memmove_v6.o
       122          0          0          0          0         80   rt_memmove_w.o
         2          0          0          0          0          0   rtexit.o
        10          0          0          0          0          0   rtexit2.o
        12          4          0          0          0         68   sys_exit.o
        74          0          0          0          0         80   sys_stackheap_outer.o
         2          0          0          0          0         68   use_no_semi.o
        10          0          0          0          0        116   fpinit.o

    ----------------------------------------------------------------------
     31978       1874       3412        444        928     129637   Library Totals
        86          0          0          6          4          0   (incl. Padding)

    ----------------------------------------------------------------------

      Code (inc. data)   RO Data    RW Data    ZI Data      Debug   Library Name

     24806       1268       3412        401        500      38952   GUI_CM4F_L.lib
      5804        572          0         37        100      89349   RTX_CM4.lib
      1272         34          0          0        324       1220   c_w.l
        10          0          0          0          0        116   fz_wm.l

    ----------------------------------------------------------------------
     31978       1874       3412        444        928     129637   Library Totals

    ----------------------------------------------------------------------

==============================================================================


      Code (inc. data)   RO Data    RW Data    ZI Data      Debug   

     51168       3012       4892        588     488316    1162999   Grand Totals
     51168       3012       4892        116     488316    1162999   ELF Image Totals (compressed)
     51168       3012       4892        116          0          0   ROM Totals

==============================================================================

    Total RO  Size (Code + RO Data)                56060 (  54.75kB)
    Total RW  Size (RW Data + ZI Data)            488904 ( 477.45kB)
    Total ROM Size (Code + RO Data + RW Data)      56176 (  54.86kB)

==============================================================================

